Archive member included to satisfy reference by file (symbol)

C:/Users/xeeen/ON_Semiconductor/PACK/ONSemiconductor/RSL10/3.7.606/lib/ble_core/Release/libblelib.a(prf-prf_utils.o)
                              ./code/ble_basc.o (prf_env_get)
C:/Users/xeeen/ON_Semiconductor/PACK/ONSemiconductor/RSL10/3.7.606/lib/ble_core/Release/libblelib.a(rwip.o)
                              ./code/ble_std.o (BLE_InitNoTL)
C:/Users/xeeen/ON_Semiconductor/PACK/ONSemiconductor/RSL10/3.7.606/lib/ble_core/Release/libblelib.a(rf_atlas.o)
                              C:/Users/xeeen/ON_Semiconductor/PACK/ONSemiconductor/RSL10/3.7.606/lib/ble_core/Release/libblelib.a(rwip.o) (rf_init)
C:/Users/xeeen/ON_Semiconductor/PACK/ONSemiconductor/RSL10/3.7.606/lib/ble_core/Release/libblelib.a(ecc_p256.o)
                              C:/Users/xeeen/ON_Semiconductor/PACK/ONSemiconductor/RSL10/3.7.606/lib/ble_core/Release/libblelib.a(rwip.o) (ecc_init)
C:/Users/xeeen/ON_Semiconductor/PACK/ONSemiconductor/RSL10/3.7.606/lib/ble_core/Release/libblelib.a(hci.o)
                              C:/Users/xeeen/ON_Semiconductor/PACK/ONSemiconductor/RSL10/3.7.606/lib/ble_core/Release/libblelib.a(rwip.o) (hci_init)
C:/Users/xeeen/ON_Semiconductor/PACK/ONSemiconductor/RSL10/3.7.606/lib/ble_core/Release/libblelib.a(hci_fc.o)
                              C:/Users/xeeen/ON_Semiconductor/PACK/ONSemiconductor/RSL10/3.7.606/lib/ble_core/Release/libblelib.a(hci.o) (hci_fc_init)
C:/Users/xeeen/ON_Semiconductor/PACK/ONSemiconductor/RSL10/3.7.606/lib/ble_core/Release/libblelib.a(hci_msg.o)
                              C:/Users/xeeen/ON_Semiconductor/PACK/ONSemiconductor/RSL10/3.7.606/lib/ble_core/Release/libblelib.a(hci.o) (hci_look_for_cmd_desc)
C:/Users/xeeen/ON_Semiconductor/PACK/ONSemiconductor/RSL10/3.7.606/lib/ble_core/Release/libblelib.a(ea.o)
                              C:/Users/xeeen/ON_Semiconductor/PACK/ONSemiconductor/RSL10/3.7.606/lib/ble_core/Release/libblelib.a(rwip.o) (ea_init)
C:/Users/xeeen/ON_Semiconductor/PACK/ONSemiconductor/RSL10/3.7.606/lib/ble_core/Release/libblelib.a(rwble.o)
                              C:/Users/xeeen/ON_Semiconductor/PACK/ONSemiconductor/RSL10/3.7.606/lib/ble_core/Release/libblelib.a(rwip.o) (rwble_init)
C:/Users/xeeen/ON_Semiconductor/PACK/ONSemiconductor/RSL10/3.7.606/lib/ble_core/Release/libblelib.a(llm.o)
                              C:/Users/xeeen/ON_Semiconductor/PACK/ONSemiconductor/RSL10/3.7.606/lib/ble_core/Release/libblelib.a(rwble.o) (llm_ble_ready)
C:/Users/xeeen/ON_Semiconductor/PACK/ONSemiconductor/RSL10/3.7.606/lib/ble_core/Release/libblelib.a(llm_task.o)
                              C:/Users/xeeen/ON_Semiconductor/PACK/ONSemiconductor/RSL10/3.7.606/lib/ble_core/Release/libblelib.a(llm.o) (llm_state)
C:/Users/xeeen/ON_Semiconductor/PACK/ONSemiconductor/RSL10/3.7.606/lib/ble_core/Release/libblelib.a(llm_util.o)
                              C:/Users/xeeen/ON_Semiconductor/PACK/ONSemiconductor/RSL10/3.7.606/lib/ble_core/Release/libblelib.a(llm.o) (llm_util_bd_addr_wl_position)
C:/Users/xeeen/ON_Semiconductor/PACK/ONSemiconductor/RSL10/3.7.606/lib/ble_core/Release/libblelib.a(lld.o)
                              C:/Users/xeeen/ON_Semiconductor/PACK/ONSemiconductor/RSL10/3.7.606/lib/ble_core/Release/libblelib.a(rwble.o) (lld_init)
C:/Users/xeeen/ON_Semiconductor/PACK/ONSemiconductor/RSL10/3.7.606/lib/ble_core/Release/libblelib.a(lld_evt.o)
                              C:/Users/xeeen/ON_Semiconductor/PACK/ONSemiconductor/RSL10/3.7.606/lib/ble_core/Release/libblelib.a(lld.o) (lld_evt_prevent_stop)
C:/Users/xeeen/ON_Semiconductor/PACK/ONSemiconductor/RSL10/3.7.606/lib/ble_core/Release/libblelib.a(lld_pdu.o)
                              C:/Users/xeeen/ON_Semiconductor/PACK/ONSemiconductor/RSL10/3.7.606/lib/ble_core/Release/libblelib.a(lld_evt.o) (lld_pdu_check)
C:/Users/xeeen/ON_Semiconductor/PACK/ONSemiconductor/RSL10/3.7.606/lib/ble_core/Release/libblelib.a(lld_sleep.o)
                              C:/Users/xeeen/ON_Semiconductor/PACK/ONSemiconductor/RSL10/3.7.606/lib/ble_core/Release/libblelib.a(lld.o) (lld_sleep_init)
C:/Users/xeeen/ON_Semiconductor/PACK/ONSemiconductor/RSL10/3.7.606/lib/ble_core/Release/libblelib.a(lld_util.o)
                              C:/Users/xeeen/ON_Semiconductor/PACK/ONSemiconductor/RSL10/3.7.606/lib/ble_core/Release/libblelib.a(llm_util.o) (lld_util_set_bd_address)
C:/Users/xeeen/ON_Semiconductor/PACK/ONSemiconductor/RSL10/3.7.606/lib/ble_core/Release/libblelib.a(lld_wlcoex.o)
                              C:/Users/xeeen/ON_Semiconductor/PACK/ONSemiconductor/RSL10/3.7.606/lib/ble_core/Release/libblelib.a(rwip.o) (lld_wlcoex_set)
C:/Users/xeeen/ON_Semiconductor/PACK/ONSemiconductor/RSL10/3.7.606/lib/ble_core/Release/libblelib.a(llc.o)
                              C:/Users/xeeen/ON_Semiconductor/PACK/ONSemiconductor/RSL10/3.7.606/lib/ble_core/Release/libblelib.a(rwble.o) (llc_init)
[...]
Memory Configuration

Name             Origin             Length             Attributes
ROM              0x00000000         0x00001000         r
FLASH            0x00100000         0x0005f000         xrw
PRAM             0x00200000         0x00008000         xrw
DRAM             0x20000000         0x00008000         xrw
DRAM_DSP         0x20008000         0x0000a000         xrw
DRAM_BB          0x20012000         0x00004000         xrw
*default*        0x00000000         0xffffffff

Linker script and memory map

START GROUP
LOAD ./code/app_bass.o
LOAD ./code/app_init.o
LOAD ./code/app_process.o
LOAD ./code/ble_basc.o
LOAD ./code/ble_custom.o
LOAD ./code/ble_std.o
LOAD ./code/uart.o
LOAD ./code/ui_handler.o
LOAD ./RTE/Utility/SEGGER_RTT.o
LOAD ./RTE/Utility/SEGGER_RTT_ASM_ARMv7M.o
LOAD ./RTE/Utility/SEGGER_RTT_printf.o
LOAD ./RTE/Utility/printf.o
LOAD ./RTE/Device/RSL10/rsl10_protocol.o
LOAD ./RTE/Device/RSL10/rsl10_romvect.o
LOAD ./RTE/Device/RSL10/rsl10_sys_asrc.o
LOAD ./RTE/Device/RSL10/rsl10_sys_audio.o
LOAD ./RTE/Device/RSL10/rsl10_sys_clocks.o
LOAD ./RTE/Device/RSL10/rsl10_sys_crc.o
LOAD ./RTE/Device/RSL10/rsl10_sys_dma.o
LOAD ./RTE/Device/RSL10/rsl10_sys_flash.o
LOAD ./RTE/Device/RSL10/rsl10_sys_power.o
LOAD ./RTE/Device/RSL10/rsl10_sys_power_modes.o
LOAD ./RTE/Device/RSL10/rsl10_sys_rffe.o
LOAD ./RTE/Device/RSL10/rsl10_sys_timers.o
LOAD ./RTE/Device/RSL10/rsl10_sys_uart.o
LOAD ./RTE/Device/RSL10/rsl10_sys_version.o
LOAD ./RTE/Device/RSL10/sbrk.o
LOAD ./RTE/Device/RSL10/start.o
LOAD ./RTE/Device/RSL10/startup_rsl10.o
LOAD ./RTE/Device/RSL10/system_rsl10.o
LOAD ./RTE/Device/stubprf.o
LOAD ./app.o
LOAD C:/Users/xeeen/ON_Semiconductor/PACK/ONSemiconductor/RSL10/3.7.606/lib/ble_core/Release/libblelib.a
LOAD C:/Users/xeeen/ON_Semiconductor/PACK/ONSemiconductor/RSL10/3.7.606/lib/ble_core/Release/libkelib.a
LOAD C:/Users/xeeen/ON_Semiconductor/PACK/ONSemiconductor/RSL10/3.7.606/lib/ble_profiles/Release/libbasc.a
END GROUP
START GROUP
LOAD c:/program files (x86)/on semiconductor/ide_v3.4.0.48/arm_tools/bin/../lib/gcc/arm-none-eabi/10.2.1/thumb/v7-m/nofp\libgcc.a
LOAD c:/program files (x86)/on semiconductor/ide_v3.4.0.48/arm_tools/bin/../lib/gcc/arm-none-eabi/10.2.1/../../../../arm-none-eabi/lib/thumb/v7-m/nofp\libg_nano.a
LOAD c:/program files (x86)/on semiconductor/ide_v3.4.0.48/arm_tools/bin/../lib/gcc/arm-none-eabi/10.2.1/../../../../arm-none-eabi/lib/thumb/v7-m/nofp\libc_nano.a
END GROUP
START GROUP
LOAD c:/program files (x86)/on semiconductor/ide_v3.4.0.48/arm_tools/bin/../lib/gcc/arm-none-eabi/10.2.1/thumb/v7-m/nofp\libgcc.a
LOAD c:/program files (x86)/on semiconductor/ide_v3.4.0.48/arm_tools/bin/../lib/gcc/arm-none-eabi/10.2.1/../../../../arm-none-eabi/lib/thumb/v7-m/nofp\libc_nano.a
LOAD c:/program files (x86)/on semiconductor/ide_v3.4.0.48/arm_tools/bin/../lib/gcc/arm-none-eabi/10.2.1/../../../../arm-none-eabi/lib/thumb/v7-m/nofp\libnosys.a
END GROUP
START GROUP
LOAD c:/program files (x86)/on semiconductor/ide_v3.4.0.48/arm_tools/bin/../lib/gcc/arm-none-eabi/10.2.1/thumb/v7-m/nofp\libgcc.a
LOAD c:/program files (x86)/on semiconductor/ide_v3.4.0.48/arm_tools/bin/../lib/gcc/arm-none-eabi/10.2.1/../../../../arm-none-eabi/lib/thumb/v7-m/nofp\libc_nano.a
LOAD c:/program files (x86)/on semiconductor/ide_v3.4.0.48/arm_tools/bin/../lib/gcc/arm-none-eabi/10.2.1/../../../../arm-none-eabi/lib/thumb/v7-m/nofp\libnosys.a
END GROUP
                0x20008000                __stack = (ORIGIN (DRAM) + LENGTH (DRAM))
                [!provide]                PROVIDE (__stack = __stack)
                0x00000400                __Main_Stack_Size = 0x400
                [!provide]                PROVIDE (_Main_Stack_Size = __Main_Stack_Size)
                0x20007c00                __Main_Stack_Limit = (__stack - __Main_Stack_Size)
                [!provide]                PROVIDE (_Main_Stack_Limit = __Main_Stack_Limit)
                0x2000564c                PROVIDE (__Heap_Begin__ = __noinit_end__)
                0x20007c00                PROVIDE (__Heap_Limit__ = (__stack - __Main_Stack_Size))
                0xe000ed08                __VTOR = 0xe000ed08

.text           0x00100000    0x26484
                0x00100000                . = ALIGN (0x4)
 *(.interrupt_vector)
 .interrupt_vector
                0x00100000      0x158 ./RTE/Device/RSL10/startup_rsl10.o
                0x00100000                ISR_Vector_Table
 *(.reset)
 .reset         0x00100158       0x18 ./RTE/Device/RSL10/startup_rsl10.o
                0x00100158                Reset_Handler
                0x00100170                . = ALIGN (0x4)
                0x00100170                PROVIDE (__preinit_array_start__ = .)
 *(.preinit_array_sysinit .preinit_array_sysinit.*)
 *(.preinit_array_platform .preinit_array_platform.*)
 *(.preinit_array .preinit_array.*)
                0x00100170                PROVIDE (__preinit_array_end__ = .)
                0x00100170                . = ALIGN (0x4)
                0x00100170                PROVIDE (__init_array_start__ = .)
 *(SORT_BY_NAME(.init_array.*))
 *(.init_array)
                0x00100170                PROVIDE (__init_array_end__ = .)
                0x00100170                . = ALIGN (0x4)
 *(.text .text.*)
 .text.__NVIC_EnableIRQ
                0x00100170       0x38 ./code/app_bass.o
 .text.Sys_DIO_Config
                0x001001a8       0x24 ./code/app_bass.o
 .text.Sys_ADC_Set_Config
                0x001001cc       0x20 ./code/app_bass.o
 .text.Sys_ADC_Set_BATMONConfig
                0x001001ec       0x24 ./code/app_bass.o
 .text.Sys_ADC_Set_BATMONIntConfig
                0x00100210       0x20 ./code/app_bass.o
 .text.Sys_ADC_Clear_BATMONStatus
                0x00100230       0x18 ./code/app_bass.o
 .text.Sys_ADC_Get_BATMONStatus
                0x00100248       0x14 ./code/app_bass.o
 .text.Sys_ADC_InputSelectConfig
                0x0010025c       0x24 ./code/app_bass.o
 .text.APP_BASS_SetBatMonAlarm
                0x00100280       0x4c ./code/app_bass.o
                0x00100280                APP_BASS_SetBatMonAlarm
 .text.ADC_BATMON_IRQHandler
                0x001002cc       0x34 ./code/app_bass.o
                0x001002cc                ADC_BATMON_IRQHandler
 .text.Sys_DIO_Config
                0x00100300       0x24 ./code/app_init.o
 .text.Sys_Clocks_SystemClkConfig
                0x00100324       0x34 ./code/app_init.o
 .text.Sys_NVIC_DisableAllInt
                0x00100358       0x30 ./code/app_init.o
 .text.Sys_NVIC_ClearAllPendingInt
                0x00100388       0x30 ./code/app_init.o
 .text.App_Initialize
                0x001003b8      0x168 ./code/app_init.o
                0x001003b8                App_Initialize
 .text.App_Env_Initialize
                0x00100520       0x2c ./code/app_init.o
                0x00100520                App_Env_Initialize
 .text.Sys_GPIO_Set_High
                0x0010054c       0x3c ./code/app_process.o
 .text.Sys_GPIO_Toggle
                0x00100588       0x3c ./code/app_process.o
 .text.APP_Timer
                0x001005c4       0x4c ./code/app_process.o
                0x001005c4                APP_Timer
 .text.LED_Timer
                0x00100610       0x48 ./code/app_process.o
                0x00100610                LED_Timer
 .text.Msg_Handler
                0x00100658       0x24 ./code/app_process.o
                0x00100658                Msg_Handler
 .text.Sys_GPIO_Toggle
                0x0010067c       0x3c ./code/ble_basc.o
 .text.Basc_Env_Initialize
                0x001006b8       0x24 ./code/ble_basc.o
                0x001006b8                Basc_Env_Initialize
 .text.Batt_ServiceAdd_Client
                0x001006dc       0x42 ./code/ble_basc.o
                0x001006dc                Batt_ServiceAdd_Client
 *fill*         0x0010071e        0x2 
 .text.Batt_ServiceEnable_Client
                0x00100720       0x64 ./code/ble_basc.o
                0x00100720                Batt_ServiceEnable_Client
 .text.Batt_ReadInfoRsp
                0x00100784       0x88 ./code/ble_basc.o
                0x00100784                Batt_ReadInfoRsp
 .text.Batt_LevelInd
                0x0010080c       0x38 ./code/ble_basc.o
                0x0010080c                Batt_LevelInd
 .text.Batt_LevelNtfCfgRsp
                0x00100844       0x48 ./code/ble_basc.o
                0x00100844                Batt_LevelNtfCfgRsp
 .text.Batt_EnableRsp_Client
                0x0010088c       0x7c ./code/ble_basc.o
                0x0010088c                Batt_EnableRsp_Client
 .text.Batt_SendLevelNtfCfgReq
                0x00100908       0x64 ./code/ble_basc.o
                0x00100908                Batt_SendLevelNtfCfgReq
 .text.CustomService_Env_Initialize
                0x0010096c       0x28 ./code/ble_custom.o
                0x0010096c                CustomService_Env_Initialize
 .text.CustomService_ServiceEnable
                0x00100994       0x78 ./code/ble_custom.o
                0x00100994                CustomService_ServiceEnable
 .text.GATTC_DiscCharInd
                0x00100a0c      0x228 ./code/ble_custom.o
                0x00100a0c                GATTC_DiscCharInd
 .text.GATTC_CmpEvt
                0x00100c34      0x10c ./code/ble_custom.o
                0x00100c34                GATTC_CmpEvt
 .text.GATTC_DiscSvcInd
                0x00100d40      0x128 ./code/ble_custom.o
                0x00100d40                GATTC_DiscSvcInd
 .text.GATTC_ReadInd
                0x00100e68       0xd0 ./code/ble_custom.o
                0x00100e68                GATTC_ReadInd
 .text.GATTC_EvtInd
                0x00100f38      0x1c4 ./code/ble_custom.o
                0x00100f38                GATTC_EvtInd
 .text.CustomSrvice_SendWrite
                0x001010fc       0xc8 ./code/ble_custom.o
                0x001010fc                CustomSrvice_SendWrite
 .text.CustomSrvice_SendReadCmd
                0x001011c4       0x66 ./code/ble_custom.o
                0x001011c4                CustomSrvice_SendReadCmd
 *fill*         0x0010122a        0x2 
 .text.J10_SendReadCmd
                0x0010122c      0x104 ./code/ble_custom.o
                0x0010122c                J10_SendReadCmd
 .text.J10_SendWriteCmd
                0x00101330      0x118 ./code/ble_custom.o
                0x00101330                J10_SendWriteCmd
 .text.__NVIC_EnableIRQ
                0x00101448       0x38 ./code/ble_std.o
 .text.Device_Param_Prepare
                0x00101480       0x48 ./code/ble_std.o
                0x00101480                Device_Param_Prepare
 .text.BLE_Initialize
                0x001014c8      0x188 ./code/ble_std.o
                0x001014c8                BLE_Initialize
 .text.Service_Add
                0x00101650       0x40 ./code/ble_std.o
                0x00101650                Service_Add
 .text.GAPM_ProfileAddedInd
                0x00101690       0x50 ./code/ble_std.o
                0x00101690                GAPM_ProfileAddedInd
 .text.GAPM_CmpEvt
                0x001016e0       0xbc ./code/ble_std.o
                0x001016e0                GAPM_CmpEvt
 .text.GAPC_ConnectionReqInd
                0x0010179c      0x180 ./code/ble_std.o
                0x0010179c                GAPC_ConnectionReqInd
 .text.GAPC_CmpEvt
                0x0010191c       0x24 ./code/ble_std.o
                0x0010191c                GAPC_CmpEvt
 .text.GAPC_DisconnectInd
                0x00101940       0x7c ./code/ble_std.o
                0x00101940                GAPC_DisconnectInd
 .text.GAPC_ParamUpdatedInd
                0x001019bc       0x8c ./code/ble_std.o
                0x001019bc                GAPC_ParamUpdatedInd
 .text.GAPC_ParamUpdateReqInd
                0x00101a48       0x94 ./code/ble_std.o
                0x00101a48                GAPC_ParamUpdateReqInd
 .text.Connection_SendStartCmd
                0x00101adc       0x60 ./code/ble_std.o
                0x00101adc                Connection_SendStartCmd
 .text.BLE_SetServiceState
                0x00101b3c       0x78 ./code/ble_std.o
                0x00101b3c                BLE_SetServiceState
 .text.Service_Enable
                0x00101bb4       0x9c ./code/ble_std.o
                0x00101bb4                Service_Enable
 .text.Connection_SetPktLength
                0x00101c50       0x54 ./code/ble_std.o
                0x00101c50                Connection_SetPktLength
 .text.Connection_ExchangeMTUCmd
                0x00101ca4       0x40 ./code/ble_std.o
                0x00101ca4                Connection_ExchangeMTUCmd
 .text.Connection_SetPHY
                0x00101ce4       0x4e ./code/ble_std.o
                0x00101ce4                Connection_SetPHY
 *fill*         0x00101d32        0x2 
 .text.Find_Ble_Env
                0x00101d34       0x38 ./code/ble_std.o
                0x00101d34                Find_Ble_Env
 .text.__NVIC_EnableIRQ
                0x00101d6c       0x38 ./code/uart.o
 .text.Sys_DIO_Config
                0x00101da4       0x24 ./code/uart.o
 .text.Sys_DMA_Get_ChannelStatus
                0x00101dc8       0x24 ./code/uart.o
 .text.Sys_DMA_ClearChannelStatus
                0x00101dec       0x24 ./code/uart.o
 .text.Sys_DMA_ChannelDisable
                0x00101e10       0x22 ./code/uart.o
 *fill*         0x00101e32        0x2 
 .text.Sys_UART_DIOConfig
                0x00101e34       0x3c ./code/uart.o
 .text.DMA1_IRQHandler
                0x00101e70        0xc ./code/uart.o
                0x00101e70                DMA1_IRQHandler
 .text.UART_Initialize
                0x00101e7c       0x80 ./code/uart.o
                0x00101e7c                UART_Initialize
 .text.UART_EmptyRXBuffer
                0x00101efc      0x18c ./code/uart.o
                0x00101efc                UART_EmptyRXBuffer
 .text.UART_FillTXBuffer
                0x00102088      0x124 ./code/uart.o
                0x00102088                UART_FillTXBuffer
 .text.createNode
                0x001021ac       0x48 ./code/uart.o
                0x001021ac                createNode
 .text.removeNode
                0x001021f4       0x22 ./code/uart.o
                0x001021f4                removeNode
 *fill*         0x00102216        0x2 
 .text.UART_Timer
                0x00102218       0x38 ./code/uart.o
                0x00102218                UART_Timer
 .text._DoInit  0x00102250       0xb0 ./RTE/Utility/SEGGER_RTT.o
 .text._WriteBlocking
                0x00102300       0xb6 ./RTE/Utility/SEGGER_RTT.o
 .text._WriteNoCheck
                0x001023b6       0x88 ./RTE/Utility/SEGGER_RTT.o
 .text._GetAvailWriteSpace
                0x0010243e       0x44 ./RTE/Utility/SEGGER_RTT.o
 *fill*         0x00102482        0x2 
 .text.SEGGER_RTT_WriteNoLock
                0x00102484       0xa0 ./RTE/Utility/SEGGER_RTT.o
                0x00102484                SEGGER_RTT_WriteNoLock
 .text.SEGGER_RTT_Write
                0x00102524       0x4c ./RTE/Utility/SEGGER_RTT.o
                0x00102524                SEGGER_RTT_Write
 .text.SEGGER_RTT_Init
                0x00102570        0xc ./RTE/Utility/SEGGER_RTT.o
                0x00102570                SEGGER_RTT_Init
 .text._StoreChar
                0x0010257c       0x7c ./RTE/Utility/SEGGER_RTT_printf.o
 .text._PrintUnsigned
                0x001025f8      0x15c ./RTE/Utility/SEGGER_RTT_printf.o
 .text._PrintInt
                0x00102754      0x14e ./RTE/Utility/SEGGER_RTT_printf.o
 *fill*         0x001028a2        0x2 
 .text.SEGGER_RTT_vprintf
                0x001028a4      0x3a8 ./RTE/Utility/SEGGER_RTT_printf.o
                0x001028a4                SEGGER_RTT_vprintf
 .text.SEGGER_RTT_printf
                0x00102c4c       0x30 ./RTE/Utility/SEGGER_RTT_printf.o
                0x00102c4c                SEGGER_RTT_printf
 .text.printf_init
                0x00102c7c        0xc ./RTE/Utility/printf.o
                0x00102c7c                printf_init
 .text.Device_Param_Read
                0x00102c88      0x320 ./RTE/Device/RSL10/rsl10_protocol.o
                0x00102c88                Device_Param_Read
 .text.BLE_DeviceParam_Set_MaxRxOctet
                0x00102fa8       0x60 ./RTE/Device/RSL10/rsl10_protocol.o
                0x00102fa8                BLE_DeviceParam_Set_MaxRxOctet
 .text.BLE_DeviceParam_Set_AdvDelay
                0x00103008       0x2c ./RTE/Device/RSL10/rsl10_protocol.o
                0x00103008                BLE_DeviceParam_Set_AdvDelay
 .text.BLE_DeviceParam_Set_SlaveLatencyDelay
                0x00103034       0x20 ./RTE/Device/RSL10/rsl10_protocol.o
                0x00103034                BLE_DeviceParam_Set_SlaveLatencyDelay
 .text.Sys_DMA_ChannelConfig
                0x00103054       0x60 ./RTE/Device/RSL10/rsl10_sys_dma.o
                0x00103054                Sys_DMA_ChannelConfig
 .text.Sys_GetTrim
                0x001030b4       0x24 ./RTE/Device/RSL10/rsl10_sys_power.o
 .text.Sys_Power_VDDRFCalibratedConfig
                0x001030d8       0x60 ./RTE/Device/RSL10/rsl10_sys_power.o
                0x001030d8                Sys_Power_VDDRFCalibratedConfig
 .text.Sys_Delay_ProgramROM
                0x00103138       0x22 ./RTE/Device/RSL10/rsl10_sys_rffe.o
 .text.Sys_ReadNVR4
                0x0010315a       0x22 ./RTE/Device/RSL10/rsl10_sys_rffe.o
 .text.Sys_ADC_Set_Config
                0x0010317c       0x20 ./RTE/Device/RSL10/rsl10_sys_rffe.o
 .text.Sys_ADC_InputSelectConfig
                0x0010319c       0x24 ./RTE/Device/RSL10/rsl10_sys_rffe.o
 .text.Sys_GetTrim
                0x001031c0       0x24 ./RTE/Device/RSL10/rsl10_sys_rffe.o
 .text.Sys_RFFE_SetTXPower
                0x001031e4      0x470 ./RTE/Device/RSL10/rsl10_sys_rffe.o
                0x001031e4                Sys_RFFE_SetTXPower
 .text.Sys_RFFE_Interpolate
                0x00103654      0x170 ./RTE/Device/RSL10/rsl10_sys_rffe.o
                0x00103654                Sys_RFFE_Interpolate
 .text.Sys_UART_Enable
                0x001037c4       0xa0 ./RTE/Device/RSL10/rsl10_sys_uart.o
                0x001037c4                Sys_UART_Enable
 .text._sbrk    0x00103864       0x9c ./RTE/Device/RSL10/sbrk.o
                0x00103864                _sbrk
 .text.__NVIC_EnableIRQ
                0x00103900       0x38 ./RTE/Device/RSL10/start.o
 .text.__NVIC_DisableIRQ
                0x00103938       0x48 ./RTE/Device/RSL10/start.o
 .text.__NVIC_ClearPendingIRQ
                0x00103980       0x3c ./RTE/Device/RSL10/start.o
 .text.Sys_NVIC_DisableAllInt
                0x001039bc       0x30 ./RTE/Device/RSL10/start.o
 .text.Sys_NVIC_ClearAllPendingInt
                0x001039ec       0x30 ./RTE/Device/RSL10/start.o
 .text.Sys_DMA_ClearChannelStatus
                0x00103a1c       0x24 ./RTE/Device/RSL10/start.o
 .text._start   0x00103a40      0x210 ./RTE/Device/RSL10/start.o
                0x00103a40                _start
 .text          0x00103c50       0x14 ./RTE/Device/RSL10/startup_rsl10.o
                0x00103c50                NMI_Handler
                0x00103c52                HardFault_Handler
                0x00103c54                MemManage_Handler
                0x00103c56                BusFault_Handler
                0x00103c58                UsageFault_Handler
                0x00103c5a                SVC_Handler
                0x00103c5c                DebugMon_Handler
                0x00103c5e                PendSV_Handler
                0x00103c60                SysTick_Handler
                0x00103c62                UART_ERROR_IRQHandler
                0x00103c62                DSP7_IRQHandler
                0x00103c62                BLE_COEX_RX_TX_IRQHandler
                0x00103c62                DMA2_IRQHandler
                0x00103c62                DSP2_IRQHandler
                0x00103c62                MEMORY_ERROR_IRQHandler
                0x00103c62                TIMER3_IRQHandler
                0x00103c62                WATCHDOG_IRQHandler
                0x00103c62                DIO1_IRQHandler
                0x00103c62                DIO3_IRQHandler
                0x00103c62                DSP3_IRQHandler
                0x00103c62                FLASH_COPY_IRQHandler
                0x00103c62                RF_TXFIFO_IRQHandler
                0x00103c62                RTC_ALARM_IRQHandler
                0x00103c62                SPI0_ERROR_IRQHandler
                0x00103c62                BLE_COEX_IN_PROCESS_IRQHandler
                0x00103c62                DIO0_IRQHandler
                0x00103c62                DMA5_IRQHandler
                0x00103c62                ASRC_IN_IRQHandler
                0x00103c62                SPI1_ERROR_IRQHandler
                0x00103c62                DMIC_OD_ERROR_IRQHandler
                0x00103c62                TIMER1_IRQHandler
                0x00103c62                PCM_TX_IRQHandler
                0x00103c62                DSP0_IRQHandler
                0x00103c62                SPI0_TX_IRQHandler
                0x00103c62                UART_TX_IRQHandler
                0x00103c62                Default_Handler
                0x00103c62                DMIC_OUT_OD_IN_IRQHandler
                0x00103c62                DMA7_IRQHandler
                0x00103c62                PCM_RX_IRQHandler
                0x00103c62                RF_TX_IRQHandler
                0x00103c62                SPI0_RX_IRQHandler
                0x00103c62                ASRC_ERROR_IRQHandler
                0x00103c62                RF_RXSTOP_IRQHandler
                0x00103c62                DSP1_IRQHandler
                0x00103c62                AUDIOSINK_PHASE_IRQHandler
                0x00103c62                WAKEUP_IRQHandler
                0x00103c62                RF_SYNC_IRQHandler
                0x00103c62                SPI1_RX_IRQHandler
                0x00103c62                CLKDET_IRQHandler
                0x00103c62                DSP6_IRQHandler
                0x00103c62                I2C_IRQHandler
                0x00103c62                TIMER2_IRQHandler
                0x00103c62                AUDIOSINK_PERIOD_IRQHandler
                0x00103c62                TIMER0_IRQHandler
                0x00103c62                DMA3_IRQHandler
                0x00103c62                RTC_CLOCK_IRQHandler
                0x00103c62                DIO2_IRQHandler
                0x00103c62                DMA0_IRQHandler
                0x00103c62                ASRC_OUT_IRQHandler
                0x00103c62                PCM_ERROR_IRQHandler
                0x00103c62                DSP5_IRQHandler
                0x00103c62                DMA4_IRQHandler
                0x00103c62                UART_RX_IRQHandler
                0x00103c62                FLASH_ECC_IRQHandler
                0x00103c62                SPI1_TX_IRQHandler
                0x00103c62                RF_IRQ_RECEIVED_IRQHandler
                0x00103c62                DSP4_IRQHandler
                0x00103c62                DMA6_IRQHandler
                0x00103c62                RF_RXFIFO_IRQHandler
 .text.Sys_ReadNVR4
                0x00103c64       0x22 ./RTE/Device/RSL10/system_rsl10.o
 .text.System_GetTargetForTrim
                0x00103c86       0x80 ./RTE/Device/RSL10/system_rsl10.o
                0x00103c86                System_GetTargetForTrim
 *fill*         0x00103d06        0x2 
 .text.SystemInit
                0x00103d08       0x34 ./RTE/Device/RSL10/system_rsl10.o
                0x00103d08                SystemInit
 .text.SystemCoreClockUpdate
                0x00103d3c      0x258 ./RTE/Device/RSL10/system_rsl10.o
                0x00103d3c                SystemCoreClockUpdate
 .text.htpt_prf_itf_get
                0x00103f94        0xe ./RTE/Device/stubprf.o
                0x00103f94                htpt_prf_itf_get
 .text.htpc_prf_itf_get
                0x00103fa2        0xe ./RTE/Device/stubprf.o
                0x00103fa2                htpc_prf_itf_get
 .text.diss_prf_itf_get
                0x00103fb0        0xe ./RTE/Device/stubprf.o
                0x00103fb0                diss_prf_itf_get
 .text.disc_prf_itf_get
                0x00103fbe        0xe ./RTE/Device/stubprf.o
                0x00103fbe                disc_prf_itf_get
 .text.blps_prf_itf_get
                0x00103fcc        0xe ./RTE/Device/stubprf.o
                0x00103fcc                blps_prf_itf_get
 .text.blpc_prf_itf_get
                0x00103fda        0xe ./RTE/Device/stubprf.o
                0x00103fda                blpc_prf_itf_get
 .text.tips_prf_itf_get
                0x00103fe8        0xe ./RTE/Device/stubprf.o
                0x00103fe8                tips_prf_itf_get
 .text.tipc_prf_itf_get
                0x00103ff6        0xe ./RTE/Device/stubprf.o
                0x00103ff6                tipc_prf_itf_get
 .text.hrps_prf_itf_get
                0x00104004        0xe ./RTE/Device/stubprf.o
                0x00104004                hrps_prf_itf_get
 .text.hrpc_prf_itf_get
                0x00104012        0xe ./RTE/Device/stubprf.o
                0x00104012                hrpc_prf_itf_get
 .text.findl_prf_itf_get
                0x00104020        0xe ./RTE/Device/stubprf.o
                0x00104020                findl_prf_itf_get
 .text.findt_prf_itf_get
                0x0010402e        0xe ./RTE/Device/stubprf.o
                0x0010402e                findt_prf_itf_get
 .text.proxm_prf_itf_get
                0x0010403c        0xe ./RTE/Device/stubprf.o
                0x0010403c                proxm_prf_itf_get
 .text.proxr_prf_itf_get
                0x0010404a        0xe ./RTE/Device/stubprf.o
                0x0010404a                proxr_prf_itf_get
 .text.scppc_prf_itf_get
                0x00104058        0xe ./RTE/Device/stubprf.o
                0x00104058                scppc_prf_itf_get
 .text.scpps_prf_itf_get
                0x00104066        0xe ./RTE/Device/stubprf.o
                0x00104066                scpps_prf_itf_get
 .text.bass_prf_itf_get
                0x00104074        0xe ./RTE/Device/stubprf.o
                0x00104074                bass_prf_itf_get
 .text.hogpd_prf_itf_get
                0x00104082        0xe ./RTE/Device/stubprf.o
                0x00104082                hogpd_prf_itf_get
 .text.hogpbh_prf_itf_get
                0x00104090        0xe ./RTE/Device/stubprf.o
                0x00104090                hogpbh_prf_itf_get
 .text.hogprh_prf_itf_get
                0x0010409e        0xe ./RTE/Device/stubprf.o
                0x0010409e                hogprh_prf_itf_get
 .text.glpc_prf_itf_get
                0x001040ac        0xe ./RTE/Device/stubprf.o
                0x001040ac                glpc_prf_itf_get
 .text.glps_prf_itf_get
                0x001040ba        0xe ./RTE/Device/stubprf.o
                0x001040ba                glps_prf_itf_get
 .text.rscpc_prf_itf_get
                0x001040c8        0xe ./RTE/Device/stubprf.o
                0x001040c8                rscpc_prf_itf_get
 .text.rscps_prf_itf_get
                0x001040d6        0xe ./RTE/Device/stubprf.o
                0x001040d6                rscps_prf_itf_get
 .text.cscpc_prf_itf_get
                0x001040e4        0xe ./RTE/Device/stubprf.o
                0x001040e4                cscpc_prf_itf_get
 .text.cscps_prf_itf_get
                0x001040f2        0xe ./RTE/Device/stubprf.o
                0x001040f2                cscps_prf_itf_get
 .text.anpc_prf_itf_get
                0x00104100        0xe ./RTE/Device/stubprf.o
                0x00104100                anpc_prf_itf_get
 .text.anps_prf_itf_get
                0x0010410e        0xe ./RTE/Device/stubprf.o
                0x0010410e                anps_prf_itf_get
 .text.paspc_prf_itf_get
                0x0010411c        0xe ./RTE/Device/stubprf.o
                0x0010411c                paspc_prf_itf_get
 .text.pasps_prf_itf_get
                0x0010412a        0xe ./RTE/Device/stubprf.o
                0x0010412a                pasps_prf_itf_get
 .text.cppc_prf_itf_get
                0x00104138        0xe ./RTE/Device/stubprf.o
                0x00104138                cppc_prf_itf_get
 .text.cpps_prf_itf_get
                0x00104146        0xe ./RTE/Device/stubprf.o
                0x00104146                cpps_prf_itf_get
 .text.lanc_prf_itf_get
                0x00104154        0xe ./RTE/Device/stubprf.o
                0x00104154                lanc_prf_itf_get
 .text.lans_prf_itf_get
                0x00104162        0xe ./RTE/Device/stubprf.o
                0x00104162                lans_prf_itf_get
 .text.wpts_prf_itf_get
                0x00104170        0xe ./RTE/Device/stubprf.o
                0x00104170                wpts_prf_itf_get
 .text.wptc_prf_itf_get
                0x0010417e        0xe ./RTE/Device/stubprf.o
                0x0010417e                wptc_prf_itf_get
 .text.cgms_prf_itf_get
                0x0010418c        0xe ./RTE/Device/stubprf.o
                0x0010418c                cgms_prf_itf_get
 .text.cgmc_prf_itf_get
                0x0010419a        0xe ./RTE/Device/stubprf.o
                0x0010419a                cgmc_prf_itf_get
 .text.Sys_Delay_ProgramROM
                0x001041a8       0x22 ./app.o
 *fill*         0x001041ca        0x2 
 .text.Sys_Watchdog_Refresh
                0x001041cc       0x1c ./app.o
 .text.main     0x001041e8      0x184 ./app.o
                0x001041e8                main
 .text.prf_itf_get
                0x0010436c       0xe0 C:/Users/xeeen/ON_Semiconductor/PACK/ONSemiconductor/RSL10/3.7.606/lib/ble_core/Release/libblelib.a(prf-prf_utils.o)
 .text.prf_init
                0x0010444c       0x64 C:/Users/xeeen/ON_Semiconductor/PACK/ONSemiconductor/RSL10/3.7.606/lib/ble_core/Release/libblelib.a(prf-prf_utils.o)
                0x0010444c                prf_init
 .text.prf_add_profile
                0x001044b0       0x70 C:/Users/xeeen/ON_Semiconductor/PACK/ONSemiconductor/RSL10/3.7.606/lib/ble_core/Release/libblelib.a(prf-prf_utils.o)
                0x001044b0                prf_add_profile
 .text.prf_create
                0x00104520       0x2c C:/Users/xeeen/ON_Semiconductor/PACK/ONSemiconductor/RSL10/3.7.606/lib/ble_core/Release/libblelib.a(prf-prf_utils.o)
                0x00104520                prf_create
 .text.prf_cleanup
                0x0010454c       0x30 C:/Users/xeeen/ON_Semiconductor/PACK/ONSemiconductor/RSL10/3.7.606/lib/ble_core/Release/libblelib.a(prf-prf_utils.o)
                0x0010454c                prf_cleanup
 .text.prf_env_get
                0x0010457c       0x2c C:/Users/xeeen/ON_Semiconductor/PACK/ONSemiconductor/RSL10/3.7.606/lib/ble_core/Release/libblelib.a(prf-prf_utils.o)
                0x0010457c                prf_env_get
 .text.prf_src_task_get
                0x001045a8       0x10 C:/Users/xeeen/ON_Semiconductor/PACK/ONSemiconductor/RSL10/3.7.606/lib/ble_core/Release/libblelib.a(prf-prf_utils.o)
                0x001045a8                prf_src_task_get
 .text.prf_dst_task_get
                0x001045b8       0x10 C:/Users/xeeen/ON_Semiconductor/PACK/ONSemiconductor/RSL10/3.7.606/lib/ble_core/Release/libblelib.a(prf-prf_utils.o)
                0x001045b8                prf_dst_task_get
 .text.prf_unpack_char_pres_fmt
                0x001045c8       0x18 C:/Users/xeeen/ON_Semiconductor/PACK/ONSemiconductor/RSL10/3.7.606/lib/ble_core/Release/libblelib.a(prf-prf_utils.o)
                0x001045c8                prf_unpack_char_pres_fmt
 .text.prf_read_char_send
                0x001045e0       0x32 C:/Users/xeeen/ON_Semiconductor/PACK/ONSemiconductor/RSL10/3.7.606/lib/ble_core/Release/libblelib.a(prf-prf_utils.o)
                0x001045e0                prf_read_char_send
 .text.prf_register_atthdl2gatt
                0x00104612       0x34 C:/Users/xeeen/ON_Semiconductor/PACK/ONSemiconductor/RSL10/3.7.606/lib/ble_core/Release/libblelib.a(prf-prf_utils.o)
                0x00104612                prf_register_atthdl2gatt
 .text.prf_disc_svc_send
                0x00104646       0x38 C:/Users/xeeen/ON_Semiconductor/PACK/ONSemiconductor/RSL10/3.7.606/lib/ble_core/Release/libblelib.a(prf-prf_utils.o)
                0x00104646                prf_disc_svc_send
 .text.prf_gatt_write
                0x0010467e       0x58 C:/Users/xeeen/ON_Semiconductor/PACK/ONSemiconductor/RSL10/3.7.606/lib/ble_core/Release/libblelib.a(prf-prf_utils.o)
                0x0010467e                prf_gatt_write
 .text.prf_gatt_write_ntf_ind
                0x001046d6       0x22 C:/Users/xeeen/ON_Semiconductor/PACK/ONSemiconductor/RSL10/3.7.606/lib/ble_core/Release/libblelib.a(prf-prf_utils.o)
                0x001046d6                prf_gatt_write_ntf_ind
 .text.prf_check_svc_char_validity
                0x001046f8       0x2e C:/Users/xeeen/ON_Semiconductor/PACK/ONSemiconductor/RSL10/3.7.606/lib/ble_core/Release/libblelib.a(prf-prf_utils.o)
                0x001046f8                prf_check_svc_char_validity
 .text.prf_check_svc_char_desc_validity
                0x00104726       0x30 C:/Users/xeeen/ON_Semiconductor/PACK/ONSemiconductor/RSL10/3.7.606/lib/ble_core/Release/libblelib.a(prf-prf_utils.o)
                0x00104726                prf_check_svc_char_desc_validity
 .text.prf_extract_svc_info
                0x00104756      0x12e C:/Users/xeeen/ON_Semiconductor/PACK/ONSemiconductor/RSL10/3.7.606/lib/ble_core/Release/libblelib.a(prf-prf_utils.o)
                0x00104756                prf_extract_svc_info
 .text.rwip_reset
                0x00104884       0x3c C:/Users/xeeen/ON_Semiconductor/PACK/ONSemiconductor/RSL10/3.7.606/lib/ble_core/Release/libblelib.a(rwip.o)
                0x00104884                rwip_reset
 .text.rwip_prevent_sleep_set
                0x001048c0       0x1c C:/Users/xeeen/ON_Semiconductor/PACK/ONSemiconductor/RSL10/3.7.606/lib/ble_core/Release/libblelib.a(rwip.o)
                0x001048c0                rwip_prevent_sleep_set
 .text.rwip_wakeup
                0x001048dc       0x10 C:/Users/xeeen/ON_Semiconductor/PACK/ONSemiconductor/RSL10/3.7.606/lib/ble_core/Release/libblelib.a(rwip.o)
                0x001048dc                rwip_wakeup
 .text.rwip_prevent_sleep_clear
                0x001048ec       0x20 C:/Users/xeeen/ON_Semiconductor/PACK/ONSemiconductor/RSL10/3.7.606/lib/ble_core/Release/libblelib.a(rwip.o)
                0x001048ec                rwip_prevent_sleep_clear
 .text.rwip_wakeup_end
                0x0010490c       0x24 C:/Users/xeeen/ON_Semiconductor/PACK/ONSemiconductor/RSL10/3.7.606/lib/ble_core/Release/libblelib.a(rwip.o)
                0x0010490c                rwip_wakeup_end
 .text.rwip_sleep_lpcycles_2_us
                0x00104930       0x54 C:/Users/xeeen/ON_Semiconductor/PACK/ONSemiconductor/RSL10/3.7.606/lib/ble_core/Release/libblelib.a(rwip.o)
                0x00104930                rwip_sleep_lpcycles_2_us
 .text.rwip_us_2_lpcycles
                0x00104984       0x24 C:/Users/xeeen/ON_Semiconductor/PACK/ONSemiconductor/RSL10/3.7.606/lib/ble_core/Release/libblelib.a(rwip.o)
                0x00104984                rwip_us_2_lpcycles
 .text.rwip_wakeup_delay_set
                0x001049a8       0x2c C:/Users/xeeen/ON_Semiconductor/PACK/ONSemiconductor/RSL10/3.7.606/lib/ble_core/Release/libblelib.a(rwip.o)
                0x001049a8                rwip_wakeup_delay_set
 .text.BLE_InitNoTL
                0x001049d4       0xd8 C:/Users/xeeen/ON_Semiconductor/PACK/ONSemiconductor/RSL10/3.7.606/lib/ble_core/Release/libblelib.a(rwip.o)
                0x001049d4                BLE_InitNoTL
 .text.rf_atl_reg_rd
                0x00104aac       0x1c C:/Users/xeeen/ON_Semiconductor/PACK/ONSemiconductor/RSL10/3.7.606/lib/ble_core/Release/libblelib.a(rf_atlas.o)
 .text.rf_atl_reg_wr
                0x00104ac8        0xc C:/Users/xeeen/ON_Semiconductor/PACK/ONSemiconductor/RSL10/3.7.606/lib/ble_core/Release/libblelib.a(rf_atlas.o)
 .text.rf_reset
                0x00104ad4        0x2 C:/Users/xeeen/ON_Semiconductor/PACK/ONSemiconductor/RSL10/3.7.606/lib/ble_core/Release/libblelib.a(rf_atlas.o)
 .text.rf_force_agc_enable
                0x00104ad6        0x2 C:/Users/xeeen/ON_Semiconductor/PACK/ONSemiconductor/RSL10/3.7.606/lib/ble_core/Release/libblelib.a(rf_atlas.o)
 .text.rf_txpwr_dbm_get
                0x00104ad8        0x4 C:/Users/xeeen/ON_Semiconductor/PACK/ONSemiconductor/RSL10/3.7.606/lib/ble_core/Release/libblelib.a(rf_atlas.o)
 .text.rf_sleep
                0x00104adc       0x14 C:/Users/xeeen/ON_Semiconductor/PACK/ONSemiconductor/RSL10/3.7.606/lib/ble_core/Release/libblelib.a(rf_atlas.o)
 .text.rf_rssi_convert
                0x00104af0       0x34 C:/Users/xeeen/ON_Semiconductor/PACK/ONSemiconductor/RSL10/3.7.606/lib/ble_core/Release/libblelib.a(rf_atlas.o)
 .text.rf_init  0x00104b24      0x4d0 C:/Users/xeeen/ON_Semiconductor/PACK/ONSemiconductor/RSL10/3.7.606/lib/ble_core/Release/libblelib.a(rf_atlas.o)
                0x00104b24                rf_init
 .text.AddBigHex256
                0x00104ff4       0x4a C:/Users/xeeen/ON_Semiconductor/PACK/ONSemiconductor/RSL10/3.7.606/lib/ble_core/Release/libblelib.a(ecc_p256.o)
                0x00104ff4                AddBigHex256
 .text.Add2SelfBigHex256
                0x0010503e       0x40 C:/Users/xeeen/ON_Semiconductor/PACK/ONSemiconductor/RSL10/3.7.606/lib/ble_core/Release/libblelib.a(ecc_p256.o)
                0x0010503e                Add2SelfBigHex256
 .text.SubtractBigHex256
                0x0010507e       0x48 C:/Users/xeeen/ON_Semiconductor/PACK/ONSemiconductor/RSL10/3.7.606/lib/ble_core/Release/libblelib.a(ecc_p256.o)
                0x0010507e                SubtractBigHex256
 .text.SubtractFromSelfBigHex256
                0x001050c6       0x4c C:/Users/xeeen/ON_Semiconductor/PACK/ONSemiconductor/RSL10/3.7.606/lib/ble_core/Release/libblelib.a(ecc_p256.o)
                0x001050c6                SubtractFromSelfBigHex256
 *fill*         0x00105112        0x2 
 .text.AddP256  0x00105114       0x3c C:/Users/xeeen/ON_Semiconductor/PACK/ONSemiconductor/RSL10/3.7.606/lib/ble_core/Release/libblelib.a(ecc_p256.o)
                0x00105114                AddP256
 .text.AddBigHexModP256
                0x00105150       0x48 C:/Users/xeeen/ON_Semiconductor/PACK/ONSemiconductor/RSL10/3.7.606/lib/ble_core/Release/libblelib.a(ecc_p256.o)
                0x00105150                AddBigHexModP256
 .text.AddPdiv2_256
                0x00105198       0xf0 C:/Users/xeeen/ON_Semiconductor/PACK/ONSemiconductor/RSL10/3.7.606/lib/ble_core/Release/libblelib.a(ecc_p256.o)
                0x00105198                AddPdiv2_256
 .text.SubtractFromSelfBigHexSign256
                0x00105288       0xd2 C:/Users/xeeen/ON_Semiconductor/PACK/ONSemiconductor/RSL10/3.7.606/lib/ble_core/Release/libblelib.a(ecc_p256.o)
                0x00105288                SubtractFromSelfBigHexSign256
 *fill*         0x0010535a        0x2 
 .text.SubtractBigHexMod256
                0x0010535c       0xd4 C:/Users/xeeen/ON_Semiconductor/PACK/ONSemiconductor/RSL10/3.7.606/lib/ble_core/Release/libblelib.a(ecc_p256.o)
                0x0010535c                SubtractBigHexMod256
 .text.MultiplyByU32ModP256
                0x00105430       0x30 C:/Users/xeeen/ON_Semiconductor/PACK/ONSemiconductor/RSL10/3.7.606/lib/ble_core/Release/libblelib.a(ecc_p256.o)
                0x00105430                MultiplyByU32ModP256
 .text.specialModP256
                0x00105460       0xb0 C:/Users/xeeen/ON_Semiconductor/PACK/ONSemiconductor/RSL10/3.7.606/lib/ble_core/Release/libblelib.a(ecc_p256.o)
                0x00105460                specialModP256
 .text.MultiplyBigHexModP256
                0x00105510      0x158 C:/Users/xeeen/ON_Semiconductor/PACK/ONSemiconductor/RSL10/3.7.606/lib/ble_core/Release/libblelib.a(ecc_p256.o)
                0x00105510                MultiplyBigHexModP256
 .text.MultiplyBigHexByUint32_256
                0x00105668       0x44 C:/Users/xeeen/ON_Semiconductor/PACK/ONSemiconductor/RSL10/3.7.606/lib/ble_core/Release/libblelib.a(ecc_p256.o)
                0x00105668                MultiplyBigHexByUint32_256
 .text.notEqual256
                0x001056ac       0x1e C:/Users/xeeen/ON_Semiconductor/PACK/ONSemiconductor/RSL10/3.7.606/lib/ble_core/Release/libblelib.a(ecc_p256.o)
                0x001056ac                notEqual256
 *fill*         0x001056ca        0x2 
 .text.GF_Jacobian_Point_Double256
                0x001056cc      0x1a4 C:/Users/xeeen/ON_Semiconductor/PACK/ONSemiconductor/RSL10/3.7.606/lib/ble_core/Release/libblelib.a(ecc_p256.o)
                0x001056cc                GF_Jacobian_Point_Double256
 .text.GF_Jacobian_Point_Addition256
                0x00105870      0x550 C:/Users/xeeen/ON_Semiconductor/PACK/ONSemiconductor/RSL10/3.7.606/lib/ble_core/Release/libblelib.a(ecc_p256.o)
                0x00105870                GF_Jacobian_Point_Addition256
 .text.bigHexInversion256
                0x00105dc0      0x228 C:/Users/xeeen/ON_Semiconductor/PACK/ONSemiconductor/RSL10/3.7.606/lib/ble_core/Release/libblelib.a(ecc_p256.o)
                0x00105dc0                bigHexInversion256
 .text.GF_Point_Jacobian_To_Affine256
                0x00105fe8       0x2c C:/Users/xeeen/ON_Semiconductor/PACK/ONSemiconductor/RSL10/3.7.606/lib/ble_core/Release/libblelib.a(ecc_p256.o)
                0x00105fe8                GF_Point_Jacobian_To_Affine256
 .text.ecc_multiplication_event_handler
                0x00106014      0x5b8 C:/Users/xeeen/ON_Semiconductor/PACK/ONSemiconductor/RSL10/3.7.606/lib/ble_core/Release/libblelib.a(ecc_p256.o)
 .text.ecc_init
                0x001065cc       0x48 C:/Users/xeeen/ON_Semiconductor/PACK/ONSemiconductor/RSL10/3.7.606/lib/ble_core/Release/libblelib.a(ecc_p256.o)
                0x001065cc                ecc_init
 .text.ecc_generate_key256
                0x00106614      0x3f8 C:/Users/xeeen/ON_Semiconductor/PACK/ONSemiconductor/RSL10/3.7.606/lib/ble_core/Release/libblelib.a(ecc_p256.o)
                0x00106614                ecc_generate_key256
 .text.ecc_gen_new_public_key
                0x00106a0c       0x20 C:/Users/xeeen/ON_Semiconductor/PACK/ONSemiconductor/RSL10/3.7.606/lib/ble_core/Release/libblelib.a(ecc_p256.o)
                0x00106a0c                ecc_gen_new_public_key
 .text.ecc_gen_new_secret_key
                0x00106a2c       0xc4 C:/Users/xeeen/ON_Semiconductor/PACK/ONSemiconductor/RSL10/3.7.606/lib/ble_core/Release/libblelib.a(ecc_p256.o)
                0x00106a2c                ecc_gen_new_secret_key
 .text.hci_evt_mask_set.part.0
                0x00106af0       0x30 C:/Users/xeeen/ON_Semiconductor/PACK/ONSemiconductor/RSL10/3.7.606/lib/ble_core/Release/libblelib.a(hci.o)
 .text.hci_init
                0x00106b20       0x24 C:/Users/xeeen/ON_Semiconductor/PACK/ONSemiconductor/RSL10/3.7.606/lib/ble_core/Release/libblelib.a(hci.o)
                0x00106b20                hci_init
 .text.hci_reset
                0x00106b44        0x4 C:/Users/xeeen/ON_Semiconductor/PACK/ONSemiconductor/RSL10/3.7.606/lib/ble_core/Release/libblelib.a(hci.o)
                0x00106b44                hci_reset
 .text.hci_send_2_host
                0x00106b48       0xf0 C:/Users/xeeen/ON_Semiconductor/PACK/ONSemiconductor/RSL10/3.7.606/lib/ble_core/Release/libblelib.a(hci.o)
                0x00106b48                hci_send_2_host
 .text.hci_send_2_controller
                0x00106c38       0x8c C:/Users/xeeen/ON_Semiconductor/PACK/ONSemiconductor/RSL10/3.7.606/lib/ble_core/Release/libblelib.a(hci.o)
                0x00106c38                hci_send_2_controller
 .text.hci_evt_mask_set
                0x00106cc4       0x24 C:/Users/xeeen/ON_Semiconductor/PACK/ONSemiconductor/RSL10/3.7.606/lib/ble_core/Release/libblelib.a(hci.o)
                0x00106cc4                hci_evt_mask_set
 .text.hci_fc_init
                0x00106ce8       0x10 C:/Users/xeeen/ON_Semiconductor/PACK/ONSemiconductor/RSL10/3.7.606/lib/ble_core/Release/libblelib.a(hci_fc.o)
                0x00106ce8                hci_fc_init
 .text.hci_fc_acl_buf_size_set
                0x00106cf8       0x20 C:/Users/xeeen/ON_Semiconductor/PACK/ONSemiconductor/RSL10/3.7.606/lib/ble_core/Release/libblelib.a(hci_fc.o)
                0x00106cf8                hci_fc_acl_buf_size_set
 .text.hci_fc_acl_en
                0x00106d18       0x30 C:/Users/xeeen/ON_Semiconductor/PACK/ONSemiconductor/RSL10/3.7.606/lib/ble_core/Release/libblelib.a(hci_fc.o)
                0x00106d18                hci_fc_acl_en
 .text.hci_fc_host_nb_acl_pkts_complete
                0x00106d48       0x18 C:/Users/xeeen/ON_Semiconductor/PACK/ONSemiconductor/RSL10/3.7.606/lib/ble_core/Release/libblelib.a(hci_fc.o)
                0x00106d48                hci_fc_host_nb_acl_pkts_complete
 .text.hci_look_for_cmd_desc
                0x00106d60       0x6c C:/Users/xeeen/ON_Semiconductor/PACK/ONSemiconductor/RSL10/3.7.606/lib/ble_core/Release/libblelib.a(hci_msg.o)
                0x00106d60                hci_look_for_cmd_desc
 .text.hci_look_for_evt_desc
                0x00106dcc       0x20 C:/Users/xeeen/ON_Semiconductor/PACK/ONSemiconductor/RSL10/3.7.606/lib/ble_core/Release/libblelib.a(hci_msg.o)
                0x00106dcc                hci_look_for_evt_desc
 .text.hci_look_for_le_evt_desc
                0x00106dec       0x20 C:/Users/xeeen/ON_Semiconductor/PACK/ONSemiconductor/RSL10/3.7.606/lib/ble_core/Release/libblelib.a(hci_msg.o)
                0x00106dec                hci_look_for_le_evt_desc
 .text.ea_conflict_check
                0x00106e0c       0xa4 C:/Users/xeeen/ON_Semiconductor/PACK/ONSemiconductor/RSL10/3.7.606/lib/ble_core/Release/libblelib.a(ea.o)
 .text.ea_elt_cancel
                0x00106eb0      0x114 C:/Users/xeeen/ON_Semiconductor/PACK/ONSemiconductor/RSL10/3.7.606/lib/ble_core/Release/libblelib.a(ea.o)
                0x00106eb0                ea_elt_cancel
 .text.ea_init  0x00106fc4       0x2c C:/Users/xeeen/ON_Semiconductor/PACK/ONSemiconductor/RSL10/3.7.606/lib/ble_core/Release/libblelib.a(ea.o)
                0x00106fc4                ea_init
 .text.ea_elt_create
                0x00106ff0       0x1e C:/Users/xeeen/ON_Semiconductor/PACK/ONSemiconductor/RSL10/3.7.606/lib/ble_core/Release/libblelib.a(ea.o)
                0x00106ff0                ea_elt_create
 .text.ea_interval_create
                0x0010700e       0x18 C:/Users/xeeen/ON_Semiconductor/PACK/ONSemiconductor/RSL10/3.7.606/lib/ble_core/Release/libblelib.a(ea.o)
                0x0010700e                ea_interval_create
 *fill*         0x00107026        0x2 
 .text.ea_interval_insert
                0x00107028        0xc C:/Users/xeeen/ON_Semiconductor/PACK/ONSemiconductor/RSL10/3.7.606/lib/ble_core/Release/libblelib.a(ea.o)
                0x00107028                ea_interval_insert
 .text.ea_interval_remove
                0x00107034       0x10 C:/Users/xeeen/ON_Semiconductor/PACK/ONSemiconductor/RSL10/3.7.606/lib/ble_core/Release/libblelib.a(ea.o)
                0x00107034                ea_interval_remove
 .text.ea_sw_isr
                0x00107044       0x24 C:/Users/xeeen/ON_Semiconductor/PACK/ONSemiconductor/RSL10/3.7.606/lib/ble_core/Release/libblelib.a(ea.o)
                0x00107044                ea_sw_isr
 .text.ea_offset_req
                0x00107068      0x190 C:/Users/xeeen/ON_Semiconductor/PACK/ONSemiconductor/RSL10/3.7.606/lib/ble_core/Release/libblelib.a(ea.o)
                0x00107068                ea_offset_req
 .text.ea_time_get_slot_rounded
                0x001071f8       0x2c C:/Users/xeeen/ON_Semiconductor/PACK/ONSemiconductor/RSL10/3.7.606/lib/ble_core/Release/libblelib.a(ea.o)
                0x001071f8                ea_time_get_slot_rounded
 .text.ea_prog_timer
                0x00107224      0x134 C:/Users/xeeen/ON_Semiconductor/PACK/ONSemiconductor/RSL10/3.7.606/lib/ble_core/Release/libblelib.a(ea.o)
 .text.ea_elt_insert
                0x00107358      0x208 C:/Users/xeeen/ON_Semiconductor/PACK/ONSemiconductor/RSL10/3.7.606/lib/ble_core/Release/libblelib.a(ea.o)
                0x00107358                ea_elt_insert
 .text.ea_elt_remove
                0x00107560       0x60 C:/Users/xeeen/ON_Semiconductor/PACK/ONSemiconductor/RSL10/3.7.606/lib/ble_core/Release/libblelib.a(ea.o)
                0x00107560                ea_elt_remove
 .text.ea_finetimer_isr
                0x001075c0       0xc4 C:/Users/xeeen/ON_Semiconductor/PACK/ONSemiconductor/RSL10/3.7.606/lib/ble_core/Release/libblelib.a(ea.o)
                0x001075c0                ea_finetimer_isr
 .text.ea_interval_duration_req
                0x00107684       0x9c C:/Users/xeeen/ON_Semiconductor/PACK/ONSemiconductor/RSL10/3.7.606/lib/ble_core/Release/libblelib.a(ea.o)
                0x00107684                ea_interval_duration_req
 .text.rwble_recovery
                0x00107720      0x130 C:/Users/xeeen/ON_Semiconductor/PACK/ONSemiconductor/RSL10/3.7.606/lib/ble_core/Release/libblelib.a(rwble.o)
                0x00107720                rwble_recovery
 .text.rwble_init
                0x00107850       0x2c C:/Users/xeeen/ON_Semiconductor/PACK/ONSemiconductor/RSL10/3.7.606/lib/ble_core/Release/libblelib.a(rwble.o)
                0x00107850                rwble_init
 .text.rwble_reset
                0x0010787c       0x64 C:/Users/xeeen/ON_Semiconductor/PACK/ONSemiconductor/RSL10/3.7.606/lib/ble_core/Release/libblelib.a(rwble.o)
                0x0010787c                rwble_reset
 .text.rwble_sleep_check
                0x001078e0       0x10 C:/Users/xeeen/ON_Semiconductor/PACK/ONSemiconductor/RSL10/3.7.606/lib/ble_core/Release/libblelib.a(rwble.o)
                0x001078e0                rwble_sleep_check
 .text.rwble_isr
                0x001078f0       0xf8 C:/Users/xeeen/ON_Semiconductor/PACK/ONSemiconductor/RSL10/3.7.606/lib/ble_core/Release/libblelib.a(rwble.o)
                0x001078f0                BLE_CSCNT_IRQHandler
                0x001078f0                BLE_SW_IRQHandler
                0x001078f0                BLE_AUDIO0_IRQHandler
                0x001078f0                BLE_SLP_IRQHandler
                0x001078f0                BLE_RX_IRQHandler
                0x001078f0                rwble_isr
                0x001078f0                BLE_AUDIO2_IRQHandler
                0x001078f0                BLE_AUDIO1_IRQHandler
                0x001078f0                BLE_ERROR_IRQHandler
                0x001078f0                BLE_EVENT_IRQHandler
                0x001078f0                BLE_CRYPT_IRQHandler
                0x001078f0                BLE_FINETGTIM_IRQHandler
 .text.llm_wlpub_addr_set
                0x001079e8       0x2c C:/Users/xeeen/ON_Semiconductor/PACK/ONSemiconductor/RSL10/3.7.606/lib/ble_core/Release/libblelib.a(llm.o)
 .text.llm_wlpriv_addr_set
                0x00107a14       0x2c C:/Users/xeeen/ON_Semiconductor/PACK/ONSemiconductor/RSL10/3.7.606/lib/ble_core/Release/libblelib.a(llm.o)
 .text.llm_con_req_ind
                0x00107a40      0x1fc C:/Users/xeeen/ON_Semiconductor/PACK/ONSemiconductor/RSL10/3.7.606/lib/ble_core/Release/libblelib.a(llm.o)
                0x00107a40                llm_con_req_ind
 .text.llm_le_adv_report_ind
                0x00107c3c      0x2e0 C:/Users/xeeen/ON_Semiconductor/PACK/ONSemiconductor/RSL10/3.7.606/lib/ble_core/Release/libblelib.a(llm.o)
                0x00107c3c                llm_le_adv_report_ind
 .text.llm_con_req_tx_cfm
                0x00107f1c      0x144 C:/Users/xeeen/ON_Semiconductor/PACK/ONSemiconductor/RSL10/3.7.606/lib/ble_core/Release/libblelib.a(llm.o)
                0x00107f1c                llm_con_req_tx_cfm
 .text.llm_common_cmd_complete_send
                0x00108060       0x1c C:/Users/xeeen/ON_Semiconductor/PACK/ONSemiconductor/RSL10/3.7.606/lib/ble_core/Release/libblelib.a(llm.o)
                0x00108060                llm_common_cmd_complete_send
 .text.llm_ble_ready
                0x0010807c        0x8 C:/Users/xeeen/ON_Semiconductor/PACK/ONSemiconductor/RSL10/3.7.606/lib/ble_core/Release/libblelib.a(llm.o)
                0x0010807c                llm_ble_ready
 .text.llm_common_cmd_status_send
                0x00108084       0x1c C:/Users/xeeen/ON_Semiconductor/PACK/ONSemiconductor/RSL10/3.7.606/lib/ble_core/Release/libblelib.a(llm.o)
                0x00108084                llm_common_cmd_status_send
 .text.llm_test_mode_start_tx
                0x001080a0      0x260 C:/Users/xeeen/ON_Semiconductor/PACK/ONSemiconductor/RSL10/3.7.606/lib/ble_core/Release/libblelib.a(llm.o)
                0x001080a0                llm_test_mode_start_tx
 .text.llm_test_mode_start_rx
                0x00108300       0xc8 C:/Users/xeeen/ON_Semiconductor/PACK/ONSemiconductor/RSL10/3.7.606/lib/ble_core/Release/libblelib.a(llm.o)
                0x00108300                llm_test_mode_start_rx
 .text.llm_set_adv_param
                0x001083c8      0x144 C:/Users/xeeen/ON_Semiconductor/PACK/ONSemiconductor/RSL10/3.7.606/lib/ble_core/Release/libblelib.a(llm.o)
                0x001083c8                llm_set_adv_param
 .text.llm_set_adv_data
                0x0010850c       0x84 C:/Users/xeeen/ON_Semiconductor/PACK/ONSemiconductor/RSL10/3.7.606/lib/ble_core/Release/libblelib.a(llm.o)
                0x0010850c                llm_set_adv_data
 .text.llm_set_scan_rsp_data
                0x00108590       0x84 C:/Users/xeeen/ON_Semiconductor/PACK/ONSemiconductor/RSL10/3.7.606/lib/ble_core/Release/libblelib.a(llm.o)
                0x00108590                llm_set_scan_rsp_data
 .text.llm_set_scan_param
                0x00108614       0x74 C:/Users/xeeen/ON_Semiconductor/PACK/ONSemiconductor/RSL10/3.7.606/lib/ble_core/Release/libblelib.a(llm.o)
                0x00108614                llm_set_scan_param
 .text.llm_wl_clr
                0x00108688       0x58 C:/Users/xeeen/ON_Semiconductor/PACK/ONSemiconductor/RSL10/3.7.606/lib/ble_core/Release/libblelib.a(llm.o)
                0x00108688                llm_wl_clr
 .text.llm_wl_dev_add
                0x001086e0       0x38 C:/Users/xeeen/ON_Semiconductor/PACK/ONSemiconductor/RSL10/3.7.606/lib/ble_core/Release/libblelib.a(llm.o)
                0x001086e0                llm_wl_dev_add
 .text.llm_wl_dev_rem
                0x00108718       0x34 C:/Users/xeeen/ON_Semiconductor/PACK/ONSemiconductor/RSL10/3.7.606/lib/ble_core/Release/libblelib.a(llm.o)
                0x00108718                llm_wl_dev_rem
 .text.llm_wl_dev_add_hdl
                0x0010874c       0x7c C:/Users/xeeen/ON_Semiconductor/PACK/ONSemiconductor/RSL10/3.7.606/lib/ble_core/Release/libblelib.a(llm.o)
                0x0010874c                llm_wl_dev_add_hdl
 .text.llm_wl_dev_rem_hdl
                0x001087c8       0x78 C:/Users/xeeen/ON_Semiconductor/PACK/ONSemiconductor/RSL10/3.7.606/lib/ble_core/Release/libblelib.a(llm.o)
                0x001087c8                llm_wl_dev_rem_hdl
 .text.llm_encryption_start
                0x00108840       0x60 C:/Users/xeeen/ON_Semiconductor/PACK/ONSemiconductor/RSL10/3.7.606/lib/ble_core/Release/libblelib.a(llm.o)
                0x00108840                llm_encryption_start
 .text.llm_encryption_done
                0x001088a0       0xe4 C:/Users/xeeen/ON_Semiconductor/PACK/ONSemiconductor/RSL10/3.7.606/lib/ble_core/Release/libblelib.a(llm.o)
                0x001088a0                llm_encryption_done
 .text.llm_ral_clear
                0x00108984       0x1c C:/Users/xeeen/ON_Semiconductor/PACK/ONSemiconductor/RSL10/3.7.606/lib/ble_core/Release/libblelib.a(llm.o)
                0x00108984                llm_ral_clear
 .text.llm_init
                0x001089a0      0x1e0 C:/Users/xeeen/ON_Semiconductor/PACK/ONSemiconductor/RSL10/3.7.606/lib/ble_core/Release/libblelib.a(llm.o)
                0x001089a0                llm_init
 .text.llm_ral_dev_add
                0x00108b80      0x14c C:/Users/xeeen/ON_Semiconductor/PACK/ONSemiconductor/RSL10/3.7.606/lib/ble_core/Release/libblelib.a(llm.o)
                0x00108b80                llm_ral_dev_add
 .text.llm_ral_dev_rm
                0x00108ccc       0x3c C:/Users/xeeen/ON_Semiconductor/PACK/ONSemiconductor/RSL10/3.7.606/lib/ble_core/Release/libblelib.a(llm.o)
                0x00108ccc                llm_ral_dev_rm
 .text.llm_ral_get_rpa
                0x00108d08       0x70 C:/Users/xeeen/ON_Semiconductor/PACK/ONSemiconductor/RSL10/3.7.606/lib/ble_core/Release/libblelib.a(llm.o)
                0x00108d08                llm_ral_get_rpa
 .text.llm_ral_set_timeout
                0x00108d78       0x48 C:/Users/xeeen/ON_Semiconductor/PACK/ONSemiconductor/RSL10/3.7.606/lib/ble_core/Release/libblelib.a(llm.o)
                0x00108d78                llm_ral_set_timeout
 .text.llm_ral_update
                0x00108dc0       0x34 C:/Users/xeeen/ON_Semiconductor/PACK/ONSemiconductor/RSL10/3.7.606/lib/ble_core/Release/libblelib.a(llm.o)
                0x00108dc0                llm_ral_update
 .text.llm_set_adv_en
                0x00108df4      0x124 C:/Users/xeeen/ON_Semiconductor/PACK/ONSemiconductor/RSL10/3.7.606/lib/ble_core/Release/libblelib.a(llm.o)
                0x00108df4                llm_set_adv_en
 .text.llm_set_scan_en
                0x00108f18       0xb4 C:/Users/xeeen/ON_Semiconductor/PACK/ONSemiconductor/RSL10/3.7.606/lib/ble_core/Release/libblelib.a(llm.o)
                0x00108f18                llm_set_scan_en
 .text.llm_create_con
                0x00108fcc      0x138 C:/Users/xeeen/ON_Semiconductor/PACK/ONSemiconductor/RSL10/3.7.606/lib/ble_core/Release/libblelib.a(llm.o)
                0x00108fcc                llm_create_con
 .text.llm_dft_handler
                0x00109104        0x4 C:/Users/xeeen/ON_Semiconductor/PACK/ONSemiconductor/RSL10/3.7.606/lib/ble_core/Release/libblelib.a(llm_task.o)
 .text.llm_le_set_host_ch_class_cmd_sto_handler
                0x00109108       0x10 C:/Users/xeeen/ON_Semiconductor/PACK/ONSemiconductor/RSL10/3.7.606/lib/ble_core/Release/libblelib.a(llm_task.o)
 .text.llm_ecc_result_ind_handler
                0x00109118       0xa0 C:/Users/xeeen/ON_Semiconductor/PACK/ONSemiconductor/RSL10/3.7.606/lib/ble_core/Release/libblelib.a(llm_task.o)
 .text.llm_le_enh_priv_addr_renew_timer_handler
                0x001091b8       0x4c C:/Users/xeeen/ON_Semiconductor/PACK/ONSemiconductor/RSL10/3.7.606/lib/ble_core/Release/libblelib.a(llm_task.o)
 .text.llm_enc_req_handler
                0x00109204       0x30 C:/Users/xeeen/ON_Semiconductor/PACK/ONSemiconductor/RSL10/3.7.606/lib/ble_core/Release/libblelib.a(llm_task.o)
 .text.lld_stop_ind_handler
                0x00109234       0x5c C:/Users/xeeen/ON_Semiconductor/PACK/ONSemiconductor/RSL10/3.7.606/lib/ble_core/Release/libblelib.a(llm_task.o)
 .text.llm_util_bd_addr_wl_position
                0x00109290       0x74 C:/Users/xeeen/ON_Semiconductor/PACK/ONSemiconductor/RSL10/3.7.606/lib/ble_core/Release/libblelib.a(llm_util.o)
                0x00109290                llm_util_bd_addr_wl_position
 .text.llm_util_check_address_validity
                0x00109304       0x18 C:/Users/xeeen/ON_Semiconductor/PACK/ONSemiconductor/RSL10/3.7.606/lib/ble_core/Release/libblelib.a(llm_util.o)
                0x00109304                llm_util_check_address_validity
 .text.llm_util_check_map_validity
                0x0010931c       0x48 C:/Users/xeeen/ON_Semiconductor/PACK/ONSemiconductor/RSL10/3.7.606/lib/ble_core/Release/libblelib.a(llm_util.o)
                0x0010931c                llm_util_check_map_validity
 .text.llm_util_apply_bd_addr
                0x00109364       0x1c C:/Users/xeeen/ON_Semiconductor/PACK/ONSemiconductor/RSL10/3.7.606/lib/ble_core/Release/libblelib.a(llm_util.o)
                0x00109364                llm_util_apply_bd_addr
 .text.llm_util_check_evt_mask
                0x00109380       0x1c C:/Users/xeeen/ON_Semiconductor/PACK/ONSemiconductor/RSL10/3.7.606/lib/ble_core/Release/libblelib.a(llm_util.o)
                0x00109380                llm_util_check_evt_mask
 .text.llm_util_get_channel_map
                0x0010939c       0x10 C:/Users/xeeen/ON_Semiconductor/PACK/ONSemiconductor/RSL10/3.7.606/lib/ble_core/Release/libblelib.a(llm_util.o)
                0x0010939c                llm_util_get_channel_map
 .text.llm_util_get_supp_features
                0x001093ac       0x10 C:/Users/xeeen/ON_Semiconductor/PACK/ONSemiconductor/RSL10/3.7.606/lib/ble_core/Release/libblelib.a(llm_util.o)
                0x001093ac                llm_util_get_supp_features
 .text.llm_util_adv_data_update
                0x001093bc       0x40 C:/Users/xeeen/ON_Semiconductor/PACK/ONSemiconductor/RSL10/3.7.606/lib/ble_core/Release/libblelib.a(llm_util.o)
                0x001093bc                llm_util_adv_data_update
 .text.llm_util_bl_check
                0x001093fc       0x68 C:/Users/xeeen/ON_Semiconductor/PACK/ONSemiconductor/RSL10/3.7.606/lib/ble_core/Release/libblelib.a(llm_util.o)
                0x001093fc                llm_util_bl_check
 .text.llm_util_bd_addr_in_wl
                0x00109464       0x4e C:/Users/xeeen/ON_Semiconductor/PACK/ONSemiconductor/RSL10/3.7.606/lib/ble_core/Release/libblelib.a(llm_util.o)
                0x00109464                llm_util_bd_addr_in_wl
 *fill*         0x001094b2        0x2 
 .text.llm_util_get_default_phy
                0x001094b4       0x2c C:/Users/xeeen/ON_Semiconductor/PACK/ONSemiconductor/RSL10/3.7.606/lib/ble_core/Release/libblelib.a(llm_util.o)
                0x001094b4                llm_util_get_default_phy
 .text.llm_util_bd_addr_in_ral
                0x001094e0       0x74 C:/Users/xeeen/ON_Semiconductor/PACK/ONSemiconductor/RSL10/3.7.606/lib/ble_core/Release/libblelib.a(llm_util.o)
                0x001094e0                llm_util_bd_addr_in_ral
 .text.llm_util_bl_add
                0x00109554       0x8c C:/Users/xeeen/ON_Semiconductor/PACK/ONSemiconductor/RSL10/3.7.606/lib/ble_core/Release/libblelib.a(llm_util.o)
                0x00109554                llm_util_bl_add
 .text.llm_util_bl_rem
                0x001095e0       0x6c C:/Users/xeeen/ON_Semiconductor/PACK/ONSemiconductor/RSL10/3.7.606/lib/ble_core/Release/libblelib.a(llm_util.o)
                0x001095e0                llm_util_bl_rem
 .text.llm_end_evt_defer
                0x0010964c       0xbc C:/Users/xeeen/ON_Semiconductor/PACK/ONSemiconductor/RSL10/3.7.606/lib/ble_core/Release/libblelib.a(llm_util.o)
                0x0010964c                llm_end_evt_defer
 .text.llm_pdu_defer
                0x00109708       0x7c C:/Users/xeeen/ON_Semiconductor/PACK/ONSemiconductor/RSL10/3.7.606/lib/ble_core/Release/libblelib.a(llm_util.o)
                0x00109708                llm_pdu_defer
 .text.lld_init
                0x00109784      0x210 C:/Users/xeeen/ON_Semiconductor/PACK/ONSemiconductor/RSL10/3.7.606/lib/ble_core/Release/libblelib.a(lld.o)
                0x00109784                lld_init
 .text.lld_core_reset
                0x00109994       0x64 C:/Users/xeeen/ON_Semiconductor/PACK/ONSemiconductor/RSL10/3.7.606/lib/ble_core/Release/libblelib.a(lld.o)
                0x00109994                lld_core_reset
 .text.lld_adv_start
                0x001099f8      0x22c C:/Users/xeeen/ON_Semiconductor/PACK/ONSemiconductor/RSL10/3.7.606/lib/ble_core/Release/libblelib.a(lld.o)
                0x001099f8                lld_adv_start
 .text.lld_adv_stop
                0x00109c24       0x30 C:/Users/xeeen/ON_Semiconductor/PACK/ONSemiconductor/RSL10/3.7.606/lib/ble_core/Release/libblelib.a(lld.o)
                0x00109c24                lld_adv_stop
 .text.lld_scan_start
                0x00109c54      0x1c8 C:/Users/xeeen/ON_Semiconductor/PACK/ONSemiconductor/RSL10/3.7.606/lib/ble_core/Release/libblelib.a(lld.o)
                0x00109c54                lld_scan_start
 .text.lld_scan_stop
                0x00109e1c       0x30 C:/Users/xeeen/ON_Semiconductor/PACK/ONSemiconductor/RSL10/3.7.606/lib/ble_core/Release/libblelib.a(lld.o)
                0x00109e1c                lld_scan_stop
 .text.lld_con_start
                0x00109e4c      0x64c C:/Users/xeeen/ON_Semiconductor/PACK/ONSemiconductor/RSL10/3.7.606/lib/ble_core/Release/libblelib.a(lld.o)
                0x00109e4c                lld_con_start
 .text.lld_move_to_master
                0x0010a498       0xc8 C:/Users/xeeen/ON_Semiconductor/PACK/ONSemiconductor/RSL10/3.7.606/lib/ble_core/Release/libblelib.a(lld.o)
                0x0010a498                lld_move_to_master
 .text.lld_con_update_req
                0x0010a560       0x5a C:/Users/xeeen/ON_Semiconductor/PACK/ONSemiconductor/RSL10/3.7.606/lib/ble_core/Release/libblelib.a(lld.o)
                0x0010a560                lld_con_update_req
 *fill*         0x0010a5ba        0x2 
 .text.lld_con_update_after_param_req
                0x0010a5bc      0x230 C:/Users/xeeen/ON_Semiconductor/PACK/ONSemiconductor/RSL10/3.7.606/lib/ble_core/Release/libblelib.a(lld.o)
                0x0010a5bc                lld_con_update_after_param_req
 .text.lld_con_param_rsp
                0x0010a7ec      0x110 C:/Users/xeeen/ON_Semiconductor/PACK/ONSemiconductor/RSL10/3.7.606/lib/ble_core/Release/libblelib.a(lld.o)
                0x0010a7ec                lld_con_param_rsp
 .text.lld_con_param_req
                0x0010a8fc       0xca C:/Users/xeeen/ON_Semiconductor/PACK/ONSemiconductor/RSL10/3.7.606/lib/ble_core/Release/libblelib.a(lld.o)
                0x0010a8fc                lld_con_param_req
 .text.lld_con_stop
                0x0010a9c6        0x8 C:/Users/xeeen/ON_Semiconductor/PACK/ONSemiconductor/RSL10/3.7.606/lib/ble_core/Release/libblelib.a(lld.o)
                0x0010a9c6                lld_con_stop
 *fill*         0x0010a9ce        0x2 
 .text.lld_get_mode
                0x0010a9d0       0x28 C:/Users/xeeen/ON_Semiconductor/PACK/ONSemiconductor/RSL10/3.7.606/lib/ble_core/Release/libblelib.a(lld.o)
                0x0010a9d0                lld_get_mode
 .text.lld_move_to_slave
                0x0010a9f8      0x1a0 C:/Users/xeeen/ON_Semiconductor/PACK/ONSemiconductor/RSL10/3.7.606/lib/ble_core/Release/libblelib.a(lld.o)
                0x0010a9f8                lld_move_to_slave
 .text.lld_ch_map_ind
                0x0010ab98       0x46 C:/Users/xeeen/ON_Semiconductor/PACK/ONSemiconductor/RSL10/3.7.606/lib/ble_core/Release/libblelib.a(lld.o)
                0x0010ab98                lld_ch_map_ind
 .text.lld_con_update_ind
                0x0010abde        0xa C:/Users/xeeen/ON_Semiconductor/PACK/ONSemiconductor/RSL10/3.7.606/lib/ble_core/Release/libblelib.a(lld.o)
                0x0010abde                lld_con_update_ind
 .text.lld_crypt_isr
                0x0010abe8        0x6 C:/Users/xeeen/ON_Semiconductor/PACK/ONSemiconductor/RSL10/3.7.606/lib/ble_core/Release/libblelib.a(lld.o)
                0x0010abe8                lld_crypt_isr
 *fill*         0x0010abee        0x2 
 .text.lld_test_mode_tx
                0x0010abf0      0x100 C:/Users/xeeen/ON_Semiconductor/PACK/ONSemiconductor/RSL10/3.7.606/lib/ble_core/Release/libblelib.a(lld.o)
                0x0010abf0                lld_test_mode_tx
 .text.lld_test_mode_rx
                0x0010acf0      0x100 C:/Users/xeeen/ON_Semiconductor/PACK/ONSemiconductor/RSL10/3.7.606/lib/ble_core/Release/libblelib.a(lld.o)
                0x0010acf0                lld_test_mode_rx
 .text.lld_test_stop
                0x0010adf0       0x94 C:/Users/xeeen/ON_Semiconductor/PACK/ONSemiconductor/RSL10/3.7.606/lib/ble_core/Release/libblelib.a(lld.o)
                0x0010adf0                lld_test_stop
 .text.lld_ral_renew_req
                0x0010ae84       0x1c C:/Users/xeeen/ON_Semiconductor/PACK/ONSemiconductor/RSL10/3.7.606/lib/ble_core/Release/libblelib.a(lld.o)
                0x0010ae84                lld_ral_renew_req
 .text.lld_evt_winsize_change
                0x0010aea0       0xbc C:/Users/xeeen/ON_Semiconductor/PACK/ONSemiconductor/RSL10/3.7.606/lib/ble_core/Release/libblelib.a(lld_evt.o)
 .text.lld_evt_slave_time_compute
                0x0010af5c       0xe8 C:/Users/xeeen/ON_Semiconductor/PACK/ONSemiconductor/RSL10/3.7.606/lib/ble_core/Release/libblelib.a(lld_evt.o)
 .text.lld_evt_prevent_stop
                0x0010b044        0x2 C:/Users/xeeen/ON_Semiconductor/PACK/ONSemiconductor/RSL10/3.7.606/lib/ble_core/Release/libblelib.a(lld_evt.o)
                0x0010b044                lld_evt_prevent_stop
 *fill*         0x0010b046        0x2 
 .text.lld_evt_elt_wait_insert
                0x0010b048       0x20 C:/Users/xeeen/ON_Semiconductor/PACK/ONSemiconductor/RSL10/3.7.606/lib/ble_core/Release/libblelib.a(lld_evt.o)
 .text.lld_evt_deferred_elt_push
                0x0010b068       0x34 C:/Users/xeeen/ON_Semiconductor/PACK/ONSemiconductor/RSL10/3.7.606/lib/ble_core/Release/libblelib.a(lld_evt.o)
 .text.lld_evt_deferred_elt_pop
                0x0010b09c       0x38 C:/Users/xeeen/ON_Semiconductor/PACK/ONSemiconductor/RSL10/3.7.606/lib/ble_core/Release/libblelib.a(lld_evt.o)
 .text.lld_evt_get_next_free_slot
                0x0010b0d4       0x3c C:/Users/xeeen/ON_Semiconductor/PACK/ONSemiconductor/RSL10/3.7.606/lib/ble_core/Release/libblelib.a(lld_evt.o)
 .text.lld_evt_elt_wait_get
                0x0010b110       0x34 C:/Users/xeeen/ON_Semiconductor/PACK/ONSemiconductor/RSL10/3.7.606/lib/ble_core/Release/libblelib.a(lld_evt.o)
 .text.lld_evt_schedule
                0x0010b144      0x14c C:/Users/xeeen/ON_Semiconductor/PACK/ONSemiconductor/RSL10/3.7.606/lib/ble_core/Release/libblelib.a(lld_evt.o)
                0x0010b144                lld_evt_schedule
 .text.lld_evt_delete_elt_push
                0x0010b290       0x4c C:/Users/xeeen/ON_Semiconductor/PACK/ONSemiconductor/RSL10/3.7.606/lib/ble_core/Release/libblelib.a(lld_evt.o)
                0x0010b290                lld_evt_delete_elt_push
 .text.lld_evt_deffered_elt_handler
                0x0010b2dc       0xb4 C:/Users/xeeen/ON_Semiconductor/PACK/ONSemiconductor/RSL10/3.7.606/lib/ble_core/Release/libblelib.a(lld_evt.o)
                0x0010b2dc                lld_evt_deffered_elt_handler
 .text.lld_evt_channel_next
                0x0010b390       0x3c C:/Users/xeeen/ON_Semiconductor/PACK/ONSemiconductor/RSL10/3.7.606/lib/ble_core/Release/libblelib.a(lld_evt.o)
                0x0010b390                lld_evt_channel_next
 .text.lld_evt_init
                0x0010b3cc      0x12c C:/Users/xeeen/ON_Semiconductor/PACK/ONSemiconductor/RSL10/3.7.606/lib/ble_core/Release/libblelib.a(lld_evt.o)
                0x0010b3cc                lld_evt_init
 .text.lld_evt_init_evt
                0x0010b4f8       0x5c C:/Users/xeeen/ON_Semiconductor/PACK/ONSemiconductor/RSL10/3.7.606/lib/ble_core/Release/libblelib.a(lld_evt.o)
                0x0010b4f8                lld_evt_init_evt
 .text.lld_evt_elt_delete
                0x0010b554      0x12c C:/Users/xeeen/ON_Semiconductor/PACK/ONSemiconductor/RSL10/3.7.606/lib/ble_core/Release/libblelib.a(lld_evt.o)
                0x0010b554                lld_evt_elt_delete
 .text.lld_evt_delete_elt_handler
                0x0010b680       0xd8 C:/Users/xeeen/ON_Semiconductor/PACK/ONSemiconductor/RSL10/3.7.606/lib/ble_core/Release/libblelib.a(lld_evt.o)
 .text.lld_evt_drift_compute
                0x0010b758       0x38 C:/Users/xeeen/ON_Semiconductor/PACK/ONSemiconductor/RSL10/3.7.606/lib/ble_core/Release/libblelib.a(lld_evt.o)
                0x0010b758                lld_evt_drift_compute
 .text.lld_evt_rxwin_compute
                0x0010b790       0x4c C:/Users/xeeen/ON_Semiconductor/PACK/ONSemiconductor/RSL10/3.7.606/lib/ble_core/Release/libblelib.a(lld_evt.o)
 .text.lld_evt_restart
                0x0010b7dc      0x844 C:/Users/xeeen/ON_Semiconductor/PACK/ONSemiconductor/RSL10/3.7.606/lib/ble_core/Release/libblelib.a(lld_evt.o)
                0x0010b7dc                lld_evt_restart
 .text.lld_evt_elt_insert
                0x0010c020       0x88 C:/Users/xeeen/ON_Semiconductor/PACK/ONSemiconductor/RSL10/3.7.606/lib/ble_core/Release/libblelib.a(lld_evt.o)
                0x0010c020                lld_evt_elt_insert
 .text.lld_evt_canceled
                0x0010c0a8       0x58 C:/Users/xeeen/ON_Semiconductor/PACK/ONSemiconductor/RSL10/3.7.606/lib/ble_core/Release/libblelib.a(lld_evt.o)
                0x0010c0a8                lld_evt_canceled
 .text.lld_evt_schedule_next
                0x0010c100      0x1ac C:/Users/xeeen/ON_Semiconductor/PACK/ONSemiconductor/RSL10/3.7.606/lib/ble_core/Release/libblelib.a(lld_evt.o)
                0x0010c100                lld_evt_schedule_next
 .text.lld_evt_scan_create
                0x0010c2ac       0x88 C:/Users/xeeen/ON_Semiconductor/PACK/ONSemiconductor/RSL10/3.7.606/lib/ble_core/Release/libblelib.a(lld_evt.o)
                0x0010c2ac                lld_evt_scan_create
 .text.lld_evt_move_to_master
                0x0010c334      0x170 C:/Users/xeeen/ON_Semiconductor/PACK/ONSemiconductor/RSL10/3.7.606/lib/ble_core/Release/libblelib.a(lld_evt.o)
                0x0010c334                lld_evt_move_to_master
 .text.lld_evt_update_create
                0x0010c4a4      0x12e C:/Users/xeeen/ON_Semiconductor/PACK/ONSemiconductor/RSL10/3.7.606/lib/ble_core/Release/libblelib.a(lld_evt.o)
                0x0010c4a4                lld_evt_update_create
 *fill*         0x0010c5d2        0x2 
 .text.lld_evt_move_to_slave
                0x0010c5d4      0x348 C:/Users/xeeen/ON_Semiconductor/PACK/ONSemiconductor/RSL10/3.7.606/lib/ble_core/Release/libblelib.a(lld_evt.o)
                0x0010c5d4                lld_evt_move_to_slave
 .text.lld_evt_slave_update
                0x0010c91c      0x158 C:/Users/xeeen/ON_Semiconductor/PACK/ONSemiconductor/RSL10/3.7.606/lib/ble_core/Release/libblelib.a(lld_evt.o)
                0x0010c91c                lld_evt_slave_update
 .text.lld_evt_adv_create
                0x0010ca74       0x84 C:/Users/xeeen/ON_Semiconductor/PACK/ONSemiconductor/RSL10/3.7.606/lib/ble_core/Release/libblelib.a(lld_evt.o)
                0x0010ca74                lld_evt_adv_create
 .text.lld_evt_end
                0x0010caf8      0x280 C:/Users/xeeen/ON_Semiconductor/PACK/ONSemiconductor/RSL10/3.7.606/lib/ble_core/Release/libblelib.a(lld_evt.o)
                0x0010caf8                lld_evt_end
 .text.lld_evt_rx
                0x0010cd78       0x5c C:/Users/xeeen/ON_Semiconductor/PACK/ONSemiconductor/RSL10/3.7.606/lib/ble_core/Release/libblelib.a(lld_evt.o)
                0x0010cd78                lld_evt_rx
 .text.lld_evt_end_isr
                0x0010cdd4       0x4c C:/Users/xeeen/ON_Semiconductor/PACK/ONSemiconductor/RSL10/3.7.606/lib/ble_core/Release/libblelib.a(lld_evt.o)
                0x0010cdd4                lld_evt_end_isr
 .text.lld_evt_rx_isr
                0x0010ce20       0x10 C:/Users/xeeen/ON_Semiconductor/PACK/ONSemiconductor/RSL10/3.7.606/lib/ble_core/Release/libblelib.a(lld_evt.o)
                0x0010ce20                lld_evt_rx_isr
 .text.lld_evt_set_power_save
                0x0010ce30       0x10 C:/Users/xeeen/ON_Semiconductor/PACK/ONSemiconductor/RSL10/3.7.606/lib/ble_core/Release/libblelib.a(lld_evt.o)
                0x0010ce30                lld_evt_set_power_save
 .text.lld_pdu_llcp_con_param_req_unpk
                0x0010ce40       0xcc C:/Users/xeeen/ON_Semiconductor/PACK/ONSemiconductor/RSL10/3.7.606/lib/ble_core/Release/libblelib.a(lld_pdu.o)
 .text.lld_pdu_llcp_con_param_rsp_unpk
                0x0010cf0c       0xcc C:/Users/xeeen/ON_Semiconductor/PACK/ONSemiconductor/RSL10/3.7.606/lib/ble_core/Release/libblelib.a(lld_pdu.o)
 .text.lld_pdu_llcp_length_req_unpk
                0x0010cfd8       0x3e C:/Users/xeeen/ON_Semiconductor/PACK/ONSemiconductor/RSL10/3.7.606/lib/ble_core/Release/libblelib.a(lld_pdu.o)
 .text.lld_pdu_llcp_length_rsp_unpk
                0x0010d016       0x3e C:/Users/xeeen/ON_Semiconductor/PACK/ONSemiconductor/RSL10/3.7.606/lib/ble_core/Release/libblelib.a(lld_pdu.o)
 .text.lld_pdu_llcp_phy_upd_req_unpk
                0x0010d054       0x2e C:/Users/xeeen/ON_Semiconductor/PACK/ONSemiconductor/RSL10/3.7.606/lib/ble_core/Release/libblelib.a(lld_pdu.o)
 .text.lld_pdu_pack
                0x0010d082       0xba C:/Users/xeeen/ON_Semiconductor/PACK/ONSemiconductor/RSL10/3.7.606/lib/ble_core/Release/libblelib.a(lld_pdu.o)
 .text.lld_pdu_tx_flush_list
                0x0010d13c       0x98 C:/Users/xeeen/ON_Semiconductor/PACK/ONSemiconductor/RSL10/3.7.606/lib/ble_core/Release/libblelib.a(lld_pdu.o)
 .text.lld_pdu_cntl_aligned_unpk
                0x0010d1d4       0x16 C:/Users/xeeen/ON_Semiconductor/PACK/ONSemiconductor/RSL10/3.7.606/lib/ble_core/Release/libblelib.a(lld_pdu.o)
 *fill*         0x0010d1ea        0x2 
 .text.lld_pdu_check
                0x0010d1ec      0x1f0 C:/Users/xeeen/ON_Semiconductor/PACK/ONSemiconductor/RSL10/3.7.606/lib/ble_core/Release/libblelib.a(lld_pdu.o)
                0x0010d1ec                lld_pdu_check
 .text.lld_pdu_tx_loop
                0x0010d3dc       0x38 C:/Users/xeeen/ON_Semiconductor/PACK/ONSemiconductor/RSL10/3.7.606/lib/ble_core/Release/libblelib.a(lld_pdu.o)
                0x0010d3dc                lld_pdu_tx_loop
 .text.lld_pdu_data_tx_push
                0x0010d414       0x78 C:/Users/xeeen/ON_Semiconductor/PACK/ONSemiconductor/RSL10/3.7.606/lib/ble_core/Release/libblelib.a(lld_pdu.o)
                0x0010d414                lld_pdu_data_tx_push
 .text.lld_pdu_data_send
                0x0010d48c       0x58 C:/Users/xeeen/ON_Semiconductor/PACK/ONSemiconductor/RSL10/3.7.606/lib/ble_core/Release/libblelib.a(lld_pdu.o)
                0x0010d48c                lld_pdu_data_send
 .text.lld_pdu_tx_push
                0x0010d4e4       0x48 C:/Users/xeeen/ON_Semiconductor/PACK/ONSemiconductor/RSL10/3.7.606/lib/ble_core/Release/libblelib.a(lld_pdu.o)
                0x0010d4e4                lld_pdu_tx_push
 .text.lld_pdu_tx_prog
                0x0010d52c      0x42c C:/Users/xeeen/ON_Semiconductor/PACK/ONSemiconductor/RSL10/3.7.606/lib/ble_core/Release/libblelib.a(lld_pdu.o)
                0x0010d52c                lld_pdu_tx_prog
 .text.lld_pdu_tx_flush
                0x0010d958       0x7c C:/Users/xeeen/ON_Semiconductor/PACK/ONSemiconductor/RSL10/3.7.606/lib/ble_core/Release/libblelib.a(lld_pdu.o)
                0x0010d958                lld_pdu_tx_flush
 .text.lld_pdu_adv_pack
                0x0010d9d4       0x24 C:/Users/xeeen/ON_Semiconductor/PACK/ONSemiconductor/RSL10/3.7.606/lib/ble_core/Release/libblelib.a(lld_pdu.o)
                0x0010d9d4                lld_pdu_adv_pack
 .text.lld_pdu_rx_handler
                0x0010d9f8      0x308 C:/Users/xeeen/ON_Semiconductor/PACK/ONSemiconductor/RSL10/3.7.606/lib/ble_core/Release/libblelib.a(lld_pdu.o)
                0x0010d9f8                lld_pdu_rx_handler
 .text.lld_sleep_init
                0x0010dd00       0x44 C:/Users/xeeen/ON_Semiconductor/PACK/ONSemiconductor/RSL10/3.7.606/lib/ble_core/Release/libblelib.a(lld_sleep.o)
                0x0010dd00                lld_sleep_init
 .text.lld_sleep_wakeup
                0x0010dd44       0x78 C:/Users/xeeen/ON_Semiconductor/PACK/ONSemiconductor/RSL10/3.7.606/lib/ble_core/Release/libblelib.a(lld_sleep.o)
                0x0010dd44                lld_sleep_wakeup
 .text.lld_sleep_wakeup_end
                0x0010ddbc       0x20 C:/Users/xeeen/ON_Semiconductor/PACK/ONSemiconductor/RSL10/3.7.606/lib/ble_core/Release/libblelib.a(lld_sleep.o)
                0x0010ddbc                lld_sleep_wakeup_end
 .text.lld_util_instant_get
                0x0010dddc       0x18 C:/Users/xeeen/ON_Semiconductor/PACK/ONSemiconductor/RSL10/3.7.606/lib/ble_core/Release/libblelib.a(lld_util.o)
                0x0010dddc                lld_util_instant_get
 .text.lld_util_set_bd_address
                0x0010ddf4       0x30 C:/Users/xeeen/ON_Semiconductor/PACK/ONSemiconductor/RSL10/3.7.606/lib/ble_core/Release/libblelib.a(lld_util.o)
                0x0010ddf4                lld_util_set_bd_address
 .text.lld_util_ral_force_rpa_renew
                0x0010de24       0x44 C:/Users/xeeen/ON_Semiconductor/PACK/ONSemiconductor/RSL10/3.7.606/lib/ble_core/Release/libblelib.a(lld_util.o)
                0x0010de24                lld_util_ral_force_rpa_renew
 .text.lld_util_freq2chnl
                0x0010de68       0x20 C:/Users/xeeen/ON_Semiconductor/PACK/ONSemiconductor/RSL10/3.7.606/lib/ble_core/Release/libblelib.a(lld_util.o)
                0x0010de68                lld_util_freq2chnl
 .text.lld_util_get_local_offset
                0x0010de88       0x16 C:/Users/xeeen/ON_Semiconductor/PACK/ONSemiconductor/RSL10/3.7.606/lib/ble_core/Release/libblelib.a(lld_util.o)
                0x0010de88                lld_util_get_local_offset
 .text.lld_util_get_peer_offset
                0x0010de9e       0x18 C:/Users/xeeen/ON_Semiconductor/PACK/ONSemiconductor/RSL10/3.7.606/lib/ble_core/Release/libblelib.a(lld_util.o)
                0x0010de9e                lld_util_get_peer_offset
 .text.lld_util_connection_param_set
                0x0010deb6       0x44 C:/Users/xeeen/ON_Semiconductor/PACK/ONSemiconductor/RSL10/3.7.606/lib/ble_core/Release/libblelib.a(lld_util.o)
                0x0010deb6                lld_util_connection_param_set
 *fill*         0x0010defa        0x2 
 .text.lld_util_dle_set_cs_fields
                0x0010defc       0x18 C:/Users/xeeen/ON_Semiconductor/PACK/ONSemiconductor/RSL10/3.7.606/lib/ble_core/Release/libblelib.a(lld_util.o)
                0x0010defc                lld_util_dle_set_cs_fields
 .text.lld_util_anchor_point_move
                0x0010df14       0xe0 C:/Users/xeeen/ON_Semiconductor/PACK/ONSemiconductor/RSL10/3.7.606/lib/ble_core/Release/libblelib.a(lld_util.o)
                0x0010df14                lld_util_anchor_point_move
 .text.lld_util_flush_list
                0x0010dff4       0x14 C:/Users/xeeen/ON_Semiconductor/PACK/ONSemiconductor/RSL10/3.7.606/lib/ble_core/Release/libblelib.a(lld_util.o)
                0x0010dff4                lld_util_flush_list
 .text.lld_util_instant_ongoing
                0x0010e008        0xc C:/Users/xeeen/ON_Semiconductor/PACK/ONSemiconductor/RSL10/3.7.606/lib/ble_core/Release/libblelib.a(lld_util.o)
                0x0010e008                lld_util_instant_ongoing
 .text.lld_util_compute_ce_max
                0x0010e014       0xac C:/Users/xeeen/ON_Semiconductor/PACK/ONSemiconductor/RSL10/3.7.606/lib/ble_core/Release/libblelib.a(lld_util.o)
                0x0010e014                lld_util_compute_ce_max
 .text.lld_util_priority_set
                0x0010e0c0       0x48 C:/Users/xeeen/ON_Semiconductor/PACK/ONSemiconductor/RSL10/3.7.606/lib/ble_core/Release/libblelib.a(lld_util.o)
                0x0010e0c0                lld_util_priority_set
 .text.lld_util_get_tx_pkt_cnt
                0x0010e108        0x6 C:/Users/xeeen/ON_Semiconductor/PACK/ONSemiconductor/RSL10/3.7.606/lib/ble_core/Release/libblelib.a(lld_util.o)
                0x0010e108                lld_util_get_tx_pkt_cnt
 *fill*         0x0010e10e        0x2 
 .text.lld_util_get_phys
                0x0010e110       0x34 C:/Users/xeeen/ON_Semiconductor/PACK/ONSemiconductor/RSL10/3.7.606/lib/ble_core/Release/libblelib.a(lld_util.o)
                0x0010e110                lld_util_get_phys
 .text.lld_util_phy_update_ind
                0x0010e144       0x74 C:/Users/xeeen/ON_Semiconductor/PACK/ONSemiconductor/RSL10/3.7.606/lib/ble_core/Release/libblelib.a(lld_util.o)
                0x0010e144                lld_util_phy_update_ind
 .text.lld_util_phy_update_req
                0x0010e1b8       0x68 C:/Users/xeeen/ON_Semiconductor/PACK/ONSemiconductor/RSL10/3.7.606/lib/ble_core/Release/libblelib.a(lld_util.o)
                0x0010e1b8                lld_util_phy_update_req
 .text.lld_util_max_rx_size_and_time_set
                0x0010e220       0x44 C:/Users/xeeen/ON_Semiconductor/PACK/ONSemiconductor/RSL10/3.7.606/lib/ble_core/Release/libblelib.a(lld_util.o)
                0x0010e220                lld_util_max_rx_size_and_time_set
 .text.lld_util_pref_slave_latency_set
                0x0010e264       0x58 C:/Users/xeeen/ON_Semiconductor/PACK/ONSemiconductor/RSL10/3.7.606/lib/ble_core/Release/libblelib.a(lld_util.o)
                0x0010e264                lld_util_pref_slave_latency_set
 .text.lld_util_eff_tx_time_set
                0x0010e2bc        0xa C:/Users/xeeen/ON_Semiconductor/PACK/ONSemiconductor/RSL10/3.7.606/lib/ble_core/Release/libblelib.a(lld_util.o)
                0x0010e2bc                lld_util_eff_tx_time_set
 *fill*         0x0010e2c6        0x2 
 .text.lld_util_max_lat_compute
                0x0010e2c8       0x80 C:/Users/xeeen/ON_Semiconductor/PACK/ONSemiconductor/RSL10/3.7.606/lib/ble_core/Release/libblelib.a(lld_util.o)
                0x0010e2c8                lld_util_max_lat_compute
 .text.lld_wlcoex_set
                0x0010e348       0x1c C:/Users/xeeen/ON_Semiconductor/PACK/ONSemiconductor/RSL10/3.7.606/lib/ble_core/Release/libblelib.a(lld_wlcoex.o)
                0x0010e348                lld_wlcoex_set
 .text.llc_init
                0x0010e364       0x38 C:/Users/xeeen/ON_Semiconductor/PACK/ONSemiconductor/RSL10/3.7.606/lib/ble_core/Release/libblelib.a(llc.o)
                0x0010e364                llc_init
 .text.llc_stop
                0x0010e39c       0x54 C:/Users/xeeen/ON_Semiconductor/PACK/ONSemiconductor/RSL10/3.7.606/lib/ble_core/Release/libblelib.a(llc.o)
                0x0010e39c                llc_stop
 .text.llc_reset
                0x0010e3f0       0x26 C:/Users/xeeen/ON_Semiconductor/PACK/ONSemiconductor/RSL10/3.7.606/lib/ble_core/Release/libblelib.a(llc.o)
                0x0010e3f0                llc_reset
 .text.llc_discon_event_complete_send
                0x0010e416       0x24 C:/Users/xeeen/ON_Semiconductor/PACK/ONSemiconductor/RSL10/3.7.606/lib/ble_core/Release/libblelib.a(llc.o)
                0x0010e416                llc_discon_event_complete_send
 *fill*         0x0010e43a        0x2 
 .text.llc_le_con_cmp_evt_send
                0x0010e43c      0x248 C:/Users/xeeen/ON_Semiconductor/PACK/ONSemiconductor/RSL10/3.7.606/lib/ble_core/Release/libblelib.a(llc.o)
                0x0010e43c                llc_le_con_cmp_evt_send
 .text.llc_start
                0x0010e684      0x15c C:/Users/xeeen/ON_Semiconductor/PACK/ONSemiconductor/RSL10/3.7.606/lib/ble_core/Release/libblelib.a(llc.o)
                0x0010e684                llc_start
 .text.llc_con_update_complete_send
                0x0010e7e0       0x60 C:/Users/xeeen/ON_Semiconductor/PACK/ONSemiconductor/RSL10/3.7.606/lib/ble_core/Release/libblelib.a(llc.o)
                0x0010e7e0                llc_con_update_complete_send
 .text.llc_ltk_req_send
                0x0010e840       0x34 C:/Users/xeeen/ON_Semiconductor/PACK/ONSemiconductor/RSL10/3.7.606/lib/ble_core/Release/libblelib.a(llc.o)
                0x0010e840                llc_ltk_req_send
 .text.llc_feats_rd_event_send
                0x0010e874       0x38 C:/Users/xeeen/ON_Semiconductor/PACK/ONSemiconductor/RSL10/3.7.606/lib/ble_core/Release/libblelib.a(llc.o)
                0x0010e874                llc_feats_rd_event_send
 .text.llc_version_rd_event_send
                0x0010e8ac       0x3c C:/Users/xeeen/ON_Semiconductor/PACK/ONSemiconductor/RSL10/3.7.606/lib/ble_core/Release/libblelib.a(llc.o)
                0x0010e8ac                llc_version_rd_event_send
 .text.llc_common_cmd_complete_send
                0x0010e8e8       0x20 C:/Users/xeeen/ON_Semiconductor/PACK/ONSemiconductor/RSL10/3.7.606/lib/ble_core/Release/libblelib.a(llc.o)
                0x0010e8e8                llc_common_cmd_complete_send
 .text.llc_common_cmd_status_send
                0x0010e908       0x1c C:/Users/xeeen/ON_Semiconductor/PACK/ONSemiconductor/RSL10/3.7.606/lib/ble_core/Release/libblelib.a(llc.o)
                0x0010e908                llc_common_cmd_status_send
 .text.llc_common_enc_key_ref_comp_evt_send
                0x0010e924       0x20 C:/Users/xeeen/ON_Semiconductor/PACK/ONSemiconductor/RSL10/3.7.606/lib/ble_core/Release/libblelib.a(llc.o)
                0x0010e924                llc_common_enc_key_ref_comp_evt_send
 .text.llc_common_enc_change_evt_send
                0x0010e944       0x78 C:/Users/xeeen/ON_Semiconductor/PACK/ONSemiconductor/RSL10/3.7.606/lib/ble_core/Release/libblelib.a(llc.o)
                0x0010e944                llc_common_enc_change_evt_send
 .text.llc_common_nb_of_pkt_comp_evt_send
                0x0010e9bc       0x24 C:/Users/xeeen/ON_Semiconductor/PACK/ONSemiconductor/RSL10/3.7.606/lib/ble_core/Release/libblelib.a(llc.o)
                0x0010e9bc                llc_common_nb_of_pkt_comp_evt_send
 .text.llc_con_update_ind
                0x0010e9e0       0x4c C:/Users/xeeen/ON_Semiconductor/PACK/ONSemiconductor/RSL10/3.7.606/lib/ble_core/Release/libblelib.a(llc.o)
                0x0010e9e0                llc_con_update_ind
 .text.llc_lsto_con_update
                0x0010ea2c       0x40 C:/Users/xeeen/ON_Semiconductor/PACK/ONSemiconductor/RSL10/3.7.606/lib/ble_core/Release/libblelib.a(llc.o)
                0x0010ea2c                llc_lsto_con_update
 .text.llc_map_update_ind
                0x0010ea6c       0x58 C:/Users/xeeen/ON_Semiconductor/PACK/ONSemiconductor/RSL10/3.7.606/lib/ble_core/Release/libblelib.a(llc.o)
                0x0010ea6c                llc_map_update_ind
 .text.llc_con_update_finished
                0x0010eac4       0x84 C:/Users/xeeen/ON_Semiconductor/PACK/ONSemiconductor/RSL10/3.7.606/lib/ble_core/Release/libblelib.a(llc.o)
                0x0010eac4                llc_con_update_finished
 .text.llc_map_update_finished
                0x0010eb48       0x7c C:/Users/xeeen/ON_Semiconductor/PACK/ONSemiconductor/RSL10/3.7.606/lib/ble_core/Release/libblelib.a(llc.o)
                0x0010eb48                llc_map_update_finished
 .text.llc_phy_update_complete_send
                0x0010ebc4       0x2e C:/Users/xeeen/ON_Semiconductor/PACK/ONSemiconductor/RSL10/3.7.606/lib/ble_core/Release/libblelib.a(llc.o)
                0x0010ebc4                llc_phy_update_complete_send
 *fill*         0x0010ebf2        0x2 
 .text.llc_phy_update_finished
                0x0010ebf4       0xb8 C:/Users/xeeen/ON_Semiconductor/PACK/ONSemiconductor/RSL10/3.7.606/lib/ble_core/Release/libblelib.a(llc.o)
                0x0010ebf4                llc_phy_update_finished
 .text.llc_allocate_env
                0x0010ecac       0x34 C:/Users/xeeen/ON_Semiconductor/PACK/ONSemiconductor/RSL10/3.7.606/lib/ble_core/Release/libblelib.a(llc.o)
                0x0010ecac                llc_allocate_env
 .text.llc_end_procedure_with_instant
                0x0010ece0       0x78 C:/Users/xeeen/ON_Semiconductor/PACK/ONSemiconductor/RSL10/3.7.606/lib/ble_core/Release/libblelib.a(llc.o)
                0x0010ece0                llc_end_procedure_with_instant
 .text.llc_llcp_send
                0x0010ed58       0x80 C:/Users/xeeen/ON_Semiconductor/PACK/ONSemiconductor/RSL10/3.7.606/lib/ble_core/Release/libblelib.a(llc_llcp.o)
 .text.llcp_ping_rsp_handler
                0x0010edd8       0x54 C:/Users/xeeen/ON_Semiconductor/PACK/ONSemiconductor/RSL10/3.7.606/lib/ble_core/Release/libblelib.a(llc_llcp.o)
 .text.llcp_enc_rsp_handler
                0x0010ee2c       0xe0 C:/Users/xeeen/ON_Semiconductor/PACK/ONSemiconductor/RSL10/3.7.606/lib/ble_core/Release/libblelib.a(llc_llcp.o)
 .text.llcp_terminate_ind_handler
                0x0010ef0c       0x4c C:/Users/xeeen/ON_Semiconductor/PACK/ONSemiconductor/RSL10/3.7.606/lib/ble_core/Release/libblelib.a(llc_llcp.o)
 .text.llc_llcp_reject_ind
                0x0010ef58      0x23c C:/Users/xeeen/ON_Semiconductor/PACK/ONSemiconductor/RSL10/3.7.606/lib/ble_core/Release/libblelib.a(llc_llcp.o)
 .text.llcp_reject_ind_ext_handler
                0x0010f194       0x10 C:/Users/xeeen/ON_Semiconductor/PACK/ONSemiconductor/RSL10/3.7.606/lib/ble_core/Release/libblelib.a(llc_llcp.o)
 .text.llcp_reject_ind_handler
                0x0010f1a4       0x10 C:/Users/xeeen/ON_Semiconductor/PACK/ONSemiconductor/RSL10/3.7.606/lib/ble_core/Release/libblelib.a(llc_llcp.o)
 .text.llcp_pause_enc_req_handler
                0x0010f1b4       0xbc C:/Users/xeeen/ON_Semiconductor/PACK/ONSemiconductor/RSL10/3.7.606/lib/ble_core/Release/libblelib.a(llc_llcp.o)
 .text.llcp_start_enc_req_handler
                0x0010f270       0x68 C:/Users/xeeen/ON_Semiconductor/PACK/ONSemiconductor/RSL10/3.7.606/lib/ble_core/Release/libblelib.a(llc_llcp.o)
 .text.llcp_enc_req_handler
                0x0010f2d8       0xcc C:/Users/xeeen/ON_Semiconductor/PACK/ONSemiconductor/RSL10/3.7.606/lib/ble_core/Release/libblelib.a(llc_llcp.o)
 .text.llcp_unknown_rsp_handler
                0x0010f3a4      0x23c C:/Users/xeeen/ON_Semiconductor/PACK/ONSemiconductor/RSL10/3.7.606/lib/ble_core/Release/libblelib.a(llc_llcp.o)
 .text.llc_llcp_version_ind_pdu_send
                0x0010f5e0       0x2a C:/Users/xeeen/ON_Semiconductor/PACK/ONSemiconductor/RSL10/3.7.606/lib/ble_core/Release/libblelib.a(llc_llcp.o)
                0x0010f5e0                llc_llcp_version_ind_pdu_send
 *fill*         0x0010f60a        0x2 
 .text.llcp_vers_ind_handler
                0x0010f60c       0x98 C:/Users/xeeen/ON_Semiconductor/PACK/ONSemiconductor/RSL10/3.7.606/lib/ble_core/Release/libblelib.a(llc_llcp.o)
 .text.llc_llcp_ch_map_update_pdu_send
                0x0010f6a4       0x44 C:/Users/xeeen/ON_Semiconductor/PACK/ONSemiconductor/RSL10/3.7.606/lib/ble_core/Release/libblelib.a(llc_llcp.o)
                0x0010f6a4                llc_llcp_ch_map_update_pdu_send
 .text.llc_llcp_pause_enc_req_pdu_send
                0x0010f6e8       0x30 C:/Users/xeeen/ON_Semiconductor/PACK/ONSemiconductor/RSL10/3.7.606/lib/ble_core/Release/libblelib.a(llc_llcp.o)
                0x0010f6e8                llc_llcp_pause_enc_req_pdu_send
 .text.llc_llcp_pause_enc_rsp_pdu_send
                0x0010f718       0x40 C:/Users/xeeen/ON_Semiconductor/PACK/ONSemiconductor/RSL10/3.7.606/lib/ble_core/Release/libblelib.a(llc_llcp.o)
                0x0010f718                llc_llcp_pause_enc_rsp_pdu_send
 .text.llcp_pause_enc_rsp_handler
                0x0010f758       0xd4 C:/Users/xeeen/ON_Semiconductor/PACK/ONSemiconductor/RSL10/3.7.606/lib/ble_core/Release/libblelib.a(llc_llcp.o)
 .text.llc_llcp_enc_req_pdu_send
                0x0010f82c       0xcc C:/Users/xeeen/ON_Semiconductor/PACK/ONSemiconductor/RSL10/3.7.606/lib/ble_core/Release/libblelib.a(llc_llcp.o)
                0x0010f82c                llc_llcp_enc_req_pdu_send
 .text.llc_llcp_enc_rsp_pdu_send
                0x0010f8f8       0x5c C:/Users/xeeen/ON_Semiconductor/PACK/ONSemiconductor/RSL10/3.7.606/lib/ble_core/Release/libblelib.a(llc_llcp.o)
                0x0010f8f8                llc_llcp_enc_rsp_pdu_send
 .text.llc_llcp_start_enc_rsp_pdu_send