Archive member included to satisfy reference by file (symbol)

C:/Users/xeeen/ON_Semiconductor/PACK/ONSemiconductor/RSL10/3.7.606/lib/ble_core/Release/libblelib.a(prf-prf_utils.o)
                              ./code/ble_basc.o (prf_env_get)
C:/Users/xeeen/ON_Semiconductor/PACK/ONSemiconductor/RSL10/3.7.606/lib/ble_core/Release/libblelib.a(rwip.o)
                              ./code/ble_std.o (BLE_InitNoTL)
C:/Users/xeeen/ON_Semiconductor/PACK/ONSemiconductor/RSL10/3.7.606/lib/ble_core/Release/libblelib.a(rf_atlas.o)
                              C:/Users/xeeen/ON_Semiconductor/PACK/ONSemiconductor/RSL10/3.7.606/lib/ble_core/Release/libblelib.a(rwip.o) (rf_init)
C:/Users/xeeen/ON_Semiconductor/PACK/ONSemiconductor/RSL10/3.7.606/lib/ble_core/Release/libblelib.a(ecc_p256.o)
                              C:/Users/xeeen/ON_Semiconductor/PACK/ONSemiconductor/RSL10/3.7.606/lib/ble_core/Release/libblelib.a(rwip.o) (ecc_init)
C:/Users/xeeen/ON_Semiconductor/PACK/ONSemiconductor/RSL10/3.7.606/lib/ble_core/Release/libblelib.a(hci.o)
                              C:/Users/xeeen/ON_Semiconductor/PACK/ONSemiconductor/RSL10/3.7.606/lib/ble_core/Release/libblelib.a(rwip.o) (hci_init)
C:/Users/xeeen/ON_Semiconductor/PACK/ONSemiconductor/RSL10/3.7.606/lib/ble_core/Release/libblelib.a(hci_fc.o)
                              C:/Users/xeeen/ON_Semiconductor/PACK/ONSemiconductor/RSL10/3.7.606/lib/ble_core/Release/libblelib.a(hci.o) (hci_fc_init)
C:/Users/xeeen/ON_Semiconductor/PACK/ONSemiconductor/RSL10/3.7.606/lib/ble_core/Release/libblelib.a(hci_msg.o)
                              C:/Users/xeeen/ON_Semiconductor/PACK/ONSemiconductor/RSL10/3.7.606/lib/ble_core/Release/libblelib.a(hci.o) (hci_look_for_cmd_desc)
C:/Users/xeeen/ON_Semiconductor/PACK/ONSemiconductor/RSL10/3.7.606/lib/ble_core/Release/libblelib.a(ea.o)
                              C:/Users/xeeen/ON_Semiconductor/PACK/ONSemiconductor/RSL10/3.7.606/lib/ble_core/Release/libblelib.a(rwip.o) (ea_init)
C:/Users/xeeen/ON_Semiconductor/PACK/ONSemiconductor/RSL10/3.7.606/lib/ble_core/Release/libblelib.a(rwble.o)
                              C:/Users/xeeen/ON_Semiconductor/PACK/ONSemiconductor/RSL10/3.7.606/lib/ble_core/Release/libblelib.a(rwip.o) (rwble_init)
C:/Users/xeeen/ON_Semiconductor/PACK/ONSemiconductor/RSL10/3.7.606/lib/ble_core/Release/libblelib.a(llm.o)
                              C:/Users/xeeen/ON_Semiconductor/PACK/ONSemiconductor/RSL10/3.7.606/lib/ble_core/Release/libblelib.a(rwble.o) (llm_ble_ready)
C:/Users/xeeen/ON_Semiconductor/PACK/ONSemiconductor/RSL10/3.7.606/lib/ble_core/Release/libblelib.a(llm_task.o)
                              C:/Users/xeeen/ON_Semiconductor/PACK/ONSemiconductor/RSL10/3.7.606/lib/ble_core/Release/libblelib.a(llm.o) (llm_state)
C:/Users/xeeen/ON_Semiconductor/PACK/ONSemiconductor/RSL10/3.7.606/lib/ble_core/Release/libblelib.a(llm_util.o)
                              C:/Users/xeeen/ON_Semiconductor/PACK/ONSemiconductor/RSL10/3.7.606/lib/ble_core/Release/libblelib.a(llm.o) (llm_util_bd_addr_wl_position)
C:/Users/xeeen/ON_Semiconductor/PACK/ONSemiconductor/RSL10/3.7.606/lib/ble_core/Release/libblelib.a(lld.o)
                              C:/Users/xeeen/ON_Semiconductor/PACK/ONSemiconductor/RSL10/3.7.606/lib/ble_core/Release/libblelib.a(rwble.o) (lld_init)
C:/Users/xeeen/ON_Semiconductor/PACK/ONSemiconductor/RSL10/3.7.606/lib/ble_core/Release/libblelib.a(lld_evt.o)
                              C:/Users/xeeen/ON_Semiconductor/PACK/ONSemiconductor/RSL10/3.7.606/lib/ble_core/Release/libblelib.a(lld.o) (lld_evt_prevent_stop)
C:/Users/xeeen/ON_Semiconductor/PACK/ONSemiconductor/RSL10/3.7.606/lib/ble_core/Release/libblelib.a(lld_pdu.o)
                              C:/Users/xeeen/ON_Semiconductor/PACK/ONSemiconductor/RSL10/3.7.606/lib/ble_core/Release/libblelib.a(lld_evt.o) (lld_pdu_check)
C:/Users/xeeen/ON_Semiconductor/PACK/ONSemiconductor/RSL10/3.7.606/lib/ble_core/Release/libblelib.a(lld_sleep.o)
                              C:/Users/xeeen/ON_Semiconductor/PACK/ONSemiconductor/RSL10/3.7.606/lib/ble_core/Release/libblelib.a(lld.o) (lld_sleep_init)
C:/Users/xeeen/ON_Semiconductor/PACK/ONSemiconductor/RSL10/3.7.606/lib/ble_core/Release/libblelib.a(lld_util.o)
                              C:/Users/xeeen/ON_Semiconductor/PACK/ONSemiconductor/RSL10/3.7.606/lib/ble_core/Release/libblelib.a(llm_util.o) (lld_util_set_bd_address)
C:/Users/xeeen/ON_Semiconductor/PACK/ONSemiconductor/RSL10/3.7.606/lib/ble_core/Release/libblelib.a(lld_wlcoex.o)
                              C:/Users/xeeen/ON_Semiconductor/PACK/ONSemiconductor/RSL10/3.7.606/lib/ble_core/Release/libblelib.a(rwip.o) (lld_wlcoex_set)
C:/Users/xeeen/ON_Semiconductor/PACK/ONSemiconductor/RSL10/3.7.606/lib/ble_core/Release/libblelib.a(llc.o)
                              C:/Users/xeeen/ON_Semiconductor/PACK/ONSemiconductor/RSL10/3.7.606/lib/ble_core/Release/libblelib.a(rwble.o) (llc_init)
[...]
Memory Configuration

Name             Origin             Length             Attributes
ROM              0x00000000         0x00001000         r
FLASH            0x00100000         0x0005f000         xrw
PRAM             0x00200000         0x00008000         xrw
DRAM             0x20000000         0x00008000         xrw
DRAM_DSP         0x20008000         0x0000a000         xrw
DRAM_BB          0x20012000         0x00004000         xrw
*default*        0x00000000         0xffffffff

Linker script and memory map

START GROUP
LOAD ./code/app_bass.o
LOAD ./code/app_init.o
LOAD ./code/app_process.o
LOAD ./code/ble_basc.o
LOAD ./code/ble_custom.o
LOAD ./code/ble_std.o
LOAD ./code/uart.o
LOAD ./code/ui_handler.o
LOAD ./RTE/Utility/SEGGER_RTT.o
LOAD ./RTE/Utility/SEGGER_RTT_ASM_ARMv7M.o
LOAD ./RTE/Utility/SEGGER_RTT_printf.o
LOAD ./RTE/Utility/printf.o
LOAD ./RTE/Device/RSL10/rsl10_protocol.o
LOAD ./RTE/Device/RSL10/rsl10_romvect.o
LOAD ./RTE/Device/RSL10/rsl10_sys_asrc.o
LOAD ./RTE/Device/RSL10/rsl10_sys_audio.o
LOAD ./RTE/Device/RSL10/rsl10_sys_clocks.o
LOAD ./RTE/Device/RSL10/rsl10_sys_crc.o
LOAD ./RTE/Device/RSL10/rsl10_sys_dma.o
LOAD ./RTE/Device/RSL10/rsl10_sys_flash.o
LOAD ./RTE/Device/RSL10/rsl10_sys_power.o
LOAD ./RTE/Device/RSL10/rsl10_sys_power_modes.o
LOAD ./RTE/Device/RSL10/rsl10_sys_rffe.o
LOAD ./RTE/Device/RSL10/rsl10_sys_timers.o
LOAD ./RTE/Device/RSL10/rsl10_sys_uart.o
LOAD ./RTE/Device/RSL10/rsl10_sys_version.o
LOAD ./RTE/Device/RSL10/sbrk.o
LOAD ./RTE/Device/RSL10/start.o
LOAD ./RTE/Device/RSL10/startup_rsl10.o
LOAD ./RTE/Device/RSL10/system_rsl10.o
LOAD ./RTE/Device/stubprf.o
LOAD ./app.o
LOAD C:/Users/xeeen/ON_Semiconductor/PACK/ONSemiconductor/RSL10/3.7.606/lib/ble_core/Release/libblelib.a
LOAD C:/Users/xeeen/ON_Semiconductor/PACK/ONSemiconductor/RSL10/3.7.606/lib/ble_core/Release/libkelib.a
LOAD C:/Users/xeeen/ON_Semiconductor/PACK/ONSemiconductor/RSL10/3.7.606/lib/ble_profiles/Release/libbasc.a
LOAD c:/program files (x86)/on semiconductor/ide_v3.4.0.48/arm_tools/bin/../lib/gcc/arm-none-eabi/10.2.1/../../../../arm-none-eabi/lib/thumb/v7-m/nofp\libm.a
END GROUP
START GROUP
LOAD c:/program files (x86)/on semiconductor/ide_v3.4.0.48/arm_tools/bin/../lib/gcc/arm-none-eabi/10.2.1/thumb/v7-m/nofp\libgcc.a
LOAD c:/program files (x86)/on semiconductor/ide_v3.4.0.48/arm_tools/bin/../lib/gcc/arm-none-eabi/10.2.1/../../../../arm-none-eabi/lib/thumb/v7-m/nofp\libg_nano.a
LOAD c:/program files (x86)/on semiconductor/ide_v3.4.0.48/arm_tools/bin/../lib/gcc/arm-none-eabi/10.2.1/../../../../arm-none-eabi/lib/thumb/v7-m/nofp\libc_nano.a
END GROUP
START GROUP
LOAD c:/program files (x86)/on semiconductor/ide_v3.4.0.48/arm_tools/bin/../lib/gcc/arm-none-eabi/10.2.1/thumb/v7-m/nofp\libgcc.a
LOAD c:/program files (x86)/on semiconductor/ide_v3.4.0.48/arm_tools/bin/../lib/gcc/arm-none-eabi/10.2.1/../../../../arm-none-eabi/lib/thumb/v7-m/nofp\libc_nano.a
LOAD c:/program files (x86)/on semiconductor/ide_v3.4.0.48/arm_tools/bin/../lib/gcc/arm-none-eabi/10.2.1/../../../../arm-none-eabi/lib/thumb/v7-m/nofp\libnosys.a
END GROUP
START GROUP
LOAD c:/program files (x86)/on semiconductor/ide_v3.4.0.48/arm_tools/bin/../lib/gcc/arm-none-eabi/10.2.1/thumb/v7-m/nofp\libgcc.a
LOAD c:/program files (x86)/on semiconductor/ide_v3.4.0.48/arm_tools/bin/../lib/gcc/arm-none-eabi/10.2.1/../../../../arm-none-eabi/lib/thumb/v7-m/nofp\libc_nano.a
LOAD c:/program files (x86)/on semiconductor/ide_v3.4.0.48/arm_tools/bin/../lib/gcc/arm-none-eabi/10.2.1/../../../../arm-none-eabi/lib/thumb/v7-m/nofp\libnosys.a
END GROUP
                0x20008000                __stack = (ORIGIN (DRAM) + LENGTH (DRAM))
                [!provide]                PROVIDE (__stack = __stack)
                0x00000400                __Main_Stack_Size = 0x400
                [!provide]                PROVIDE (_Main_Stack_Size = __Main_Stack_Size)
                0x20007c00                __Main_Stack_Limit = (__stack - __Main_Stack_Size)
                [!provide]                PROVIDE (_Main_Stack_Limit = __Main_Stack_Limit)
                0x2000564c                PROVIDE (__Heap_Begin__ = __noinit_end__)
                0x20007c00                PROVIDE (__Heap_Limit__ = (__stack - __Main_Stack_Size))
                0xe000ed08                __VTOR = 0xe000ed08

.text           0x00100000    0x26684
                0x00100000                . = ALIGN (0x4)
 *(.interrupt_vector)
 .interrupt_vector
                0x00100000      0x158 ./RTE/Device/RSL10/startup_rsl10.o
                0x00100000                ISR_Vector_Table
 *(.reset)
 .reset         0x00100158       0x18 ./RTE/Device/RSL10/startup_rsl10.o
                0x00100158                Reset_Handler
                0x00100170                . = ALIGN (0x4)
                0x00100170                PROVIDE (__preinit_array_start__ = .)
 *(.preinit_array_sysinit .preinit_array_sysinit.*)
 *(.preinit_array_platform .preinit_array_platform.*)
 *(.preinit_array .preinit_array.*)
                0x00100170                PROVIDE (__preinit_array_end__ = .)
                0x00100170                . = ALIGN (0x4)
                0x00100170                PROVIDE (__init_array_start__ = .)
 *(SORT_BY_NAME(.init_array.*))
 *(.init_array)
                0x00100170                PROVIDE (__init_array_end__ = .)
                0x00100170                . = ALIGN (0x4)
 *(.text .text.*)
 .text.__NVIC_EnableIRQ
                0x00100170       0x38 ./code/app_bass.o
 .text.Sys_DIO_Config
                0x001001a8       0x24 ./code/app_bass.o
 .text.Sys_ADC_Set_Config
                0x001001cc       0x20 ./code/app_bass.o
 .text.Sys_ADC_Set_BATMONConfig
                0x001001ec       0x24 ./code/app_bass.o
 .text.Sys_ADC_Set_BATMONIntConfig
                0x00100210       0x20 ./code/app_bass.o
 .text.Sys_ADC_Clear_BATMONStatus
                0x00100230       0x18 ./code/app_bass.o
 .text.Sys_ADC_Get_BATMONStatus
                0x00100248       0x14 ./code/app_bass.o
 .text.Sys_ADC_InputSelectConfig
                0x0010025c       0x24 ./code/app_bass.o
 .text.APP_BASS_SetBatMonAlarm
                0x00100280       0x4c ./code/app_bass.o
                0x00100280                APP_BASS_SetBatMonAlarm
 .text.ADC_BATMON_IRQHandler
                0x001002cc       0x34 ./code/app_bass.o
                0x001002cc                ADC_BATMON_IRQHandler
 .text.Sys_DIO_Config
                0x00100300       0x24 ./code/app_init.o
 .text.Sys_Clocks_SystemClkConfig
                0x00100324       0x34 ./code/app_init.o
 .text.Sys_NVIC_DisableAllInt
                0x00100358       0x30 ./code/app_init.o
 .text.Sys_NVIC_ClearAllPendingInt
                0x00100388       0x30 ./code/app_init.o
 .text.App_Initialize
                0x001003b8      0x168 ./code/app_init.o
                0x001003b8                App_Initialize
 .text.App_Env_Initialize
                0x00100520       0x2c ./code/app_init.o
                0x00100520                App_Env_Initialize
 .text.Sys_GPIO_Set_High
                0x0010054c       0x3c ./code/app_process.o
 .text.Sys_GPIO_Toggle
                0x00100588       0x3c ./code/app_process.o
 .text.APP_Timer
                0x001005c4       0x4c ./code/app_process.o
                0x001005c4                APP_Timer
 .text.LED_Timer
                0x00100610       0x48 ./code/app_process.o
                0x00100610                LED_Timer
 .text.Msg_Handler
                0x00100658       0x24 ./code/app_process.o
                0x00100658                Msg_Handler
 .text.Sys_GPIO_Toggle
                0x0010067c       0x3c ./code/ble_basc.o
 .text.Basc_Env_Initialize
                0x001006b8       0x24 ./code/ble_basc.o
                0x001006b8                Basc_Env_Initialize
 .text.Batt_ServiceAdd_Client
                0x001006dc       0x42 ./code/ble_basc.o
                0x001006dc                Batt_ServiceAdd_Client
 *fill*         0x0010071e        0x2 
 .text.Batt_ServiceEnable_Client
                0x00100720       0x64 ./code/ble_basc.o
                0x00100720                Batt_ServiceEnable_Client
 .text.Batt_ReadInfoRsp
                0x00100784       0x88 ./code/ble_basc.o
                0x00100784                Batt_ReadInfoRsp
 .text.Batt_LevelInd
                0x0010080c       0x38 ./code/ble_basc.o
                0x0010080c                Batt_LevelInd
 .text.Batt_LevelNtfCfgRsp
                0x00100844       0x48 ./code/ble_basc.o
                0x00100844                Batt_LevelNtfCfgRsp
 .text.Batt_EnableRsp_Client
                0x0010088c       0x7c ./code/ble_basc.o
                0x0010088c                Batt_EnableRsp_Client
 .text.Batt_SendLevelNtfCfgReq
                0x00100908       0x64 ./code/ble_basc.o
                0x00100908                Batt_SendLevelNtfCfgReq
 .text.CustomService_Env_Initialize
                0x0010096c       0x28 ./code/ble_custom.o
                0x0010096c                CustomService_Env_Initialize
 .text.CustomService_ServiceEnable
                0x00100994       0x78 ./code/ble_custom.o
                0x00100994                CustomService_ServiceEnable
 .text.GATTC_DiscCharInd
                0x00100a0c      0x228 ./code/ble_custom.o
                0x00100a0c                GATTC_DiscCharInd
 .text.GATTC_CmpEvt
                0x00100c34      0x10c ./code/ble_custom.o
                0x00100c34                GATTC_CmpEvt
 .text.GATTC_DiscSvcInd
                0x00100d40      0x128 ./code/ble_custom.o
                0x00100d40                GATTC_DiscSvcInd
 .text.GATTC_ReadInd
                0x00100e68       0xe0 ./code/ble_custom.o
                0x00100e68                GATTC_ReadInd
 .text.GATTC_EvtInd
                0x00100f48      0x1d4 ./code/ble_custom.o
                0x00100f48                GATTC_EvtInd
 .text.CustomSrvice_SendWrite
                0x0010111c       0xc8 ./code/ble_custom.o
                0x0010111c                CustomSrvice_SendWrite
 .text.CustomSrvice_SendReadCmd
                0x001011e4       0x66 ./code/ble_custom.o
                0x001011e4                CustomSrvice_SendReadCmd
 *fill*         0x0010124a        0x2 
 .text.J10_SendReadCmd
                0x0010124c      0x104 ./code/ble_custom.o
                0x0010124c                J10_SendReadCmd
 .text.J10_SendWriteCmd
                0x00101350      0x118 ./code/ble_custom.o
                0x00101350                J10_SendWriteCmd
 .text.__NVIC_EnableIRQ
                0x00101468       0x38 ./code/ble_std.o
 .text.Device_Param_Prepare
                0x001014a0       0x48 ./code/ble_std.o
                0x001014a0                Device_Param_Prepare
 .text.BLE_Initialize
                0x001014e8      0x1a8 ./code/ble_std.o
                0x001014e8                BLE_Initialize
 .text.Service_Add
                0x00101690       0x40 ./code/ble_std.o
                0x00101690                Service_Add
 .text.GAPM_ProfileAddedInd
                0x001016d0       0x50 ./code/ble_std.o
                0x001016d0                GAPM_ProfileAddedInd
 .text.GAPM_CmpEvt
                0x00101720       0xbc ./code/ble_std.o
                0x00101720                GAPM_CmpEvt
 .text.GAPC_ConnectionReqInd
                0x001017dc      0x1dc ./code/ble_std.o
                0x001017dc                GAPC_ConnectionReqInd
 .text.GAPC_CmpEvt
                0x001019b8       0x24 ./code/ble_std.o
                0x001019b8                GAPC_CmpEvt
 .text.GAPC_DisconnectInd
                0x001019dc       0x9c ./code/ble_std.o
                0x001019dc                GAPC_DisconnectInd
 .text.GAPC_ParamUpdatedInd
                0x00101a78       0x8c ./code/ble_std.o
                0x00101a78                GAPC_ParamUpdatedInd
 .text.GAPC_ParamUpdateReqInd
                0x00101b04       0x94 ./code/ble_std.o
                0x00101b04                GAPC_ParamUpdateReqInd
 .text.Connection_SendStartCmd
                0x00101b98       0x6c ./code/ble_std.o
                0x00101b98                Connection_SendStartCmd
 .text.J10_Connection_SendStartCmd
                0x00101c04       0x90 ./code/ble_std.o
                0x00101c04                J10_Connection_SendStartCmd
 .text.BLE_SetServiceState
                0x00101c94       0x78 ./code/ble_std.o
                0x00101c94                BLE_SetServiceState
 .text.Service_Enable
                0x00101d0c       0x9c ./code/ble_std.o
                0x00101d0c                Service_Enable
 .text.Find_Ble_Env
                0x00101da8       0x38 ./code/ble_std.o
                0x00101da8                Find_Ble_Env
 .text.__NVIC_EnableIRQ
                0x00101de0       0x38 ./code/uart.o
 .text.Sys_DIO_Config
                0x00101e18       0x24 ./code/uart.o
 .text.Sys_DMA_ClearChannelStatus
                0x00101e3c       0x24 ./code/uart.o
 .text.Sys_DMA_ChannelDisable
                0x00101e60       0x22 ./code/uart.o
 *fill*         0x00101e82        0x2 
 .text.Sys_UART_DIOConfig
                0x00101e84       0x3c ./code/uart.o
 .text.DMA1_IRQHandler
                0x00101ec0        0xc ./code/uart.o
                0x00101ec0                DMA1_IRQHandler
 .text.UART_Initialize
                0x00101ecc       0x80 ./code/uart.o
                0x00101ecc                UART_Initialize
 .text.UART_FillTXBuffer
                0x00101f4c      0x124 ./code/uart.o
                0x00101f4c                UART_FillTXBuffer
 .text.createNode
                0x00102070       0x48 ./code/uart.o
                0x00102070                createNode
 .text.removeNode
                0x001020b8       0x22 ./code/uart.o
                0x001020b8                removeNode
 *fill*         0x001020da        0x2 
 .text.UART_Timer
                0x001020dc       0x38 ./code/uart.o
                0x001020dc                UART_Timer
 .text.Sys_Delay_ProgramROM
                0x00102114       0x22 ./code/ui_handler.o
 *fill*         0x00102136        0x2 
 .text.Sys_Watchdog_Refresh
                0x00102138       0x1c ./code/ui_handler.o
 .text.Dec_Volume
                0x00102154       0x7c ./code/ui_handler.o
                0x00102154                Dec_Volume
 .text.Inc_Volume
                0x001021d0       0x74 ./code/ui_handler.o
                0x001021d0                Inc_Volume
 *fill*         0x00102244        0x4 
 .text.Change_Mode
                0x00102248       0xe0 ./code/ui_handler.o
                0x00102248                Change_Mode
 .text.ADC_BUTTON_Handler
                0x00102328       0xe8 ./code/ui_handler.o
                0x00102328                ADC_BUTTON_Handler
 .text._DoInit  0x00102410       0xb0 ./RTE/Utility/SEGGER_RTT.o
 .text._WriteBlocking
                0x001024c0       0xb6 ./RTE/Utility/SEGGER_RTT.o
 .text._WriteNoCheck
                0x00102576       0x88 ./RTE/Utility/SEGGER_RTT.o
 .text._GetAvailWriteSpace
                0x001025fe       0x44 ./RTE/Utility/SEGGER_RTT.o
 *fill*         0x00102642        0x2 
 .text.SEGGER_RTT_WriteNoLock
                0x00102644       0xa0 ./RTE/Utility/SEGGER_RTT.o
                0x00102644                SEGGER_RTT_WriteNoLock
 .text.SEGGER_RTT_Write
                0x001026e4       0x4c ./RTE/Utility/SEGGER_RTT.o
                0x001026e4                SEGGER_RTT_Write
 .text.SEGGER_RTT_Init
                0x00102730        0xc ./RTE/Utility/SEGGER_RTT.o
                0x00102730                SEGGER_RTT_Init
 .text._StoreChar
                0x0010273c       0x7c ./RTE/Utility/SEGGER_RTT_printf.o
 .text._PrintUnsigned
                0x001027b8      0x15c ./RTE/Utility/SEGGER_RTT_printf.o
 .text._PrintInt
                0x00102914      0x14e ./RTE/Utility/SEGGER_RTT_printf.o
 *fill*         0x00102a62        0x2 
 .text.SEGGER_RTT_vprintf
                0x00102a64      0x3a8 ./RTE/Utility/SEGGER_RTT_printf.o
                0x00102a64                SEGGER_RTT_vprintf
 .text.SEGGER_RTT_printf
                0x00102e0c       0x30 ./RTE/Utility/SEGGER_RTT_printf.o
                0x00102e0c                SEGGER_RTT_printf
 .text.printf_init
                0x00102e3c        0xc ./RTE/Utility/printf.o
                0x00102e3c                printf_init
 .text.Device_Param_Read
                0x00102e48      0x320 ./RTE/Device/RSL10/rsl10_protocol.o
                0x00102e48                Device_Param_Read
 .text.BLE_DeviceParam_Set_MaxRxOctet
                0x00103168       0x60 ./RTE/Device/RSL10/rsl10_protocol.o
                0x00103168                BLE_DeviceParam_Set_MaxRxOctet
 .text.BLE_DeviceParam_Set_AdvDelay
                0x001031c8       0x2c ./RTE/Device/RSL10/rsl10_protocol.o
                0x001031c8                BLE_DeviceParam_Set_AdvDelay
 .text.BLE_DeviceParam_Set_SlaveLatencyDelay
                0x001031f4       0x20 ./RTE/Device/RSL10/rsl10_protocol.o
                0x001031f4                BLE_DeviceParam_Set_SlaveLatencyDelay
 .text.Sys_DMA_ChannelConfig
                0x00103214       0x60 ./RTE/Device/RSL10/rsl10_sys_dma.o
                0x00103214                Sys_DMA_ChannelConfig
 .text.Sys_GetTrim
                0x00103274       0x24 ./RTE/Device/RSL10/rsl10_sys_power.o
 .text.Sys_Power_VDDRFCalibratedConfig
                0x00103298       0x60 ./RTE/Device/RSL10/rsl10_sys_power.o
                0x00103298                Sys_Power_VDDRFCalibratedConfig
 .text.Sys_Delay_ProgramROM
                0x001032f8       0x22 ./RTE/Device/RSL10/rsl10_sys_rffe.o
 .text.Sys_ReadNVR4
                0x0010331a       0x22 ./RTE/Device/RSL10/rsl10_sys_rffe.o
 .text.Sys_ADC_Set_Config
                0x0010333c       0x20 ./RTE/Device/RSL10/rsl10_sys_rffe.o
 .text.Sys_ADC_InputSelectConfig
                0x0010335c       0x24 ./RTE/Device/RSL10/rsl10_sys_rffe.o
 .text.Sys_GetTrim
                0x00103380       0x24 ./RTE/Device/RSL10/rsl10_sys_rffe.o
 .text.Sys_RFFE_SetTXPower
                0x001033a4      0x470 ./RTE/Device/RSL10/rsl10_sys_rffe.o
                0x001033a4                Sys_RFFE_SetTXPower
 .text.Sys_RFFE_Interpolate
                0x00103814      0x170 ./RTE/Device/RSL10/rsl10_sys_rffe.o
                0x00103814                Sys_RFFE_Interpolate
 .text.Sys_UART_Enable
                0x00103984       0xa0 ./RTE/Device/RSL10/rsl10_sys_uart.o
                0x00103984                Sys_UART_Enable
 .text._sbrk    0x00103a24       0x9c ./RTE/Device/RSL10/sbrk.o
                0x00103a24                _sbrk
 .text.__NVIC_EnableIRQ
                0x00103ac0       0x38 ./RTE/Device/RSL10/start.o
 .text.__NVIC_DisableIRQ
                0x00103af8       0x48 ./RTE/Device/RSL10/start.o
 .text.__NVIC_ClearPendingIRQ
                0x00103b40       0x3c ./RTE/Device/RSL10/start.o
 .text.Sys_NVIC_DisableAllInt
                0x00103b7c       0x30 ./RTE/Device/RSL10/start.o
 .text.Sys_NVIC_ClearAllPendingInt
                0x00103bac       0x30 ./RTE/Device/RSL10/start.o
 .text.Sys_DMA_ClearChannelStatus
                0x00103bdc       0x24 ./RTE/Device/RSL10/start.o
 .text._start   0x00103c00      0x210 ./RTE/Device/RSL10/start.o
                0x00103c00                _start
 .text          0x00103e10       0x14 ./RTE/Device/RSL10/startup_rsl10.o
                0x00103e10                NMI_Handler
                0x00103e12                HardFault_Handler
                0x00103e14                MemManage_Handler
                0x00103e16                BusFault_Handler
                0x00103e18                UsageFault_Handler
                0x00103e1a                SVC_Handler
                0x00103e1c                DebugMon_Handler
                0x00103e1e                PendSV_Handler
                0x00103e20                SysTick_Handler
                0x00103e22                UART_ERROR_IRQHandler
                0x00103e22                DSP7_IRQHandler
                0x00103e22                BLE_COEX_RX_TX_IRQHandler
                0x00103e22                DMA2_IRQHandler
                0x00103e22                DSP2_IRQHandler
                0x00103e22                MEMORY_ERROR_IRQHandler
                0x00103e22                TIMER3_IRQHandler
                0x00103e22                WATCHDOG_IRQHandler
                0x00103e22                DIO1_IRQHandler
                0x00103e22                DIO3_IRQHandler
                0x00103e22                DSP3_IRQHandler
                0x00103e22                FLASH_COPY_IRQHandler
                0x00103e22                RF_TXFIFO_IRQHandler
                0x00103e22                RTC_ALARM_IRQHandler
                0x00103e22                SPI0_ERROR_IRQHandler
                0x00103e22                BLE_COEX_IN_PROCESS_IRQHandler
                0x00103e22                DIO0_IRQHandler
                0x00103e22                DMA5_IRQHandler
                0x00103e22                ASRC_IN_IRQHandler
                0x00103e22                SPI1_ERROR_IRQHandler
                0x00103e22                DMIC_OD_ERROR_IRQHandler
                0x00103e22                TIMER1_IRQHandler
                0x00103e22                PCM_TX_IRQHandler
                0x00103e22                DSP0_IRQHandler
                0x00103e22                SPI0_TX_IRQHandler
                0x00103e22                UART_TX_IRQHandler
                0x00103e22                Default_Handler
                0x00103e22                DMIC_OUT_OD_IN_IRQHandler
                0x00103e22                DMA7_IRQHandler
                0x00103e22                PCM_RX_IRQHandler
                0x00103e22                RF_TX_IRQHandler
                0x00103e22                SPI0_RX_IRQHandler
                0x00103e22                ASRC_ERROR_IRQHandler
                0x00103e22                RF_RXSTOP_IRQHandler
                0x00103e22                DSP1_IRQHandler
                0x00103e22                AUDIOSINK_PHASE_IRQHandler
                0x00103e22                WAKEUP_IRQHandler
                0x00103e22                RF_SYNC_IRQHandler
                0x00103e22                SPI1_RX_IRQHandler
                0x00103e22                CLKDET_IRQHandler
                0x00103e22                DSP6_IRQHandler
                0x00103e22                I2C_IRQHandler
                0x00103e22                TIMER2_IRQHandler
                0x00103e22                AUDIOSINK_PERIOD_IRQHandler
                0x00103e22                TIMER0_IRQHandler
                0x00103e22                DMA3_IRQHandler
                0x00103e22                RTC_CLOCK_IRQHandler
                0x00103e22                DIO2_IRQHandler
                0x00103e22                DMA0_IRQHandler
                0x00103e22                ASRC_OUT_IRQHandler
                0x00103e22                PCM_ERROR_IRQHandler
                0x00103e22                DSP5_IRQHandler
                0x00103e22                DMA4_IRQHandler
                0x00103e22                UART_RX_IRQHandler
                0x00103e22                FLASH_ECC_IRQHandler
                0x00103e22                SPI1_TX_IRQHandler
                0x00103e22                RF_IRQ_RECEIVED_IRQHandler
                0x00103e22                DSP4_IRQHandler
                0x00103e22                DMA6_IRQHandler
                0x00103e22                RF_RXFIFO_IRQHandler
 .text.Sys_ReadNVR4
                0x00103e24       0x22 ./RTE/Device/RSL10/system_rsl10.o
 .text.System_GetTargetForTrim
                0x00103e46       0x80 ./RTE/Device/RSL10/system_rsl10.o
                0x00103e46                System_GetTargetForTrim
 *fill*         0x00103ec6        0x2 
 .text.SystemInit
                0x00103ec8       0x34 ./RTE/Device/RSL10/system_rsl10.o
                0x00103ec8                SystemInit
 .text.SystemCoreClockUpdate
                0x00103efc      0x258 ./RTE/Device/RSL10/system_rsl10.o
                0x00103efc                SystemCoreClockUpdate
 .text.htpt_prf_itf_get
                0x00104154        0xe ./RTE/Device/stubprf.o
                0x00104154                htpt_prf_itf_get
 .text.htpc_prf_itf_get
                0x00104162        0xe ./RTE/Device/stubprf.o
                0x00104162                htpc_prf_itf_get
 .text.diss_prf_itf_get
                0x00104170        0xe ./RTE/Device/stubprf.o
                0x00104170                diss_prf_itf_get
 .text.disc_prf_itf_get
                0x0010417e        0xe ./RTE/Device/stubprf.o
                0x0010417e                disc_prf_itf_get
 .text.blps_prf_itf_get
                0x0010418c        0xe ./RTE/Device/stubprf.o
                0x0010418c                blps_prf_itf_get
 .text.blpc_prf_itf_get
                0x0010419a        0xe ./RTE/Device/stubprf.o
                0x0010419a                blpc_prf_itf_get
 .text.tips_prf_itf_get
                0x001041a8        0xe ./RTE/Device/stubprf.o
                0x001041a8                tips_prf_itf_get
 .text.tipc_prf_itf_get
                0x001041b6        0xe ./RTE/Device/stubprf.o
                0x001041b6                tipc_prf_itf_get
 .text.hrps_prf_itf_get
                0x001041c4        0xe ./RTE/Device/stubprf.o
                0x001041c4                hrps_prf_itf_get
 .text.hrpc_prf_itf_get
                0x001041d2        0xe ./RTE/Device/stubprf.o
                0x001041d2                hrpc_prf_itf_get
 .text.findl_prf_itf_get
                0x001041e0        0xe ./RTE/Device/stubprf.o
                0x001041e0                findl_prf_itf_get
 .text.findt_prf_itf_get
                0x001041ee        0xe ./RTE/Device/stubprf.o
                0x001041ee                findt_prf_itf_get
 .text.proxm_prf_itf_get
                0x001041fc        0xe ./RTE/Device/stubprf.o
                0x001041fc                proxm_prf_itf_get
 .text.proxr_prf_itf_get
                0x0010420a        0xe ./RTE/Device/stubprf.o
                0x0010420a                proxr_prf_itf_get
 .text.scppc_prf_itf_get
                0x00104218        0xe ./RTE/Device/stubprf.o
                0x00104218                scppc_prf_itf_get
 .text.scpps_prf_itf_get
                0x00104226        0xe ./RTE/Device/stubprf.o
                0x00104226                scpps_prf_itf_get
 .text.bass_prf_itf_get
                0x00104234        0xe ./RTE/Device/stubprf.o
                0x00104234                bass_prf_itf_get
 .text.hogpd_prf_itf_get
                0x00104242        0xe ./RTE/Device/stubprf.o
                0x00104242                hogpd_prf_itf_get
 .text.hogpbh_prf_itf_get
                0x00104250        0xe ./RTE/Device/stubprf.o
                0x00104250                hogpbh_prf_itf_get
 .text.hogprh_prf_itf_get
                0x0010425e        0xe ./RTE/Device/stubprf.o
                0x0010425e                hogprh_prf_itf_get
 .text.glpc_prf_itf_get
                0x0010426c        0xe ./RTE/Device/stubprf.o
                0x0010426c                glpc_prf_itf_get
 .text.glps_prf_itf_get
                0x0010427a        0xe ./RTE/Device/stubprf.o
                0x0010427a                glps_prf_itf_get
 .text.rscpc_prf_itf_get
                0x00104288        0xe ./RTE/Device/stubprf.o
                0x00104288                rscpc_prf_itf_get
 .text.rscps_prf_itf_get
                0x00104296        0xe ./RTE/Device/stubprf.o
                0x00104296                rscps_prf_itf_get
 .text.cscpc_prf_itf_get
                0x001042a4        0xe ./RTE/Device/stubprf.o
                0x001042a4                cscpc_prf_itf_get
 .text.cscps_prf_itf_get
                0x001042b2        0xe ./RTE/Device/stubprf.o
                0x001042b2                cscps_prf_itf_get
 .text.anpc_prf_itf_get
                0x001042c0        0xe ./RTE/Device/stubprf.o
                0x001042c0                anpc_prf_itf_get
 .text.anps_prf_itf_get
                0x001042ce        0xe ./RTE/Device/stubprf.o
                0x001042ce                anps_prf_itf_get
 .text.paspc_prf_itf_get
                0x001042dc        0xe ./RTE/Device/stubprf.o
                0x001042dc                paspc_prf_itf_get
 .text.pasps_prf_itf_get
                0x001042ea        0xe ./RTE/Device/stubprf.o
                0x001042ea                pasps_prf_itf_get
 .text.cppc_prf_itf_get
                0x001042f8        0xe ./RTE/Device/stubprf.o
                0x001042f8                cppc_prf_itf_get
 .text.cpps_prf_itf_get
                0x00104306        0xe ./RTE/Device/stubprf.o
                0x00104306                cpps_prf_itf_get
 .text.lanc_prf_itf_get
                0x00104314        0xe ./RTE/Device/stubprf.o
                0x00104314                lanc_prf_itf_get
 .text.lans_prf_itf_get
                0x00104322        0xe ./RTE/Device/stubprf.o
                0x00104322                lans_prf_itf_get
 .text.wpts_prf_itf_get
                0x00104330        0xe ./RTE/Device/stubprf.o
                0x00104330                wpts_prf_itf_get
 .text.wptc_prf_itf_get
                0x0010433e        0xe ./RTE/Device/stubprf.o
                0x0010433e                wptc_prf_itf_get
 .text.cgms_prf_itf_get
                0x0010434c        0xe ./RTE/Device/stubprf.o
                0x0010434c                cgms_prf_itf_get
 .text.cgmc_prf_itf_get
                0x0010435a        0xe ./RTE/Device/stubprf.o
                0x0010435a                cgmc_prf_itf_get
 .text.Sys_Watchdog_Refresh
                0x00104368       0x1c ./app.o
 .text.main     0x00104384       0x74 ./app.o
                0x00104384                main
 .text.prf_itf_get
                0x001043f8       0xe0 C:/Users/xeeen/ON_Semiconductor/PACK/ONSemiconductor/RSL10/3.7.606/lib/ble_core/Release/libblelib.a(prf-prf_utils.o)
 .text.prf_init
                0x001044d8       0x64 C:/Users/xeeen/ON_Semiconductor/PACK/ONSemiconductor/RSL10/3.7.606/lib/ble_core/Release/libblelib.a(prf-prf_utils.o)
                0x001044d8                prf_init
 .text.prf_add_profile
                0x0010453c       0x70 C:/Users/xeeen/ON_Semiconductor/PACK/ONSemiconductor/RSL10/3.7.606/lib/ble_core/Release/libblelib.a(prf-prf_utils.o)
                0x0010453c                prf_add_profile
 .text.prf_create
                0x001045ac       0x2c C:/Users/xeeen/ON_Semiconductor/PACK/ONSemiconductor/RSL10/3.7.606/lib/ble_core/Release/libblelib.a(prf-prf_utils.o)
                0x001045ac                prf_create
 .text.prf_cleanup
                0x001045d8       0x30 C:/Users/xeeen/ON_Semiconductor/PACK/ONSemiconductor/RSL10/3.7.606/lib/ble_core/Release/libblelib.a(prf-prf_utils.o)
                0x001045d8                prf_cleanup
 .text.prf_env_get
                0x00104608       0x2c C:/Users/xeeen/ON_Semiconductor/PACK/ONSemiconductor/RSL10/3.7.606/lib/ble_core/Release/libblelib.a(prf-prf_utils.o)
                0x00104608                prf_env_get
 .text.prf_src_task_get
                0x00104634       0x10 C:/Users/xeeen/ON_Semiconductor/PACK/ONSemiconductor/RSL10/3.7.606/lib/ble_core/Release/libblelib.a(prf-prf_utils.o)
                0x00104634                prf_src_task_get
 .text.prf_dst_task_get
                0x00104644       0x10 C:/Users/xeeen/ON_Semiconductor/PACK/ONSemiconductor/RSL10/3.7.606/lib/ble_core/Release/libblelib.a(prf-prf_utils.o)
                0x00104644                prf_dst_task_get
 .text.prf_unpack_char_pres_fmt
                0x00104654       0x18 C:/Users/xeeen/ON_Semiconductor/PACK/ONSemiconductor/RSL10/3.7.606/lib/ble_core/Release/libblelib.a(prf-prf_utils.o)
                0x00104654                prf_unpack_char_pres_fmt
 .text.prf_read_char_send
                0x0010466c       0x32 C:/Users/xeeen/ON_Semiconductor/PACK/ONSemiconductor/RSL10/3.7.606/lib/ble_core/Release/libblelib.a(prf-prf_utils.o)
                0x0010466c                prf_read_char_send
 .text.prf_register_atthdl2gatt
                0x0010469e       0x34 C:/Users/xeeen/ON_Semiconductor/PACK/ONSemiconductor/RSL10/3.7.606/lib/ble_core/Release/libblelib.a(prf-prf_utils.o)
                0x0010469e                prf_register_atthdl2gatt
 .text.prf_disc_svc_send
                0x001046d2       0x38 C:/Users/xeeen/ON_Semiconductor/PACK/ONSemiconductor/RSL10/3.7.606/lib/ble_core/Release/libblelib.a(prf-prf_utils.o)
                0x001046d2                prf_disc_svc_send
 .text.prf_gatt_write
                0x0010470a       0x58 C:/Users/xeeen/ON_Semiconductor/PACK/ONSemiconductor/RSL10/3.7.606/lib/ble_core/Release/libblelib.a(prf-prf_utils.o)
                0x0010470a                prf_gatt_write
 .text.prf_gatt_write_ntf_ind
                0x00104762       0x22 C:/Users/xeeen/ON_Semiconductor/PACK/ONSemiconductor/RSL10/3.7.606/lib/ble_core/Release/libblelib.a(prf-prf_utils.o)
                0x00104762                prf_gatt_write_ntf_ind
 .text.prf_check_svc_char_validity
                0x00104784       0x2e C:/Users/xeeen/ON_Semiconductor/PACK/ONSemiconductor/RSL10/3.7.606/lib/ble_core/Release/libblelib.a(prf-prf_utils.o)
                0x00104784                prf_check_svc_char_validity
 .text.prf_check_svc_char_desc_validity
                0x001047b2       0x30 C:/Users/xeeen/ON_Semiconductor/PACK/ONSemiconductor/RSL10/3.7.606/lib/ble_core/Release/libblelib.a(prf-prf_utils.o)
                0x001047b2                prf_check_svc_char_desc_validity
 .text.prf_extract_svc_info
                0x001047e2      0x12e C:/Users/xeeen/ON_Semiconductor/PACK/ONSemiconductor/RSL10/3.7.606/lib/ble_core/Release/libblelib.a(prf-prf_utils.o)
                0x001047e2                prf_extract_svc_info
 .text.rwip_reset
                0x00104910       0x3c C:/Users/xeeen/ON_Semiconductor/PACK/ONSemiconductor/RSL10/3.7.606/lib/ble_core/Release/libblelib.a(rwip.o)
                0x00104910                rwip_reset
 .text.rwip_prevent_sleep_set
                0x0010494c       0x1c C:/Users/xeeen/ON_Semiconductor/PACK/ONSemiconductor/RSL10/3.7.606/lib/ble_core/Release/libblelib.a(rwip.o)
                0x0010494c                rwip_prevent_sleep_set
 .text.rwip_wakeup
                0x00104968       0x10 C:/Users/xeeen/ON_Semiconductor/PACK/ONSemiconductor/RSL10/3.7.606/lib/ble_core/Release/libblelib.a(rwip.o)
                0x00104968                rwip_wakeup
 .text.rwip_prevent_sleep_clear
                0x00104978       0x20 C:/Users/xeeen/ON_Semiconductor/PACK/ONSemiconductor/RSL10/3.7.606/lib/ble_core/Release/libblelib.a(rwip.o)
                0x00104978                rwip_prevent_sleep_clear
 .text.rwip_wakeup_end
                0x00104998       0x24 C:/Users/xeeen/ON_Semiconductor/PACK/ONSemiconductor/RSL10/3.7.606/lib/ble_core/Release/libblelib.a(rwip.o)
                0x00104998                rwip_wakeup_end
 .text.rwip_sleep_lpcycles_2_us
                0x001049bc       0x54 C:/Users/xeeen/ON_Semiconductor/PACK/ONSemiconductor/RSL10/3.7.606/lib/ble_core/Release/libblelib.a(rwip.o)
                0x001049bc                rwip_sleep_lpcycles_2_us
 .text.rwip_us_2_lpcycles
                0x00104a10       0x24 C:/Users/xeeen/ON_Semiconductor/PACK/ONSemiconductor/RSL10/3.7.606/lib/ble_core/Release/libblelib.a(rwip.o)
                0x00104a10                rwip_us_2_lpcycles
 .text.rwip_wakeup_delay_set
                0x00104a34       0x2c C:/Users/xeeen/ON_Semiconductor/PACK/ONSemiconductor/RSL10/3.7.606/lib/ble_core/Release/libblelib.a(rwip.o)
                0x00104a34                rwip_wakeup_delay_set
 .text.BLE_InitNoTL
                0x00104a60       0xd8 C:/Users/xeeen/ON_Semiconductor/PACK/ONSemiconductor/RSL10/3.7.606/lib/ble_core/Release/libblelib.a(rwip.o)
                0x00104a60                BLE_InitNoTL
 .text.rf_atl_reg_rd
                0x00104b38       0x1c C:/Users/xeeen/ON_Semiconductor/PACK/ONSemiconductor/RSL10/3.7.606/lib/ble_core/Release/libblelib.a(rf_atlas.o)
 .text.rf_atl_reg_wr
                0x00104b54        0xc C:/Users/xeeen/ON_Semiconductor/PACK/ONSemiconductor/RSL10/3.7.606/lib/ble_core/Release/libblelib.a(rf_atlas.o)
 .text.rf_reset
                0x00104b60        0x2 C:/Users/xeeen/ON_Semiconductor/PACK/ONSemiconductor/RSL10/3.7.606/lib/ble_core/Release/libblelib.a(rf_atlas.o)
 .text.rf_force_agc_enable
                0x00104b62        0x2 C:/Users/xeeen/ON_Semiconductor/PACK/ONSemiconductor/RSL10/3.7.606/lib/ble_core/Release/libblelib.a(rf_atlas.o)
 .text.rf_txpwr_dbm_get
                0x00104b64        0x4 C:/Users/xeeen/ON_Semiconductor/PACK/ONSemiconductor/RSL10/3.7.606/lib/ble_core/Release/libblelib.a(rf_atlas.o)
 .text.rf_sleep
                0x00104b68       0x14 C:/Users/xeeen/ON_Semiconductor/PACK/ONSemiconductor/RSL10/3.7.606/lib/ble_core/Release/libblelib.a(rf_atlas.o)
 *fill*         0x00104b7c        0x4 
 .text.rf_rssi_convert
                0x00104b80       0x34 C:/Users/xeeen/ON_Semiconductor/PACK/ONSemiconductor/RSL10/3.7.606/lib/ble_core/Release/libblelib.a(rf_atlas.o)
 .text.rf_init  0x00104bb4      0x4d0 C:/Users/xeeen/ON_Semiconductor/PACK/ONSemiconductor/RSL10/3.7.606/lib/ble_core/Release/libblelib.a(rf_atlas.o)
                0x00104bb4                rf_init
 .text.AddBigHex256
                0x00105084       0x4a C:/Users/xeeen/ON_Semiconductor/PACK/ONSemiconductor/RSL10/3.7.606/lib/ble_core/Release/libblelib.a(ecc_p256.o)
                0x00105084                AddBigHex256
 .text.Add2SelfBigHex256
                0x001050ce       0x40 C:/Users/xeeen/ON_Semiconductor/PACK/ONSemiconductor/RSL10/3.7.606/lib/ble_core/Release/libblelib.a(ecc_p256.o)
                0x001050ce                Add2SelfBigHex256
 .text.SubtractBigHex256
                0x0010510e       0x48 C:/Users/xeeen/ON_Semiconductor/PACK/ONSemiconductor/RSL10/3.7.606/lib/ble_core/Release/libblelib.a(ecc_p256.o)
                0x0010510e                SubtractBigHex256
 .text.SubtractFromSelfBigHex256
                0x00105156       0x4c C:/Users/xeeen/ON_Semiconductor/PACK/ONSemiconductor/RSL10/3.7.606/lib/ble_core/Release/libblelib.a(ecc_p256.o)
                0x00105156                SubtractFromSelfBigHex256
 *fill*         0x001051a2        0x2 
 .text.AddP256  0x001051a4       0x3c C:/Users/xeeen/ON_Semiconductor/PACK/ONSemiconductor/RSL10/3.7.606/lib/ble_core/Release/libblelib.a(ecc_p256.o)
                0x001051a4                AddP256
 .text.AddBigHexModP256
                0x001051e0       0x48 C:/Users/xeeen/ON_Semiconductor/PACK/ONSemiconductor/RSL10/3.7.606/lib/ble_core/Release/libblelib.a(ecc_p256.o)
                0x001051e0                AddBigHexModP256
 .text.AddPdiv2_256
                0x00105228       0xf0 C:/Users/xeeen/ON_Semiconductor/PACK/ONSemiconductor/RSL10/3.7.606/lib/ble_core/Release/libblelib.a(ecc_p256.o)
                0x00105228                AddPdiv2_256
 .text.SubtractFromSelfBigHexSign256
                0x00105318       0xd2 C:/Users/xeeen/ON_Semiconductor/PACK/ONSemiconductor/RSL10/3.7.606/lib/ble_core/Release/libblelib.a(ecc_p256.o)
                0x00105318                SubtractFromSelfBigHexSign256
 *fill*         0x001053ea        0x2 
 .text.SubtractBigHexMod256
                0x001053ec       0xd4 C:/Users/xeeen/ON_Semiconductor/PACK/ONSemiconductor/RSL10/3.7.606/lib/ble_core/Release/libblelib.a(ecc_p256.o)
                0x001053ec                SubtractBigHexMod256
 .text.MultiplyByU32ModP256
                0x001054c0       0x30 C:/Users/xeeen/ON_Semiconductor/PACK/ONSemiconductor/RSL10/3.7.606/lib/ble_core/Release/libblelib.a(ecc_p256.o)
                0x001054c0                MultiplyByU32ModP256
 .text.specialModP256
                0x001054f0       0xb0 C:/Users/xeeen/ON_Semiconductor/PACK/ONSemiconductor/RSL10/3.7.606/lib/ble_core/Release/libblelib.a(ecc_p256.o)
                0x001054f0                specialModP256
 .text.MultiplyBigHexModP256
                0x001055a0      0x158 C:/Users/xeeen/ON_Semiconductor/PACK/ONSemiconductor/RSL10/3.7.606/lib/ble_core/Release/libblelib.a(ecc_p256.o)
                0x001055a0                MultiplyBigHexModP256
 .text.MultiplyBigHexByUint32_256
                0x001056f8       0x44 C:/Users/xeeen/ON_Semiconductor/PACK/ONSemiconductor/RSL10/3.7.606/lib/ble_core/Release/libblelib.a(ecc_p256.o)
                0x001056f8                MultiplyBigHexByUint32_256
 .text.notEqual256
                0x0010573c       0x1e C:/Users/xeeen/ON_Semiconductor/PACK/ONSemiconductor/RSL10/3.7.606/lib/ble_core/Release/libblelib.a(ecc_p256.o)
                0x0010573c                notEqual256
 *fill*         0x0010575a        0x2 
 .text.GF_Jacobian_Point_Double256
                0x0010575c      0x1a4 C:/Users/xeeen/ON_Semiconductor/PACK/ONSemiconductor/RSL10/3.7.606/lib/ble_core/Release/libblelib.a(ecc_p256.o)
                0x0010575c                GF_Jacobian_Point_Double256
 .text.GF_Jacobian_Point_Addition256
                0x00105900      0x550 C:/Users/xeeen/ON_Semiconductor/PACK/ONSemiconductor/RSL10/3.7.606/lib/ble_core/Release/libblelib.a(ecc_p256.o)
                0x00105900                GF_Jacobian_Point_Addition256
 .text.bigHexInversion256
                0x00105e50      0x228 C:/Users/xeeen/ON_Semiconductor/PACK/ONSemiconductor/RSL10/3.7.606/lib/ble_core/Release/libblelib.a(ecc_p256.o)
                0x00105e50                bigHexInversion256
 .text.GF_Point_Jacobian_To_Affine256
                0x00106078       0x2c C:/Users/xeeen/ON_Semiconductor/PACK/ONSemiconductor/RSL10/3.7.606/lib/ble_core/Release/libblelib.a(ecc_p256.o)
                0x00106078                GF_Point_Jacobian_To_Affine256
 .text.ecc_multiplication_event_handler
                0x001060a4      0x5b8 C:/Users/xeeen/ON_Semiconductor/PACK/ONSemiconductor/RSL10/3.7.606/lib/ble_core/Release/libblelib.a(ecc_p256.o)
 .text.ecc_init
                0x0010665c       0x48 C:/Users/xeeen/ON_Semiconductor/PACK/ONSemiconductor/RSL10/3.7.606/lib/ble_core/Release/libblelib.a(ecc_p256.o)
                0x0010665c                ecc_init
 .text.ecc_generate_key256
                0x001066a4      0x3f8 C:/Users/xeeen/ON_Semiconductor/PACK/ONSemiconductor/RSL10/3.7.606/lib/ble_core/Release/libblelib.a(ecc_p256.o)
                0x001066a4                ecc_generate_key256
 .text.ecc_gen_new_public_key
                0x00106a9c       0x20 C:/Users/xeeen/ON_Semiconductor/PACK/ONSemiconductor/RSL10/3.7.606/lib/ble_core/Release/libblelib.a(ecc_p256.o)
                0x00106a9c                ecc_gen_new_public_key
 .text.ecc_gen_new_secret_key
                0x00106abc       0xc4 C:/Users/xeeen/ON_Semiconductor/PACK/ONSemiconductor/RSL10/3.7.606/lib/ble_core/Release/libblelib.a(ecc_p256.o)
                0x00106abc                ecc_gen_new_secret_key
 .text.hci_evt_mask_set.part.0
                0x00106b80       0x30 C:/Users/xeeen/ON_Semiconductor/PACK/ONSemiconductor/RSL10/3.7.606/lib/ble_core/Release/libblelib.a(hci.o)
 .text.hci_init
                0x00106bb0       0x24 C:/Users/xeeen/ON_Semiconductor/PACK/ONSemiconductor/RSL10/3.7.606/lib/ble_core/Release/libblelib.a(hci.o)
                0x00106bb0                hci_init
 .text.hci_reset
                0x00106bd4        0x4 C:/Users/xeeen/ON_Semiconductor/PACK/ONSemiconductor/RSL10/3.7.606/lib/ble_core/Release/libblelib.a(hci.o)
                0x00106bd4                hci_reset
 .text.hci_send_2_host
                0x00106bd8       0xf0 C:/Users/xeeen/ON_Semiconductor/PACK/ONSemiconductor/RSL10/3.7.606/lib/ble_core/Release/libblelib.a(hci.o)
                0x00106bd8                hci_send_2_host
 .text.hci_send_2_controller
                0x00106cc8       0x8c C:/Users/xeeen/ON_Semiconductor/PACK/ONSemiconductor/RSL10/3.7.606/lib/ble_core/Release/libblelib.a(hci.o)
                0x00106cc8                hci_send_2_controller
 .text.hci_evt_mask_set
                0x00106d54       0x24 C:/Users/xeeen/ON_Semiconductor/PACK/ONSemiconductor/RSL10/3.7.606/lib/ble_core/Release/libblelib.a(hci.o)
                0x00106d54                hci_evt_mask_set
 .text.hci_fc_init
                0x00106d78       0x10 C:/Users/xeeen/ON_Semiconductor/PACK/ONSemiconductor/RSL10/3.7.606/lib/ble_core/Release/libblelib.a(hci_fc.o)
                0x00106d78                hci_fc_init
 .text.hci_fc_acl_buf_size_set
                0x00106d88       0x20 C:/Users/xeeen/ON_Semiconductor/PACK/ONSemiconductor/RSL10/3.7.606/lib/ble_core/Release/libblelib.a(hci_fc.o)
                0x00106d88                hci_fc_acl_buf_size_set
 .text.hci_fc_acl_en
                0x00106da8       0x30 C:/Users/xeeen/ON_Semiconductor/PACK/ONSemiconductor/RSL10/3.7.606/lib/ble_core/Release/libblelib.a(hci_fc.o)
                0x00106da8                hci_fc_acl_en
 .text.hci_fc_host_nb_acl_pkts_complete
                0x00106dd8       0x18 C:/Users/xeeen/ON_Semiconductor/PACK/ONSemiconductor/RSL10/3.7.606/lib/ble_core/Release/libblelib.a(hci_fc.o)
                0x00106dd8                hci_fc_host_nb_acl_pkts_complete
 .text.hci_look_for_cmd_desc
                0x00106df0       0x6c C:/Users/xeeen/ON_Semiconductor/PACK/ONSemiconductor/RSL10/3.7.606/lib/ble_core/Release/libblelib.a(hci_msg.o)
                0x00106df0                hci_look_for_cmd_desc
 .text.hci_look_for_evt_desc
                0x00106e5c       0x20 C:/Users/xeeen/ON_Semiconductor/PACK/ONSemiconductor/RSL10/3.7.606/lib/ble_core/Release/libblelib.a(hci_msg.o)
                0x00106e5c                hci_look_for_evt_desc
 .text.hci_look_for_le_evt_desc
                0x00106e7c       0x20 C:/Users/xeeen/ON_Semiconductor/PACK/ONSemiconductor/RSL10/3.7.606/lib/ble_core/Release/libblelib.a(hci_msg.o)
                0x00106e7c                hci_look_for_le_evt_desc
 .text.ea_conflict_check
                0x00106e9c       0xa4 C:/Users/xeeen/ON_Semiconductor/PACK/ONSemiconductor/RSL10/3.7.606/lib/ble_core/Release/libblelib.a(ea.o)
 .text.ea_elt_cancel
                0x00106f40      0x114 C:/Users/xeeen/ON_Semiconductor/PACK/ONSemiconductor/RSL10/3.7.606/lib/ble_core/Release/libblelib.a(ea.o)
                0x00106f40                ea_elt_cancel
 .text.ea_init  0x00107054       0x2c C:/Users/xeeen/ON_Semiconductor/PACK/ONSemiconductor/RSL10/3.7.606/lib/ble_core/Release/libblelib.a(ea.o)
                0x00107054                ea_init
 .text.ea_elt_create
                0x00107080       0x1e C:/Users/xeeen/ON_Semiconductor/PACK/ONSemiconductor/RSL10/3.7.606/lib/ble_core/Release/libblelib.a(ea.o)
                0x00107080                ea_elt_create
 .text.ea_interval_create
                0x0010709e       0x18 C:/Users/xeeen/ON_Semiconductor/PACK/ONSemiconductor/RSL10/3.7.606/lib/ble_core/Release/libblelib.a(ea.o)
                0x0010709e                ea_interval_create
 *fill*         0x001070b6        0x2 
 .text.ea_interval_insert
                0x001070b8        0xc C:/Users/xeeen/ON_Semiconductor/PACK/ONSemiconductor/RSL10/3.7.606/lib/ble_core/Release/libblelib.a(ea.o)
                0x001070b8                ea_interval_insert
 .text.ea_interval_remove
                0x001070c4       0x10 C:/Users/xeeen/ON_Semiconductor/PACK/ONSemiconductor/RSL10/3.7.606/lib/ble_core/Release/libblelib.a(ea.o)
                0x001070c4                ea_interval_remove
 .text.ea_sw_isr
                0x001070d4       0x24 C:/Users/xeeen/ON_Semiconductor/PACK/ONSemiconductor/RSL10/3.7.606/lib/ble_core/Release/libblelib.a(ea.o)
                0x001070d4                ea_sw_isr
 .text.ea_offset_req
                0x001070f8      0x190 C:/Users/xeeen/ON_Semiconductor/PACK/ONSemiconductor/RSL10/3.7.606/lib/ble_core/Release/libblelib.a(ea.o)
                0x001070f8                ea_offset_req
 .text.ea_time_get_slot_rounded
                0x00107288       0x2c C:/Users/xeeen/ON_Semiconductor/PACK/ONSemiconductor/RSL10/3.7.606/lib/ble_core/Release/libblelib.a(ea.o)
                0x00107288                ea_time_get_slot_rounded
 .text.ea_prog_timer
                0x001072b4      0x134 C:/Users/xeeen/ON_Semiconductor/PACK/ONSemiconductor/RSL10/3.7.606/lib/ble_core/Release/libblelib.a(ea.o)
 .text.ea_elt_insert
                0x001073e8      0x208 C:/Users/xeeen/ON_Semiconductor/PACK/ONSemiconductor/RSL10/3.7.606/lib/ble_core/Release/libblelib.a(ea.o)
                0x001073e8                ea_elt_insert
 .text.ea_elt_remove
                0x001075f0       0x60 C:/Users/xeeen/ON_Semiconductor/PACK/ONSemiconductor/RSL10/3.7.606/lib/ble_core/Release/libblelib.a(ea.o)
                0x001075f0                ea_elt_remove
 .text.ea_finetimer_isr
                0x00107650       0xc4 C:/Users/xeeen/ON_Semiconductor/PACK/ONSemiconductor/RSL10/3.7.606/lib/ble_core/Release/libblelib.a(ea.o)
                0x00107650                ea_finetimer_isr
 .text.ea_interval_duration_req
                0x00107714       0x9c C:/Users/xeeen/ON_Semiconductor/PACK/ONSemiconductor/RSL10/3.7.606/lib/ble_core/Release/libblelib.a(ea.o)
                0x00107714                ea_interval_duration_req
 .text.rwble_recovery
                0x001077b0      0x130 C:/Users/xeeen/ON_Semiconductor/PACK/ONSemiconductor/RSL10/3.7.606/lib/ble_core/Release/libblelib.a(rwble.o)
                0x001077b0                rwble_recovery
 .text.rwble_init
                0x001078e0       0x2c C:/Users/xeeen/ON_Semiconductor/PACK/ONSemiconductor/RSL10/3.7.606/lib/ble_core/Release/libblelib.a(rwble.o)
                0x001078e0                rwble_init
 .text.rwble_reset
                0x0010790c       0x64 C:/Users/xeeen/ON_Semiconductor/PACK/ONSemiconductor/RSL10/3.7.606/lib/ble_core/Release/libblelib.a(rwble.o)
                0x0010790c                rwble_reset
 .text.rwble_sleep_check
                0x00107970       0x10 C:/Users/xeeen/ON_Semiconductor/PACK/ONSemiconductor/RSL10/3.7.606/lib/ble_core/Release/libblelib.a(rwble.o)
                0x00107970                rwble_sleep_check
 .text.rwble_isr
                0x00107980       0xf8 C:/Users/xeeen/ON_Semiconductor/PACK/ONSemiconductor/RSL10/3.7.606/lib/ble_core/Release/libblelib.a(rwble.o)
                0x00107980                BLE_CSCNT_IRQHandler
                0x00107980                BLE_SW_IRQHandler
                0x00107980                BLE_AUDIO0_IRQHandler
                0x00107980                BLE_SLP_IRQHandler
                0x00107980                BLE_RX_IRQHandler
                0x00107980                rwble_isr
                0x00107980                BLE_AUDIO2_IRQHandler
                0x00107980                BLE_AUDIO1_IRQHandler
                0x00107980                BLE_ERROR_IRQHandler
                0x00107980                BLE_EVENT_IRQHandler
                0x00107980                BLE_CRYPT_IRQHandler
                0x00107980                BLE_FINETGTIM_IRQHandler
 .text.llm_wlpub_addr_set
                0x00107a78       0x2c C:/Users/xeeen/ON_Semiconductor/PACK/ONSemiconductor/RSL10/3.7.606/lib/ble_core/Release/libblelib.a(llm.o)
 .text.llm_wlpriv_addr_set
                0x00107aa4       0x2c C:/Users/xeeen/ON_Semiconductor/PACK/ONSemiconductor/RSL10/3.7.606/lib/ble_core/Release/libblelib.a(llm.o)
 .text.llm_con_req_ind
                0x00107ad0      0x1fc C:/Users/xeeen/ON_Semiconductor/PACK/ONSemiconductor/RSL10/3.7.606/lib/ble_core/Release/libblelib.a(llm.o)
                0x00107ad0                llm_con_req_ind
 .text.llm_le_adv_report_ind
                0x00107ccc      0x2e0 C:/Users/xeeen/ON_Semiconductor/PACK/ONSemiconductor/RSL10/3.7.606/lib/ble_core/Release/libblelib.a(llm.o)
                0x00107ccc                llm_le_adv_report_ind
 .text.llm_con_req_tx_cfm
                0x00107fac      0x144 C:/Users/xeeen/ON_Semiconductor/PACK/ONSemiconductor/RSL10/3.7.606/lib/ble_core/Release/libblelib.a(llm.o)
                0x00107fac                llm_con_req_tx_cfm
 .text.llm_common_cmd_complete_send
                0x001080f0       0x1c C:/Users/xeeen/ON_Semiconductor/PACK/ONSemiconductor/RSL10/3.7.606/lib/ble_core/Release/libblelib.a(llm.o)
                0x001080f0                llm_common_cmd_complete_send
 .text.llm_ble_ready
                0x0010810c        0x8 C:/Users/xeeen/ON_Semiconductor/PACK/ONSemiconductor/RSL10/3.7.606/lib/ble_core/Release/libblelib.a(llm.o)
                0x0010810c                llm_ble_ready
 .text.llm_common_cmd_status_send
                0x00108114       0x1c C:/Users/xeeen/ON_Semiconductor/PACK/ONSemiconductor/RSL10/3.7.606/lib/ble_core/Release/libblelib.a(llm.o)
                0x00108114                llm_common_cmd_status_send
 .text.llm_test_mode_start_tx
                0x00108130      0x260 C:/Users/xeeen/ON_Semiconductor/PACK/ONSemiconductor/RSL10/3.7.606/lib/ble_core/Release/libblelib.a(llm.o)
                0x00108130                llm_test_mode_start_tx
 .text.llm_test_mode_start_rx
                0x00108390       0xc8 C:/Users/xeeen/ON_Semiconductor/PACK/ONSemiconductor/RSL10/3.7.606/lib/ble_core/Release/libblelib.a(llm.o)
                0x00108390                llm_test_mode_start_rx
 .text.llm_set_adv_param
                0x00108458      0x144 C:/Users/xeeen/ON_Semiconductor/PACK/ONSemiconductor/RSL10/3.7.606/lib/ble_core/Release/libblelib.a(llm.o)
                0x00108458                llm_set_adv_param
 .text.llm_set_adv_data
                0x0010859c       0x84 C:/Users/xeeen/ON_Semiconductor/PACK/ONSemiconductor/RSL10/3.7.606/lib/ble_core/Release/libblelib.a(llm.o)
                0x0010859c                llm_set_adv_data
 .text.llm_set_scan_rsp_data
                0x00108620       0x84 C:/Users/xeeen/ON_Semiconductor/PACK/ONSemiconductor/RSL10/3.7.606/lib/ble_core/Release/libblelib.a(llm.o)
                0x00108620                llm_set_scan_rsp_data
 .text.llm_set_scan_param
                0x001086a4       0x74 C:/Users/xeeen/ON_Semiconductor/PACK/ONSemiconductor/RSL10/3.7.606/lib/ble_core/Release/libblelib.a(llm.o)
                0x001086a4                llm_set_scan_param
 .text.llm_wl_clr
                0x00108718       0x58 C:/Users/xeeen/ON_Semiconductor/PACK/ONSemiconductor/RSL10/3.7.606/lib/ble_core/Release/libblelib.a(llm.o)
                0x00108718                llm_wl_clr
 .text.llm_wl_dev_add
                0x00108770       0x38 C:/Users/xeeen/ON_Semiconductor/PACK/ONSemiconductor/RSL10/3.7.606/lib/ble_core/Release/libblelib.a(llm.o)
                0x00108770                llm_wl_dev_add
 .text.llm_wl_dev_rem
                0x001087a8       0x34 C:/Users/xeeen/ON_Semiconductor/PACK/ONSemiconductor/RSL10/3.7.606/lib/ble_core/Release/libblelib.a(llm.o)
                0x001087a8                llm_wl_dev_rem
 .text.llm_wl_dev_add_hdl
                0x001087dc       0x7c C:/Users/xeeen/ON_Semiconductor/PACK/ONSemiconductor/RSL10/3.7.606/lib/ble_core/Release/libblelib.a(llm.o)
                0x001087dc                llm_wl_dev_add_hdl
 .text.llm_wl_dev_rem_hdl
                0x00108858       0x78 C:/Users/xeeen/ON_Semiconductor/PACK/ONSemiconductor/RSL10/3.7.606/lib/ble_core/Release/libblelib.a(llm.o)
                0x00108858                llm_wl_dev_rem_hdl
 .text.llm_encryption_start
                0x001088d0       0x60 C:/Users/xeeen/ON_Semiconductor/PACK/ONSemiconductor/RSL10/3.7.606/lib/ble_core/Release/libblelib.a(llm.o)
                0x001088d0                llm_encryption_start
 .text.llm_encryption_done
                0x00108930       0xe4 C:/Users/xeeen/ON_Semiconductor/PACK/ONSemiconductor/RSL10/3.7.606/lib/ble_core/Release/libblelib.a(llm.o)
                0x00108930                llm_encryption_done
 .text.llm_ral_clear
                0x00108a14       0x1c C:/Users/xeeen/ON_Semiconductor/PACK/ONSemiconductor/RSL10/3.7.606/lib/ble_core/Release/libblelib.a(llm.o)
                0x00108a14                llm_ral_clear
 .text.llm_init
                0x00108a30      0x1e0 C:/Users/xeeen/ON_Semiconductor/PACK/ONSemiconductor/RSL10/3.7.606/lib/ble_core/Release/libblelib.a(llm.o)
                0x00108a30                llm_init
 .text.llm_ral_dev_add
                0x00108c10      0x14c C:/Users/xeeen/ON_Semiconductor/PACK/ONSemiconductor/RSL10/3.7.606/lib/ble_core/Release/libblelib.a(llm.o)
                0x00108c10                llm_ral_dev_add
 .text.llm_ral_dev_rm
                0x00108d5c       0x3c C:/Users/xeeen/ON_Semiconductor/PACK/ONSemiconductor/RSL10/3.7.606/lib/ble_core/Release/libblelib.a(llm.o)
                0x00108d5c                llm_ral_dev_rm
 .text.llm_ral_get_rpa
                0x00108d98       0x70 C:/Users/xeeen/ON_Semiconductor/PACK/ONSemiconductor/RSL10/3.7.606/lib/ble_core/Release/libblelib.a(llm.o)
                0x00108d98                llm_ral_get_rpa
 .text.llm_ral_set_timeout
                0x00108e08       0x48 C:/Users/xeeen/ON_Semiconductor/PACK/ONSemiconductor/RSL10/3.7.606/lib/ble_core/Release/libblelib.a(llm.o)
                0x00108e08                llm_ral_set_timeout
 .text.llm_ral_update
                0x00108e50       0x34 C:/Users/xeeen/ON_Semiconductor/PACK/ONSemiconductor/RSL10/3.7.606/lib/ble_core/Release/libblelib.a(llm.o)
                0x00108e50                llm_ral_update
 .text.llm_set_adv_en
                0x00108e84      0x124 C:/Users/xeeen/ON_Semiconductor/PACK/ONSemiconductor/RSL10/3.7.606/lib/ble_core/Release/libblelib.a(llm.o)
                0x00108e84                llm_set_adv_en
 .text.llm_set_scan_en
                0x00108fa8       0xb4 C:/Users/xeeen/ON_Semiconductor/PACK/ONSemiconductor/RSL10/3.7.606/lib/ble_core/Release/libblelib.a(llm.o)
                0x00108fa8                llm_set_scan_en
 .text.llm_create_con
                0x0010905c      0x138 C:/Users/xeeen/ON_Semiconductor/PACK/ONSemiconductor/RSL10/3.7.606/lib/ble_core/Release/libblelib.a(llm.o)
                0x0010905c                llm_create_con
 .text.llm_dft_handler
                0x00109194        0x4 C:/Users/xeeen/ON_Semiconductor/PACK/ONSemiconductor/RSL10/3.7.606/lib/ble_core/Release/libblelib.a(llm_task.o)
 .text.llm_le_set_host_ch_class_cmd_sto_handler
                0x00109198       0x10 C:/Users/xeeen/ON_Semiconductor/PACK/ONSemiconductor/RSL10/3.7.606/lib/ble_core/Release/libblelib.a(llm_task.o)
 .text.llm_ecc_result_ind_handler
                0x001091a8       0xa0 C:/Users/xeeen/ON_Semiconductor/PACK/ONSemiconductor/RSL10/3.7.606/lib/ble_core/Release/libblelib.a(llm_task.o)
 .text.llm_le_enh_priv_addr_renew_timer_handler
                0x00109248       0x4c C:/Users/xeeen/ON_Semiconductor/PACK/ONSemiconductor/RSL10/3.7.606/lib/ble_core/Release/libblelib.a(llm_task.o)
 .text.llm_enc_req_handler
                0x00109294       0x30 C:/Users/xeeen/ON_Semiconductor/PACK/ONSemiconductor/RSL10/3.7.606/lib/ble_core/Release/libblelib.a(llm_task.o)
 .text.lld_stop_ind_handler
                0x001092c4       0x5c C:/Users/xeeen/ON_Semiconductor/PACK/ONSemiconductor/RSL10/3.7.606/lib/ble_core/Release/libblelib.a(llm_task.o)
 .text.llm_util_bd_addr_wl_position
                0x00109320       0x74 C:/Users/xeeen/ON_Semiconductor/PACK/ONSemiconductor/RSL10/3.7.606/lib/ble_core/Release/libblelib.a(llm_util.o)
                0x00109320                llm_util_bd_addr_wl_position
 .text.llm_util_check_address_validity
                0x00109394       0x18 C:/Users/xeeen/ON_Semiconductor/PACK/ONSemiconductor/RSL10/3.7.606/lib/ble_core/Release/libblelib.a(llm_util.o)
                0x00109394                llm_util_check_address_validity
 .text.llm_util_check_map_validity
                0x001093ac       0x48 C:/Users/xeeen/ON_Semiconductor/PACK/ONSemiconductor/RSL10/3.7.606/lib/ble_core/Release/libblelib.a(llm_util.o)
                0x001093ac                llm_util_check_map_validity
 .text.llm_util_apply_bd_addr
                0x001093f4       0x1c C:/Users/xeeen/ON_Semiconductor/PACK/ONSemiconductor/RSL10/3.7.606/lib/ble_core/Release/libblelib.a(llm_util.o)
                0x001093f4                llm_util_apply_bd_addr
 .text.llm_util_check_evt_mask
                0x00109410       0x1c C:/Users/xeeen/ON_Semiconductor/PACK/ONSemiconductor/RSL10/3.7.606/lib/ble_core/Release/libblelib.a(llm_util.o)
                0x00109410                llm_util_check_evt_mask
 .text.llm_util_get_channel_map
                0x0010942c       0x10 C:/Users/xeeen/ON_Semiconductor/PACK/ONSemiconductor/RSL10/3.7.606/lib/ble_core/Release/libblelib.a(llm_util.o)
                0x0010942c                llm_util_get_channel_map
 .text.llm_util_get_supp_features
                0x0010943c       0x10 C:/Users/xeeen/ON_Semiconductor/PACK/ONSemiconductor/RSL10/3.7.606/lib/ble_core/Release/libblelib.a(llm_util.o)
                0x0010943c                llm_util_get_supp_features
 .text.llm_util_adv_data_update
                0x0010944c       0x40 C:/Users/xeeen/ON_Semiconductor/PACK/ONSemiconductor/RSL10/3.7.606/lib/ble_core/Release/libblelib.a(llm_util.o)
                0x0010944c                llm_util_adv_data_update
 .text.llm_util_bl_check
                0x0010948c       0x68 C:/Users/xeeen/ON_Semiconductor/PACK/ONSemiconductor/RSL10/3.7.606/lib/ble_core/Release/libblelib.a(llm_util.o)
                0x0010948c                llm_util_bl_check
 .text.llm_util_bd_addr_in_wl
                0x001094f4       0x4e C:/Users/xeeen/ON_Semiconductor/PACK/ONSemiconductor/RSL10/3.7.606/lib/ble_core/Release/libblelib.a(llm_util.o)
                0x001094f4                llm_util_bd_addr_in_wl
 *fill*         0x00109542        0x2 
 .text.llm_util_get_default_phy
                0x00109544       0x2c C:/Users/xeeen/ON_Semiconductor/PACK/ONSemiconductor/RSL10/3.7.606/lib/ble_core/Release/libblelib.a(llm_util.o)
                0x00109544                llm_util_get_default_phy
 .text.llm_util_bd_addr_in_ral
                0x00109570       0x74 C:/Users/xeeen/ON_Semiconductor/PACK/ONSemiconductor/RSL10/3.7.606/lib/ble_core/Release/libblelib.a(llm_util.o)
                0x00109570                llm_util_bd_addr_in_ral
 .text.llm_util_bl_add
                0x001095e4       0x8c C:/Users/xeeen/ON_Semiconductor/PACK/ONSemiconductor/RSL10/3.7.606/lib/ble_core/Release/libblelib.a(llm_util.o)
                0x001095e4                llm_util_bl_add
 .text.llm_util_bl_rem
                0x00109670       0x6c C:/Users/xeeen/ON_Semiconductor/PACK/ONSemiconductor/RSL10/3.7.606/lib/ble_core/Release/libblelib.a(llm_util.o)
                0x00109670                llm_util_bl_rem
 .text.llm_end_evt_defer
                0x001096dc       0xbc C:/Users/xeeen/ON_Semiconductor/PACK/ONSemiconductor/RSL10/3.7.606/lib/ble_core/Release/libblelib.a(llm_util.o)
                0x001096dc                llm_end_evt_defer
 .text.llm_pdu_defer
                0x00109798       0x7c C:/Users/xeeen/ON_Semiconductor/PACK/ONSemiconductor/RSL10/3.7.606/lib/ble_core/Release/libblelib.a(llm_util.o)
                0x00109798                llm_pdu_defer
 .text.lld_init
                0x00109814      0x210 C:/Users/xeeen/ON_Semiconductor/PACK/ONSemiconductor/RSL10/3.7.606/lib/ble_core/Release/libblelib.a(lld.o)
                0x00109814                lld_init
 .text.lld_core_reset
                0x00109a24       0x64 C:/Users/xeeen/ON_Semiconductor/PACK/ONSemiconductor/RSL10/3.7.606/lib/ble_core/Release/libblelib.a(lld.o)
                0x00109a24                lld_core_reset
 .text.lld_adv_start
                0x00109a88      0x22c C:/Users/xeeen/ON_Semiconductor/PACK/ONSemiconductor/RSL10/3.7.606/lib/ble_core/Release/libblelib.a(lld.o)
                0x00109a88                lld_adv_start
 .text.lld_adv_stop
                0x00109cb4       0x30 C:/Users/xeeen/ON_Semiconductor/PACK/ONSemiconductor/RSL10/3.7.606/lib/ble_core/Release/libblelib.a(lld.o)
                0x00109cb4                lld_adv_stop
 .text.lld_scan_start
                0x00109ce4      0x1c8 C:/Users/xeeen/ON_Semiconductor/PACK/ONSemiconductor/RSL10/3.7.606/lib/ble_core/Release/libblelib.a(lld.o)
                0x00109ce4                lld_scan_start
 .text.lld_scan_stop
                0x00109eac       0x30 C:/Users/xeeen/ON_Semiconductor/PACK/ONSemiconductor/RSL10/3.7.606/lib/ble_core/Release/libblelib.a(lld.o)
                0x00109eac                lld_scan_stop
 .text.lld_con_start
                0x00109edc      0x64c C:/Users/xeeen/ON_Semiconductor/PACK/ONSemiconductor/RSL10/3.7.606/lib/ble_core/Release/libblelib.a(lld.o)
                0x00109edc                lld_con_start
 .text.lld_move_to_master
                0x0010a528       0xc8 C:/Users/xeeen/ON_Semiconductor/PACK/ONSemiconductor/RSL10/3.7.606/lib/ble_core/Release/libblelib.a(lld.o)
                0x0010a528                lld_move_to_master
 .text.lld_con_update_req
                0x0010a5f0       0x5a C:/Users/xeeen/ON_Semiconductor/PACK/ONSemiconductor/RSL10/3.7.606/lib/ble_core/Release/libblelib.a(lld.o)
                0x0010a5f0                lld_con_update_req
 *fill*         0x0010a64a        0x2 
 .text.lld_con_update_after_param_req
                0x0010a64c      0x230 C:/Users/xeeen/ON_Semiconductor/PACK/ONSemiconductor/RSL10/3.7.606/lib/ble_core/Release/libblelib.a(lld.o)
                0x0010a64c                lld_con_update_after_param_req
 .text.lld_con_param_rsp
                0x0010a87c      0x110 C:/Users/xeeen/ON_Semiconductor/PACK/ONSemiconductor/RSL10/3.7.606/lib/ble_core/Release/libblelib.a(lld.o)
                0x0010a87c                lld_con_param_rsp
 .text.lld_con_param_req
                0x0010a98c       0xca C:/Users/xeeen/ON_Semiconductor/PACK/ONSemiconductor/RSL10/3.7.606/lib/ble_core/Release/libblelib.a(lld.o)
                0x0010a98c                lld_con_param_req
 .text.lld_con_stop
                0x0010aa56        0x8 C:/Users/xeeen/ON_Semiconductor/PACK/ONSemiconductor/RSL10/3.7.606/lib/ble_core/Release/libblelib.a(lld.o)
                0x0010aa56                lld_con_stop
 *fill*         0x0010aa5e        0x2 
 .text.lld_get_mode
                0x0010aa60       0x28 C:/Users/xeeen/ON_Semiconductor/PACK/ONSemiconductor/RSL10/3.7.606/lib/ble_core/Release/libblelib.a(lld.o)
                0x0010aa60                lld_get_mode
 .text.lld_move_to_slave
                0x0010aa88      0x1a0 C:/Users/xeeen/ON_Semiconductor/PACK/ONSemiconductor/RSL10/3.7.606/lib/ble_core/Release/libblelib.a(lld.o)
                0x0010aa88                lld_move_to_slave
 .text.lld_ch_map_ind
                0x0010ac28       0x46 C:/Users/xeeen/ON_Semiconductor/PACK/ONSemiconductor/RSL10/3.7.606/lib/ble_core/Release/libblelib.a(lld.o)
                0x0010ac28                lld_ch_map_ind
 .text.lld_con_update_ind
                0x0010ac6e        0xa C:/Users/xeeen/ON_Semiconductor/PACK/ONSemiconductor/RSL10/3.7.606/lib/ble_core/Release/libblelib.a(lld.o)
                0x0010ac6e                lld_con_update_ind
 .text.lld_crypt_isr
                0x0010ac78        0x6 C:/Users/xeeen/ON_Semiconductor/PACK/ONSemiconductor/RSL10/3.7.606/lib/ble_core/Release/libblelib.a(lld.o)
                0x0010ac78                lld_crypt_isr
 *fill*         0x0010ac7e        0x2 
 .text.lld_test_mode_tx
                0x0010ac80      0x100 C:/Users/xeeen/ON_Semiconductor/PACK/ONSemiconductor/RSL10/3.7.606/lib/ble_core/Release/libblelib.a(lld.o)
                0x0010ac80                lld_test_mode_tx
 .text.lld_test_mode_rx
                0x0010ad80      0x100 C:/Users/xeeen/ON_Semiconductor/PACK/ONSemiconductor/RSL10/3.7.606/lib/ble_core/Release/libblelib.a(lld.o)
                0x0010ad80                lld_test_mode_rx
 .text.lld_test_stop
                0x0010ae80       0x94 C:/Users/xeeen/ON_Semiconductor/PACK/ONSemiconductor/RSL10/3.7.606/lib/ble_core/Release/libblelib.a(lld.o)
                0x0010ae80                lld_test_stop
 .text.lld_ral_renew_req
                0x0010af14       0x1c C:/Users/xeeen/ON_Semiconductor/PACK/ONSemiconductor/RSL10/3.7.606/lib/ble_core/Release/libblelib.a(lld.o)
                0x0010af14                lld_ral_renew_req
 .text.lld_evt_winsize_change
                0x0010af30       0xbc C:/Users/xeeen/ON_Semiconductor/PACK/ONSemiconductor/RSL10/3.7.606/lib/ble_core/Release/libblelib.a(lld_evt.o)
 .text.lld_evt_slave_time_compute
                0x0010afec       0xe8 C:/Users/xeeen/ON_Semiconductor/PACK/ONSemiconductor/RSL10/3.7.606/lib/ble_core/Release/libblelib.a(lld_evt.o)
 .text.lld_evt_prevent_stop
                0x0010b0d4        0x2 C:/Users/xeeen/ON_Semiconductor/PACK/ONSemiconductor/RSL10/3.7.606/lib/ble_core/Release/libblelib.a(lld_evt.o)
                0x0010b0d4                lld_evt_prevent_stop
 *fill*         0x0010b0d6        0x2 
 .text.lld_evt_elt_wait_insert
                0x0010b0d8       0x20 C:/Users/xeeen/ON_Semiconductor/PACK/ONSemiconductor/RSL10/3.7.606/lib/ble_core/Release/libblelib.a(lld_evt.o)
 .text.lld_evt_deferred_elt_push
                0x0010b0f8       0x34 C:/Users/xeeen/ON_Semiconductor/PACK/ONSemiconductor/RSL10/3.7.606/lib/ble_core/Release/libblelib.a(lld_evt.o)
 .text.lld_evt_deferred_elt_pop
                0x0010b12c       0x38 C:/Users/xeeen/ON_Semiconductor/PACK/ONSemiconductor/RSL10/3.7.606/lib/ble_core/Release/libblelib.a(lld_evt.o)
 .text.lld_evt_get_next_free_slot
                0x0010b164       0x3c C:/Users/xeeen/ON_Semiconductor/PACK/ONSemiconductor/RSL10/3.7.606/lib/ble_core/Release/libblelib.a(lld_evt.o)
 .text.lld_evt_elt_wait_get
                0x0010b1a0       0x34 C:/Users/xeeen/ON_Semiconductor/PACK/ONSemiconductor/RSL10/3.7.606/lib/ble_core/Release/libblelib.a(lld_evt.o)
 .text.lld_evt_schedule
                0x0010b1d4      0x14c C:/Users/xeeen/ON_Semiconductor/PACK/ONSemiconductor/RSL10/3.7.606/lib/ble_core/Release/libblelib.a(lld_evt.o)
                0x0010b1d4                lld_evt_schedule
 .text.lld_evt_delete_elt_push
                0x0010b320       0x4c C:/Users/xeeen/ON_Semiconductor/PACK/ONSemiconductor/RSL10/3.7.606/lib/ble_core/Release/libblelib.a(lld_evt.o)
                0x0010b320                lld_evt_delete_elt_push
 .text.lld_evt_deffered_elt_handler
                0x0010b36c       0xb4 C:/Users/xeeen/ON_Semiconductor/PACK/ONSemiconductor/RSL10/3.7.606/lib/ble_core/Release/libblelib.a(lld_evt.o)
                0x0010b36c                lld_evt_deffered_elt_handler
 .text.lld_evt_channel_next
                0x0010b420       0x3c C:/Users/xeeen/ON_Semiconductor/PACK/ONSemiconductor/RSL10/3.7.606/lib/ble_core/Release/libblelib.a(lld_evt.o)
                0x0010b420                lld_evt_channel_next
 .text.lld_evt_init
                0x0010b45c      0x12c C:/Users/xeeen/ON_Semiconductor/PACK/ONSemiconductor/RSL10/3.7.606/lib/ble_core/Release/libblelib.a(lld_evt.o)
                0x0010b45c                lld_evt_init
 .text.lld_evt_init_evt
                0x0010b588       0x5c C:/Users/xeeen/ON_Semiconductor/PACK/ONSemiconductor/RSL10/3.7.606/lib/ble_core/Release/libblelib.a(lld_evt.o)
                0x0010b588                lld_evt_init_evt
 .text.lld_evt_elt_delete
                0x0010b5e4      0x12c C:/Users/xeeen/ON_Semiconductor/PACK/ONSemiconductor/RSL10/3.7.606/lib/ble_core/Release/libblelib.a(lld_evt.o)
                0x0010b5e4                lld_evt_elt_delete
 .text.lld_evt_delete_elt_handler
                0x0010b710       0xd8 C:/Users/xeeen/ON_Semiconductor/PACK/ONSemiconductor/RSL10/3.7.606/lib/ble_core/Release/libblelib.a(lld_evt.o)
 .text.lld_evt_drift_compute
                0x0010b7e8       0x38 C:/Users/xeeen/ON_Semiconductor/PACK/ONSemiconductor/RSL10/3.7.606/lib/ble_core/Release/libblelib.a(lld_evt.o)
                0x0010b7e8                lld_evt_drift_compute
 .text.lld_evt_rxwin_compute
                0x0010b820       0x4c C:/Users/xeeen/ON_Semiconductor/PACK/ONSemiconductor/RSL10/3.7.606/lib/ble_core/Release/libblelib.a(lld_evt.o)
 .text.lld_evt_restart
                0x0010b86c      0x844 C:/Users/xeeen/ON_Semiconductor/PACK/ONSemiconductor/RSL10/3.7.606/lib/ble_core/Release/libblelib.a(lld_evt.o)
                0x0010b86c                lld_evt_restart
 .text.lld_evt_elt_insert
                0x0010c0b0       0x88 C:/Users/xeeen/ON_Semiconductor/PACK/ONSemiconductor/RSL10/3.7.606/lib/ble_core/Release/libblelib.a(lld_evt.o)
                0x0010c0b0                lld_evt_elt_insert
 .text.lld_evt_canceled
                0x0010c138       0x58 C:/Users/xeeen/ON_Semiconductor/PACK/ONSemiconductor/RSL10/3.7.606/lib/ble_core/Release/libblelib.a(lld_evt.o)
                0x0010c138                lld_evt_canceled
 .text.lld_evt_schedule_next
                0x0010c190      0x1ac C:/Users/xeeen/ON_Semiconductor/PACK/ONSemiconductor/RSL10/3.7.606/lib/ble_core/Release/libblelib.a(lld_evt.o)
                0x0010c190                lld_evt_schedule_next
 .text.lld_evt_scan_create
                0x0010c33c       0x88 C:/Users/xeeen/ON_Semiconductor/PACK/ONSemiconductor/RSL10/3.7.606/lib/ble_core/Release/libblelib.a(lld_evt.o)
                0x0010c33c                lld_evt_scan_create
 .text.lld_evt_move_to_master
                0x0010c3c4      0x170 C:/Users/xeeen/ON_Semiconductor/PACK/ONSemiconductor/RSL10/3.7.606/lib/ble_core/Release/libblelib.a(lld_evt.o)
                0x0010c3c4                lld_evt_move_to_master
 .text.lld_evt_update_create
                0x0010c534      0x12e C:/Users/xeeen/ON_Semiconductor/PACK/ONSemiconductor/RSL10/3.7.606/lib/ble_core/Release/libblelib.a(lld_evt.o)
                0x0010c534                lld_evt_update_create
 *fill*         0x0010c662        0x2 
 .text.lld_evt_move_to_slave
                0x0010c664      0x348 C:/Users/xeeen/ON_Semiconductor/PACK/ONSemiconductor/RSL10/3.7.606/lib/ble_core/Release/libblelib.a(lld_evt.o)
                0x0010c664                lld_evt_move_to_slave
 .text.lld_evt_slave_update
                0x0010c9ac      0x158 C:/Users/xeeen/ON_Semiconductor/PACK/ONSemiconductor/RSL10/3.7.606/lib/ble_core/Release/libblelib.a(lld_evt.o)
                0x0010c9ac                lld_evt_slave_update
 .text.lld_evt_adv_create
                0x0010cb04       0x84 C:/Users/xeeen/ON_Semiconductor/PACK/ONSemiconductor/RSL10/3.7.606/lib/ble_core/Release/libblelib.a(lld_evt.o)
                0x0010cb04                lld_evt_adv_create
 .text.lld_evt_end
                0x0010cb88      0x280 C:/Users/xeeen/ON_Semiconductor/PACK/ONSemiconductor/RSL10/3.7.606/lib/ble_core/Release/libblelib.a(lld_evt.o)
                0x0010cb88                lld_evt_end
 .text.lld_evt_rx
                0x0010ce08       0x5c C:/Users/xeeen/ON_Semiconductor/PACK/ONSemiconductor/RSL10/3.7.606/lib/ble_core/Release/libblelib.a(lld_evt.o)
                0x0010ce08                lld_evt_rx
 .text.lld_evt_end_isr
                0x0010ce64       0x4c C:/Users/xeeen/ON_Semiconductor/PACK/ONSemiconductor/RSL10/3.7.606/lib/ble_core/Release/libblelib.a(lld_evt.o)
                0x0010ce64                lld_evt_end_isr
 .text.lld_evt_rx_isr
                0x0010ceb0       0x10 C:/Users/xeeen/ON_Semiconductor/PACK/ONSemiconductor/RSL10/3.7.606/lib/ble_core/Release/libblelib.a(lld_evt.o)
                0x0010ceb0                lld_evt_rx_isr
 .text.lld_evt_set_power_save
                0x0010cec0       0x10 C:/Users/xeeen/ON_Semiconductor/PACK/ONSemiconductor/RSL10/3.7.606/lib/ble_core/Release/libblelib.a(lld_evt.o)
                0x0010cec0                lld_evt_set_power_save
 .text.lld_pdu_llcp_con_param_req_unpk
                0x0010ced0       0xcc C:/Users/xeeen/ON_Semiconductor/PACK/ONSemiconductor/RSL10/3.7.606/lib/ble_core/Release/libblelib.a(lld_pdu.o)
 .text.lld_pdu_llcp_con_param_rsp_unpk
                0x0010cf9c       0xcc C:/Users/xeeen/ON_Semiconductor/PACK/ONSemiconductor/RSL10/3.7.606/lib/ble_core/Release/libblelib.a(lld_pdu.o)
 .text.lld_pdu_llcp_length_req_unpk
                0x0010d068       0x3e C:/Users/xeeen/ON_Semiconductor/PACK/ONSemiconductor/RSL10/3.7.606/lib/ble_core/Release/libblelib.a(lld_pdu.o)
 .text.lld_pdu_llcp_length_rsp_unpk
                0x0010d0a6       0x3e C:/Users/xeeen/ON_Semiconductor/PACK/ONSemiconductor/RSL10/3.7.606/lib/ble_core/Release/libblelib.a(lld_pdu.o)
 .text.lld_pdu_llcp_phy_upd_req_unpk
                0x0010d0e4       0x2e C:/Users/xeeen/ON_Semiconductor/PACK/ONSemiconductor/RSL10/3.7.606/lib/ble_core/Release/libblelib.a(lld_pdu.o)
 .text.lld_pdu_pack
                0x0010d112       0xba C:/Users/xeeen/ON_Semiconductor/PACK/ONSemiconductor/RSL10/3.7.606/lib/ble_core/Release/libblelib.a(lld_pdu.o)
 .text.lld_pdu_tx_flush_list
                0x0010d1cc       0x98 C:/Users/xeeen/ON_Semiconductor/PACK/ONSemiconductor/RSL10/3.7.606/lib/ble_core/Release/libblelib.a(lld_pdu.o)
 .text.lld_pdu_cntl_aligned_unpk
                0x0010d264       0x16 C:/Users/xeeen/ON_Semiconductor/PACK/ONSemiconductor/RSL10/3.7.606/lib/ble_core/Release/libblelib.a(lld_pdu.o)
 *fill*         0x0010d27a        0x2 
 .text.lld_pdu_check
                0x0010d27c      0x1f0 C:/Users/xeeen/ON_Semiconductor/PACK/ONSemiconductor/RSL10/3.7.606/lib/ble_core/Release/libblelib.a(lld_pdu.o)
                0x0010d27c                lld_pdu_check
 .text.lld_pdu_tx_loop
                0x0010d46c       0x38 C:/Users/xeeen/ON_Semiconductor/PACK/ONSemiconductor/RSL10/3.7.606/lib/ble_core/Release/libblelib.a(lld_pdu.o)
                0x0010d46c                lld_pdu_tx_loop
 .text.lld_pdu_data_tx_push
                0x0010d4a4       0x78 C:/Users/xeeen/ON_Semiconductor/PACK/ONSemiconductor/RSL10/3.7.606/lib/ble_core/Release/libblelib.a(lld_pdu.o)
                0x0010d4a4                lld_pdu_data_tx_push
 .text.lld_pdu_data_send
                0x0010d51c       0x58 C:/Users/xeeen/ON_Semiconductor/PACK/ONSemiconductor/RSL10/3.7.606/lib/ble_core/Release/libblelib.a(lld_pdu.o)
                0x0010d51c                lld_pdu_data_send
 .text.lld_pdu_tx_push
                0x0010d574       0x48 C:/Users/xeeen/ON_Semiconductor/PACK/ONSemiconductor/RSL10/3.7.606/lib/ble_core/Release/libblelib.a(lld_pdu.o)
                0x0010d574                lld_pdu_tx_push
 .text.lld_pdu_tx_prog
                0x0010d5bc      0x42c C:/Users/xeeen/ON_Semiconductor/PACK/ONSemiconductor/RSL10/3.7.606/lib/ble_core/Release/libblelib.a(lld_pdu.o)
                0x0010d5bc                lld_pdu_tx_prog
 .text.lld_pdu_tx_flush
                0x0010d9e8       0x7c C:/Users/xeeen/ON_Semiconductor/PACK/ONSemiconductor/RSL10/3.7.606/lib/ble_core/Release/libblelib.a(lld_pdu.o)
                0x0010d9e8                lld_pdu_tx_flush
 .text.lld_pdu_adv_pack
                0x0010da64       0x24 C:/Users/xeeen/ON_Semiconductor/PACK/ONSemiconductor/RSL10/3.7.606/lib/ble_core/Release/libblelib.a(lld_pdu.o)
                0x0010da64                lld_pdu_adv_pack
 .text.lld_pdu_rx_handler
                0x0010da88      0x308 C:/Users/xeeen/ON_Semiconductor/PACK/ONSemiconductor/RSL10/3.7.606/lib/ble_core/Release/libblelib.a(lld_pdu.o)
                0x0010da88                lld_pdu_rx_handler
 .text.lld_sleep_init
                0x0010dd90       0x44 C:/Users/xeeen/ON_Semiconductor/PACK/ONSemiconductor/RSL10/3.7.606/lib/ble_core/Release/libblelib.a(lld_sleep.o)
                0x0010dd90                lld_sleep_init
 .text.lld_sleep_wakeup
                0x0010ddd4       0x78 C:/Users/xeeen/ON_Semiconductor/PACK/ONSemiconductor/RSL10/3.7.606/lib/ble_core/Release/libblelib.a(lld_sleep.o)
                0x0010ddd4                lld_sleep_wakeup
 .text.lld_sleep_wakeup_end
                0x0010de4c       0x20 C:/Users/xeeen/ON_Semiconductor/PACK/ONSemiconductor/RSL10/3.7.606/lib/ble_core/Release/libblelib.a(lld_sleep.o)
                0x0010de4c                lld_sleep_wakeup_end
 .text.lld_util_instant_get
                0x0010de6c       0x18 C:/Users/xeeen/ON_Semiconductor/PACK/ONSemiconductor/RSL10/3.7.606/lib/ble_core/Release/libblelib.a(lld_util.o)
                0x0010de6c                lld_util_instant_get
 .text.lld_util_set_bd_address
                0x0010de84       0x30 C:/Users/xeeen/ON_Semiconductor/PACK/ONSemiconductor/RSL10/3.7.606/lib/ble_core/Release/libblelib.a(lld_util.o)
                0x0010de84                lld_util_set_bd_address
 .text.lld_util_ral_force_rpa_renew
                0x0010deb4       0x44 C:/Users/xeeen/ON_Semiconductor/PACK/ONSemiconductor/RSL10/3.7.606/lib/ble_core/Release/libblelib.a(lld_util.o)
                0x0010deb4                lld_util_ral_force_rpa_renew
 .text.lld_util_freq2chnl
                0x0010def8       0x20 C:/Users/xeeen/ON_Semiconductor/PACK/ONSemiconductor/RSL10/3.7.606/lib/ble_core/Release/libblelib.a(lld_util.o)
                0x0010def8                lld_util_freq2chnl
 .text.lld_util_get_local_offset
                0x0010df18       0x16 C:/Users/xeeen/ON_Semiconductor/PACK/ONSemiconductor/RSL10/3.7.606/lib/ble_core/Release/libblelib.a(lld_util.o)
                0x0010df18                lld_util_get_local_offset
 .text.lld_util_get_peer_offset
                0x0010df2e       0x18 C:/Users/xeeen/ON_Semiconductor/PACK/ONSemiconductor/RSL10/3.7.606/lib/ble_core/Release/libblelib.a(lld_util.o)
                0x0010df2e                lld_util_get_peer_offset
 .text.lld_util_connection_param_set
                0x0010df46       0x44 C:/Users/xeeen/ON_Semiconductor/PACK/ONSemiconductor/RSL10/3.7.606/lib/ble_core/Release/libblelib.a(lld_util.o)
                0x0010df46                lld_util_connection_param_set
 *fill*         0x0010df8a        0x2 
 .text.lld_util_dle_set_cs_fields
                0x0010df8c       0x18 C:/Users/xeeen/ON_Semiconductor/PACK/ONSemiconductor/RSL10/3.7.606/lib/ble_core/Release/libblelib.a(lld_util.o)
                0x0010df8c                lld_util_dle_set_cs_fields
 .text.lld_util_anchor_point_move
                0x0010dfa4       0xe0 C:/Users/xeeen/ON_Semiconductor/PACK/ONSemiconductor/RSL10/3.7.606/lib/ble_core/Release/libblelib.a(lld_util.o)
                0x0010dfa4                lld_util_anchor_point_move
 .text.lld_util_flush_list
                0x0010e084       0x14 C:/Users/xeeen/ON_Semiconductor/PACK/ONSemiconductor/RSL10/3.7.606/lib/ble_core/Release/libblelib.a(lld_util.o)
                0x0010e084                lld_util_flush_list
 .text.lld_util_instant_ongoing
                0x0010e098        0xc C:/Users/xeeen/ON_Semiconductor/PACK/ONSemiconductor/RSL10/3.7.606/lib/ble_core/Release/libblelib.a(lld_util.o)
                0x0010e098                lld_util_instant_ongoing
 .text.lld_util_compute_ce_max
                0x0010e0a4       0xac C:/Users/xeeen/ON_Semiconductor/PACK/ONSemiconductor/RSL10/3.7.606/lib/ble_core/Release/libblelib.a(lld_util.o)
                0x0010e0a4                lld_util_compute_ce_max
 .text.lld_util_priority_set
                0x0010e150       0x48 C:/Users/xeeen/ON_Semiconductor/PACK/ONSemiconductor/RSL10/3.7.606/lib/ble_core/Release/libblelib.a(lld_util.o)
                0x0010e150                lld_util_priority_set
 .text.lld_util_get_tx_pkt_cnt
                0x0010e198        0x6 C:/Users/xeeen/ON_Semiconductor/PACK/ONSemiconductor/RSL10/3.7.606/lib/ble_core/Release/libblelib.a(lld_util.o)
                0x0010e198                lld_util_get_tx_pkt_cnt
 *fill*         0x0010e19e        0x2 
 .text.lld_util_get_phys
                0x0010e1a0       0x34 C:/Users/xeeen/ON_Semiconductor/PACK/ONSemiconductor/RSL10/3.7.606/lib/ble_core/Release/libblelib.a(lld_util.o)
                0x0010e1a0                lld_util_get_phys
 .text.lld_util_phy_update_ind
                0x0010e1d4       0x74 C:/Users/xeeen/ON_Semiconductor/PACK/ONSemiconductor/RSL10/3.7.606/lib/ble_core/Release/libblelib.a(lld_util.o)
                0x0010e1d4                lld_util_phy_update_ind
 .text.lld_util_phy_update_req
                0x0010e248       0x68 C:/Users/xeeen/ON_Semiconductor/PACK/ONSemiconductor/RSL10/3.7.606/lib/ble_core/Release/libblelib.a(lld_util.o)
                0x0010e248                lld_util_phy_update_req
 .text.lld_util_max_rx_size_and_time_set
                0x0010e2b0       0x44 C:/Users/xeeen/ON_Semiconductor/PACK/ONSemiconductor/RSL10/3.7.606/lib/ble_core/Release/libblelib.a(lld_util.o)
                0x0010e2b0                lld_util_max_rx_size_and_time_set
 .text.lld_util_pref_slave_latency_set
                0x0010e2f4       0x58 C:/Users/xeeen/ON_Semiconductor/PACK/ONSemiconductor/RSL10/3.7.606/lib/ble_core/Release/libblelib.a(lld_util.o)
                0x0010e2f4                lld_util_pref_slave_latency_set
 .text.lld_util_eff_tx_time_set
                0x0010e34c        0xa C:/Users/xeeen/ON_Semiconductor/PACK/ONSemiconductor/RSL10/3.7.606/lib/ble_core/Release/libblelib.a(lld_util.o)
                0x0010e34c                lld_util_eff_tx_time_set
 *fill*         0x0010e356        0x2 
 .text.lld_util_max_lat_compute
                0x0010e358       0x80 C:/Users/xeeen/ON_Semiconductor/PACK/ONSemiconductor/RSL10/3.7.606/lib/ble_core/Release/libblelib.a(lld_util.o)
                0x0010e358                lld_util_max_lat_compute
 .text.lld_wlcoex_set
                0x0010e3d8       0x1c C:/Users/xeeen/ON_Semiconductor/PACK/ONSemiconductor/RSL10/3.7.606/lib/ble_core/Release/libblelib.a(lld_wlcoex.o)
                0x0010e3d8                lld_wlcoex_set
 .text.llc_init
                0x0010e3f4       0x38 C:/Users/xeeen/ON_Semiconductor/PACK/ONSemiconductor/RSL10/3.7.606/lib/ble_core/Release/libblelib.a(llc.o)
                0x0010e3f4                llc_init
 .text.llc_stop
                0x0010e42c       0x54 C:/Users/xeeen/ON_Semiconductor/PACK/ONSemiconductor/RSL10/3.7.606/lib/ble_core/Release/libblelib.a(llc.o)
                0x0010e42c                llc_stop
 .text.llc_reset
                0x0010e480       0x26 C:/Users/xeeen/ON_Semiconductor/PACK/ONSemiconductor/RSL10/3.7.606/lib/ble_core/Release/libblelib.a(llc.o)
                0x0010e480                llc_reset
 .text.llc_discon_event_complete_send
                0x0010e4a6       0x24 C:/Users/xeeen/ON_Semiconductor/PACK/ONSemiconductor/RSL10/3.7.606/lib/ble_core/Release/libblelib.a(llc.o)
                0x0010e4a6                llc_discon_event_complete_send
 *fill*         0x0010e4ca        0x2 
 .text.llc_le_con_cmp_evt_send
                0x0010e4cc      0x248 C:/Users/xeeen/ON_Semiconductor/PACK/ONSemiconductor/RSL10/3.7.606/lib/ble_core/Release/libblelib.a(llc.o)
                0x0010e4cc                llc_le_con_cmp_evt_send
 .text.llc_start
                0x0010e714      0x15c C:/Users/xeeen/ON_Semiconductor/PACK/ONSemiconductor/RSL10/3.7.606/lib/ble_core/Release/libblelib.a(llc.o)
                0x0010e714                llc_start
 .text.llc_con_update_complete_send
                0x0010e870       0x60 C:/Users/xeeen/ON_Semiconductor/PACK/ONSemiconductor/RSL10/3.7.606/lib/ble_core/Release/libblelib.a(llc.o)
                0x0010e870                llc_con_update_complete_send
 .text.llc_ltk_req_send
                0x0010e8d0       0x34 C:/Users/xeeen/ON_Semiconductor/PACK/ONSemiconductor/RSL10/3.7.606/lib/ble_core/Release/libblelib.a(llc.o)
                0x0010e8d0                llc_ltk_req_send
 .text.llc_feats_rd_event_send
                0x0010e904       0x38 C:/Users/xeeen/ON_Semiconductor/PACK/ONSemiconductor/RSL10/3.7.606/lib/ble_core/Release/libblelib.a(llc.o)
                0x0010e904                llc_feats_rd_event_send
 .text.llc_version_rd_event_send
                0x0010e93c       0x3c C:/Users/xeeen/ON_Semiconductor/PACK/ONSemiconductor/RSL10/3.7.606/lib/ble_core/Release/libblelib.a(llc.o)
                0x0010e93c                llc_version_rd_event_send
 .text.llc_common_cmd_complete_send
                0x0010e978       0x20 C:/Users/xeeen/ON_Semiconductor/PACK/ONSemiconductor/RSL10/3.7.606/lib/ble_core/Release/libblelib.a(llc.o)
                0x0010e978                llc_common_cmd_complete_send
 .text.llc_common_cmd_status_send
                0x0010e998       0x1c C:/Users/xeeen/ON_Semiconductor/PACK/ONSemiconductor/RSL10/3.7.606/lib/ble_core/Release/libblelib.a(llc.o)
                0x0010e998                llc_common_cmd_status_send
 .text.llc_common_enc_key_ref_comp_evt_send
                0x0010e9b4       0x20 C:/Users/xeeen/ON_Semiconductor/PACK/ONSemiconductor/RSL10/3.7.606/lib/ble_core/Release/libblelib.a(llc.o)
                0x0010e9b4                llc_common_enc_key_ref_comp_evt_send
 .text.llc_common_enc_change_evt_send
                0x0010e9d4       0x78 C:/Users/xeeen/ON_Semiconductor/PACK/ONSemiconductor/RSL10/3.7.606/lib/ble_core/Release/libblelib.a(llc.o)
                0x0010e9d4                llc_common_enc_change_evt_send
 .text.llc_common_nb_of_pkt_comp_evt_send
                0x0010ea4c       0x24 C:/Users/xeeen/ON_Semiconductor/PACK/ONSemiconductor/RSL10/3.7.606/lib/ble_core/Release/libblelib.a(llc.o)
                0x0010ea4c                llc_common_nb_of_pkt_comp_evt_send
 .text.llc_con_update_ind
                0x0010ea70       0x4c C:/Users/xeeen/ON_Semiconductor/PACK/ONSemiconductor/RSL10/3.7.606/lib/ble_core/Release/libblelib.a(llc.o)
                0x0010ea70                llc_con_update_ind
 .text.llc_lsto_con_update
                0x0010eabc       0x40 C:/Users/xeeen/ON_Semiconductor/PACK/ONSemiconductor/RSL10/3.7.606/lib/ble_core/Release/libblelib.a(llc.o)
                0x0010eabc                llc_lsto_con_update
 .text.llc_map_update_ind
                0x0010eafc       0x58 C:/Users/xeeen/ON_Semiconductor/PACK/ONSemiconductor/RSL10/3.7.606/lib/ble_core/Release/libblelib.a(llc.o)
                0x0010eafc                llc_map_update_ind
 .text.llc_con_update_finished
                0x0010eb54       0x84 C:/Users/xeeen/ON_Semiconductor/PACK/ONSemiconductor/RSL10/3.7.606/lib/ble_core/Release/libblelib.a(llc.o)
                0x0010eb54                llc_con_update_finished
 .text.llc_map_update_finished
                0x0010ebd8       0x7c C:/Users/xeeen/ON_Semiconductor/PACK/ONSemiconductor/RSL10/3.7.606/lib/ble_core/Release/libblelib.a(llc.o)
                0x0010ebd8                llc_map_update_finished
 .text.llc_phy_update_complete_send
                0x0010ec54       0x2e C:/Users/xeeen/ON_Semiconductor/PACK/ONSemiconductor/RSL10/3.7.606/lib/ble_core/Release/libblelib.a(llc.o)
                0x0010ec54                llc_phy_update_complete_send
 *fill*         0x0010ec82        0x2 
 .text.llc_phy_update_finished
                0x0010ec84       0xb8 C:/Users/xeeen/ON_Semiconductor/PACK/ONSemiconductor/RSL10/3.7.606/lib/ble_core/Release/libblelib.a(llc.o)
                0x0010ec84                llc_phy_update_finished
 .text.llc_allocate_env
                0x0010ed3c       0x34 C:/Users/xeeen/ON_Semiconductor/PACK/ONSemiconductor/RSL10/3.7.606/lib/ble_core/Release/libblelib.a(llc.o)
                0x0010ed3c                llc_allocate_env
 .text.llc_end_procedure_with_instant
                0x0010ed70       0x78 C:/Users/xeeen/ON_Semiconductor/PACK/ONSemiconductor/RSL10/3.7.606/lib/ble_core/Release/libblelib.a(llc.o)
                0x0010ed70                llc_end_procedure_with_instant
 .text.llc_llcp_send
                0x0010ede8       0x80 C:/Users/xeeen/ON_Semiconductor/PACK/ONSemiconductor/RSL10/3.7.606/lib/ble_core/Release/libblelib.a(llc_llcp.o)
 .text.llcp_ping_rsp_handler
                0x0010ee68       0x54 C:/Users/xeeen/ON_Semiconductor/PACK/ONSemiconductor/RSL10/3.7.606/lib/ble_core/Release/libblelib.a(llc_llcp.o)
 .text.llcp_enc_rsp_handler
                0x0010eebc       0xe0 C:/Users/xeeen/ON_Semiconductor/PACK/ONSemiconductor/RSL10/3.7.606/lib/ble_core/Release/libblelib.a(llc_llcp.o)
 .text.llcp_terminate_ind_handler
                0x0010ef9c       0x4c C:/Users/xeeen/ON_Semiconductor/PACK/ONSemiconductor/RSL10/3.7.606/lib/ble_core/Release/libblelib.a(llc_llcp.o)
 .text.llc_llcp_reject_ind
                0x0010efe8      0x23c C:/Users/xeeen/ON_Semiconductor/PACK/ONSemiconductor/RSL10/3.7.606/lib/ble_core/Release/libblelib.a(llc_llcp.o)
 .text.llcp_reject_ind_ext_handler
                0x0010f224       0x10 C:/Users/xeeen/ON_Semiconductor/PACK/ONSemiconductor/RSL10/3.7.606/lib/ble_core/Release/libblelib.a(llc_llcp.o)
 .text.llcp_reject_ind_handler
                0x0010f234       0x10 C:/Users/xeeen/ON_Semiconductor/PACK/ONSemiconductor/RSL10/3.7.606/lib/ble_core/Release/libblelib.a(llc_llcp.o)
 .text.llcp_pause_enc_req_handler
                0x0010f244       0xbc C:/Users/xeeen/ON_Semiconductor/PACK/ONSemiconductor/RSL10/3.7.606/lib/ble_core/Release/libblelib.a(llc_llcp.o)
 .text.llcp_start_enc_req_handler
                0x0010f300       0x68 C:/Users/xeeen/ON_Semiconductor/PACK/ONSemiconductor/RSL10/3.7.606/lib/ble_core/Release/libblelib.a(llc_llcp.o)
 .text.llcp_enc_req_handler
                0x0010f368       0xcc C:/Users/xeeen/ON_Semiconductor/PACK/ONSemiconductor/RSL10/3.7.606/lib/ble_core/Release/libblelib.a(llc_llcp.o)
 .text.llcp_unknown_rsp_handler
                0x0010f434      0x23c C:/Users/xeeen/ON_Semiconductor/PACK/ONSemiconductor/RSL10/3.7.606/lib/ble_core/Release/libblelib.a(llc_llcp.o)
 .text.llc_llcp_version_ind_pdu_send
                0x0010f670       0x2a C:/Users/xeeen/ON_Semiconductor/PACK/ONSemiconductor/RSL10/3.7.606/lib/ble_core/Release/libblelib.a(llc_llcp.o)
                0x0010f670                llc_llcp_version_ind_pdu_send
 *fill*         0x0010f69a        0x2 
 .text.llcp_vers_ind_handler
                0x0010f69c       0x98 C:/Users/xeeen/ON_Semiconductor/PACK/ONSemiconductor/RSL10/3.7.606/lib/ble_core/Release/libblelib.a(llc_llcp.o)
 .text.llc_llcp_ch_map_update_pdu_send
                0x0010f734       0x44 C:/Users/xeeen/ON_Semiconductor/PACK/ONSemiconductor/RSL10/3.7.606/lib/ble_core/Release/libblelib.a(llc_llcp.o)
                0x0010f734                llc_llcp_ch_map_update_pdu_send
 .text.llc_llcp_pause_enc_req_pdu_send
                0x0010f778       0x30 C:/Users/xeeen/ON_Semiconductor/PACK/ONSemiconductor/RSL10/3.7.606/lib/ble_core/Release/libblelib.a(llc_llcp.o)
                0x0010f778                llc_llcp_pause_enc_req_pdu_send
 .text.llc_llcp_pause_enc_rsp_pdu_send
                0x0010f7a8       0x40 C:/Users/xeeen/ON_Semiconductor/PACK/ONSemiconductor/RSL10/3.7.606/lib/ble_core/Release/libblelib.a(llc_llcp.o)
                0x0010f7a8                llc_llcp_pause_enc_rsp_pdu_send
 .text.llcp_pause_enc_rsp_handler
                0x0010f7e8       0xd4 C:/Users/xeeen/ON_Semiconductor/PACK/ONSemiconductor/RSL10/3.7.606/lib/ble_core/Release/libblelib.a(llc_llcp.o)
 .text.llc_llcp_enc_req_pdu_send
                0x0010f8bc       0xcc C:/Users/xeeen/ON_Semiconductor/PACK/ONSemiconductor/RSL10/3.7.606/lib/ble_core/Release/libblelib.a(llc_llcp.o)
                0x0010f8bc                llc_llcp_enc_req_pdu_send
 .text.llc_llcp_enc_rsp_pdu_send