Archive member included to satisfy reference by file (symbol)

C:/Users/xeeen/ON_Semiconductor/PACK/ONSemiconductor/RSL10/3.7.606/lib/ble_core/Release/libblelib.a(prf-prf_utils.o)
                              ./code/ble_basc.o (prf_env_get)
C:/Users/xeeen/ON_Semiconductor/PACK/ONSemiconductor/RSL10/3.7.606/lib/ble_core/Release/libblelib.a(rwip.o)
                              ./code/ble_std.o (BLE_InitNoTL)
C:/Users/xeeen/ON_Semiconductor/PACK/ONSemiconductor/RSL10/3.7.606/lib/ble_core/Release/libblelib.a(rf_atlas.o)
                              C:/Users/xeeen/ON_Semiconductor/PACK/ONSemiconductor/RSL10/3.7.606/lib/ble_core/Release/libblelib.a(rwip.o) (rf_init)
C:/Users/xeeen/ON_Semiconductor/PACK/ONSemiconductor/RSL10/3.7.606/lib/ble_core/Release/libblelib.a(ecc_p256.o)
                              C:/Users/xeeen/ON_Semiconductor/PACK/ONSemiconductor/RSL10/3.7.606/lib/ble_core/Release/libblelib.a(rwip.o) (ecc_init)
C:/Users/xeeen/ON_Semiconductor/PACK/ONSemiconductor/RSL10/3.7.606/lib/ble_core/Release/libblelib.a(hci.o)
                              C:/Users/xeeen/ON_Semiconductor/PACK/ONSemiconductor/RSL10/3.7.606/lib/ble_core/Release/libblelib.a(rwip.o) (hci_init)
C:/Users/xeeen/ON_Semiconductor/PACK/ONSemiconductor/RSL10/3.7.606/lib/ble_core/Release/libblelib.a(hci_fc.o)
                              C:/Users/xeeen/ON_Semiconductor/PACK/ONSemiconductor/RSL10/3.7.606/lib/ble_core/Release/libblelib.a(hci.o) (hci_fc_init)
C:/Users/xeeen/ON_Semiconductor/PACK/ONSemiconductor/RSL10/3.7.606/lib/ble_core/Release/libblelib.a(hci_msg.o)
                              C:/Users/xeeen/ON_Semiconductor/PACK/ONSemiconductor/RSL10/3.7.606/lib/ble_core/Release/libblelib.a(hci.o) (hci_look_for_cmd_desc)
C:/Users/xeeen/ON_Semiconductor/PACK/ONSemiconductor/RSL10/3.7.606/lib/ble_core/Release/libblelib.a(ea.o)
                              C:/Users/xeeen/ON_Semiconductor/PACK/ONSemiconductor/RSL10/3.7.606/lib/ble_core/Release/libblelib.a(rwip.o) (ea_init)
C:/Users/xeeen/ON_Semiconductor/PACK/ONSemiconductor/RSL10/3.7.606/lib/ble_core/Release/libblelib.a(rwble.o)
                              C:/Users/xeeen/ON_Semiconductor/PACK/ONSemiconductor/RSL10/3.7.606/lib/ble_core/Release/libblelib.a(rwip.o) (rwble_init)
C:/Users/xeeen/ON_Semiconductor/PACK/ONSemiconductor/RSL10/3.7.606/lib/ble_core/Release/libblelib.a(llm.o)
                              C:/Users/xeeen/ON_Semiconductor/PACK/ONSemiconductor/RSL10/3.7.606/lib/ble_core/Release/libblelib.a(rwble.o) (llm_ble_ready)
C:/Users/xeeen/ON_Semiconductor/PACK/ONSemiconductor/RSL10/3.7.606/lib/ble_core/Release/libblelib.a(llm_task.o)
                              C:/Users/xeeen/ON_Semiconductor/PACK/ONSemiconductor/RSL10/3.7.606/lib/ble_core/Release/libblelib.a(llm.o) (llm_state)
C:/Users/xeeen/ON_Semiconductor/PACK/ONSemiconductor/RSL10/3.7.606/lib/ble_core/Release/libblelib.a(llm_util.o)
                              C:/Users/xeeen/ON_Semiconductor/PACK/ONSemiconductor/RSL10/3.7.606/lib/ble_core/Release/libblelib.a(llm.o) (llm_util_bd_addr_wl_position)
C:/Users/xeeen/ON_Semiconductor/PACK/ONSemiconductor/RSL10/3.7.606/lib/ble_core/Release/libblelib.a(lld.o)
                              C:/Users/xeeen/ON_Semiconductor/PACK/ONSemiconductor/RSL10/3.7.606/lib/ble_core/Release/libblelib.a(rwble.o) (lld_init)
C:/Users/xeeen/ON_Semiconductor/PACK/ONSemiconductor/RSL10/3.7.606/lib/ble_core/Release/libblelib.a(lld_evt.o)
                              C:/Users/xeeen/ON_Semiconductor/PACK/ONSemiconductor/RSL10/3.7.606/lib/ble_core/Release/libblelib.a(lld.o) (lld_evt_prevent_stop)
C:/Users/xeeen/ON_Semiconductor/PACK/ONSemiconductor/RSL10/3.7.606/lib/ble_core/Release/libblelib.a(lld_pdu.o)
                              C:/Users/xeeen/ON_Semiconductor/PACK/ONSemiconductor/RSL10/3.7.606/lib/ble_core/Release/libblelib.a(lld_evt.o) (lld_pdu_check)
C:/Users/xeeen/ON_Semiconductor/PACK/ONSemiconductor/RSL10/3.7.606/lib/ble_core/Release/libblelib.a(lld_sleep.o)
                              C:/Users/xeeen/ON_Semiconductor/PACK/ONSemiconductor/RSL10/3.7.606/lib/ble_core/Release/libblelib.a(lld.o) (lld_sleep_init)
C:/Users/xeeen/ON_Semiconductor/PACK/ONSemiconductor/RSL10/3.7.606/lib/ble_core/Release/libblelib.a(lld_util.o)
                              C:/Users/xeeen/ON_Semiconductor/PACK/ONSemiconductor/RSL10/3.7.606/lib/ble_core/Release/libblelib.a(llm_util.o) (lld_util_set_bd_address)
C:/Users/xeeen/ON_Semiconductor/PACK/ONSemiconductor/RSL10/3.7.606/lib/ble_core/Release/libblelib.a(lld_wlcoex.o)
                              C:/Users/xeeen/ON_Semiconductor/PACK/ONSemiconductor/RSL10/3.7.606/lib/ble_core/Release/libblelib.a(rwip.o) (lld_wlcoex_set)
C:/Users/xeeen/ON_Semiconductor/PACK/ONSemiconductor/RSL10/3.7.606/lib/ble_core/Release/libblelib.a(llc.o)
                              C:/Users/xeeen/ON_Semiconductor/PACK/ONSemiconductor/RSL10/3.7.606/lib/ble_core/Release/libblelib.a(rwble.o) (llc_init)
[...]
Memory Configuration

Name             Origin             Length             Attributes
ROM              0x00000000         0x00001000         r
FLASH            0x00100000         0x0005f000         xrw
PRAM             0x00200000         0x00008000         xrw
DRAM             0x20000000         0x00008000         xrw
DRAM_DSP         0x20008000         0x0000a000         xrw
DRAM_BB          0x20012000         0x00004000         xrw
*default*        0x00000000         0xffffffff

Linker script and memory map

START GROUP
LOAD ./code/app_bass.o
LOAD ./code/app_init.o
LOAD ./code/app_process.o
LOAD ./code/ble_basc.o
LOAD ./code/ble_custom.o
LOAD ./code/ble_std.o
LOAD ./code/uart.o
LOAD ./code/ui_handler.o
LOAD ./RTE/Utility/SEGGER_RTT.o
LOAD ./RTE/Utility/SEGGER_RTT_ASM_ARMv7M.o
LOAD ./RTE/Utility/SEGGER_RTT_printf.o
LOAD ./RTE/Utility/printf.o
LOAD ./RTE/Device/RSL10/rsl10_protocol.o
LOAD ./RTE/Device/RSL10/rsl10_romvect.o
LOAD ./RTE/Device/RSL10/rsl10_sys_asrc.o
LOAD ./RTE/Device/RSL10/rsl10_sys_audio.o
LOAD ./RTE/Device/RSL10/rsl10_sys_clocks.o
LOAD ./RTE/Device/RSL10/rsl10_sys_crc.o
LOAD ./RTE/Device/RSL10/rsl10_sys_dma.o
LOAD ./RTE/Device/RSL10/rsl10_sys_flash.o
LOAD ./RTE/Device/RSL10/rsl10_sys_power.o
LOAD ./RTE/Device/RSL10/rsl10_sys_power_modes.o
LOAD ./RTE/Device/RSL10/rsl10_sys_rffe.o
LOAD ./RTE/Device/RSL10/rsl10_sys_timers.o
LOAD ./RTE/Device/RSL10/rsl10_sys_uart.o
LOAD ./RTE/Device/RSL10/rsl10_sys_version.o
LOAD ./RTE/Device/RSL10/sbrk.o
LOAD ./RTE/Device/RSL10/start.o
LOAD ./RTE/Device/RSL10/startup_rsl10.o
LOAD ./RTE/Device/RSL10/system_rsl10.o
LOAD ./RTE/Device/stubprf.o
LOAD ./app.o
LOAD C:/Users/xeeen/ON_Semiconductor/PACK/ONSemiconductor/RSL10/3.7.606/lib/ble_core/Release/libblelib.a
LOAD C:/Users/xeeen/ON_Semiconductor/PACK/ONSemiconductor/RSL10/3.7.606/lib/ble_core/Release/libkelib.a
LOAD C:/Users/xeeen/ON_Semiconductor/PACK/ONSemiconductor/RSL10/3.7.606/lib/ble_profiles/Release/libbasc.a
LOAD c:/program files (x86)/on semiconductor/ide_v3.4.0.48/arm_tools/bin/../lib/gcc/arm-none-eabi/10.2.1/../../../../arm-none-eabi/lib/thumb/v7-m/nofp\libm.a
END GROUP
START GROUP
LOAD c:/program files (x86)/on semiconductor/ide_v3.4.0.48/arm_tools/bin/../lib/gcc/arm-none-eabi/10.2.1/thumb/v7-m/nofp\libgcc.a
LOAD c:/program files (x86)/on semiconductor/ide_v3.4.0.48/arm_tools/bin/../lib/gcc/arm-none-eabi/10.2.1/../../../../arm-none-eabi/lib/thumb/v7-m/nofp\libg_nano.a
LOAD c:/program files (x86)/on semiconductor/ide_v3.4.0.48/arm_tools/bin/../lib/gcc/arm-none-eabi/10.2.1/../../../../arm-none-eabi/lib/thumb/v7-m/nofp\libc_nano.a
END GROUP
START GROUP
LOAD c:/program files (x86)/on semiconductor/ide_v3.4.0.48/arm_tools/bin/../lib/gcc/arm-none-eabi/10.2.1/thumb/v7-m/nofp\libgcc.a
LOAD c:/program files (x86)/on semiconductor/ide_v3.4.0.48/arm_tools/bin/../lib/gcc/arm-none-eabi/10.2.1/../../../../arm-none-eabi/lib/thumb/v7-m/nofp\libc_nano.a
LOAD c:/program files (x86)/on semiconductor/ide_v3.4.0.48/arm_tools/bin/../lib/gcc/arm-none-eabi/10.2.1/../../../../arm-none-eabi/lib/thumb/v7-m/nofp\libnosys.a
END GROUP
START GROUP
LOAD c:/program files (x86)/on semiconductor/ide_v3.4.0.48/arm_tools/bin/../lib/gcc/arm-none-eabi/10.2.1/thumb/v7-m/nofp\libgcc.a
LOAD c:/program files (x86)/on semiconductor/ide_v3.4.0.48/arm_tools/bin/../lib/gcc/arm-none-eabi/10.2.1/../../../../arm-none-eabi/lib/thumb/v7-m/nofp\libc_nano.a
LOAD c:/program files (x86)/on semiconductor/ide_v3.4.0.48/arm_tools/bin/../lib/gcc/arm-none-eabi/10.2.1/../../../../arm-none-eabi/lib/thumb/v7-m/nofp\libnosys.a
END GROUP
                0x20008000                __stack = (ORIGIN (DRAM) + LENGTH (DRAM))
                [!provide]                PROVIDE (__stack = __stack)
                0x00000400                __Main_Stack_Size = 0x400
                [!provide]                PROVIDE (_Main_Stack_Size = __Main_Stack_Size)
                0x20007c00                __Main_Stack_Limit = (__stack - __Main_Stack_Size)
                [!provide]                PROVIDE (_Main_Stack_Limit = __Main_Stack_Limit)
                0x2000564c                PROVIDE (__Heap_Begin__ = __noinit_end__)
                0x20007c00                PROVIDE (__Heap_Limit__ = (__stack - __Main_Stack_Size))
                0xe000ed08                __VTOR = 0xe000ed08

.text           0x00100000    0x2639c
                0x00100000                . = ALIGN (0x4)
 *(.interrupt_vector)
 .interrupt_vector
                0x00100000      0x158 ./RTE/Device/RSL10/startup_rsl10.o
                0x00100000                ISR_Vector_Table
 *(.reset)
 .reset         0x00100158       0x18 ./RTE/Device/RSL10/startup_rsl10.o
                0x00100158                Reset_Handler
                0x00100170                . = ALIGN (0x4)
                0x00100170                PROVIDE (__preinit_array_start__ = .)
 *(.preinit_array_sysinit .preinit_array_sysinit.*)
 *(.preinit_array_platform .preinit_array_platform.*)
 *(.preinit_array .preinit_array.*)
                0x00100170                PROVIDE (__preinit_array_end__ = .)
                0x00100170                . = ALIGN (0x4)
                0x00100170                PROVIDE (__init_array_start__ = .)
 *(SORT_BY_NAME(.init_array.*))
 *(.init_array)
                0x00100170                PROVIDE (__init_array_end__ = .)
                0x00100170                . = ALIGN (0x4)
 *(.text .text.*)
 .text.__NVIC_EnableIRQ
                0x00100170       0x38 ./code/app_bass.o
 .text.Sys_DIO_Config
                0x001001a8       0x24 ./code/app_bass.o
 .text.Sys_ADC_Set_Config
                0x001001cc       0x20 ./code/app_bass.o
 .text.Sys_ADC_Set_BATMONConfig
                0x001001ec       0x24 ./code/app_bass.o
 .text.Sys_ADC_Set_BATMONIntConfig
                0x00100210       0x20 ./code/app_bass.o
 .text.Sys_ADC_Clear_BATMONStatus
                0x00100230       0x18 ./code/app_bass.o
 .text.Sys_ADC_Get_BATMONStatus
                0x00100248       0x14 ./code/app_bass.o
 .text.Sys_ADC_InputSelectConfig
                0x0010025c       0x24 ./code/app_bass.o
 .text.APP_BASS_SetBatMonAlarm
                0x00100280       0x4c ./code/app_bass.o
                0x00100280                APP_BASS_SetBatMonAlarm
 .text.ADC_BATMON_IRQHandler
                0x001002cc       0x34 ./code/app_bass.o
                0x001002cc                ADC_BATMON_IRQHandler
 .text.Sys_DIO_Config
                0x00100300       0x24 ./code/app_init.o
 .text.Sys_Clocks_SystemClkConfig
                0x00100324       0x34 ./code/app_init.o
 .text.Sys_NVIC_DisableAllInt
                0x00100358       0x30 ./code/app_init.o
 .text.Sys_NVIC_ClearAllPendingInt
                0x00100388       0x30 ./code/app_init.o
 .text.App_Initialize
                0x001003b8      0x168 ./code/app_init.o
                0x001003b8                App_Initialize
 .text.App_Env_Initialize
                0x00100520       0x2c ./code/app_init.o
                0x00100520                App_Env_Initialize
 .text.Sys_GPIO_Set_High
                0x0010054c       0x3c ./code/app_process.o
 .text.Sys_GPIO_Toggle
                0x00100588       0x3c ./code/app_process.o
 .text.APP_Timer
                0x001005c4       0x4c ./code/app_process.o
                0x001005c4                APP_Timer
 .text.LED_Timer
                0x00100610       0x48 ./code/app_process.o
                0x00100610                LED_Timer
 .text.Msg_Handler
                0x00100658       0x24 ./code/app_process.o
                0x00100658                Msg_Handler
 .text.Sys_GPIO_Toggle
                0x0010067c       0x3c ./code/ble_basc.o
 .text.Basc_Env_Initialize
                0x001006b8       0x24 ./code/ble_basc.o
                0x001006b8                Basc_Env_Initialize
 .text.Batt_ServiceAdd_Client
                0x001006dc       0x42 ./code/ble_basc.o
                0x001006dc                Batt_ServiceAdd_Client
 *fill*         0x0010071e        0x2 
 .text.Batt_ServiceEnable_Client
                0x00100720       0x64 ./code/ble_basc.o
                0x00100720                Batt_ServiceEnable_Client
 .text.Batt_ReadInfoRsp
                0x00100784       0x88 ./code/ble_basc.o
                0x00100784                Batt_ReadInfoRsp
 .text.Batt_LevelInd
                0x0010080c       0x38 ./code/ble_basc.o
                0x0010080c                Batt_LevelInd
 .text.Batt_LevelNtfCfgRsp
                0x00100844       0x48 ./code/ble_basc.o
                0x00100844                Batt_LevelNtfCfgRsp
 .text.Batt_EnableRsp_Client
                0x0010088c       0x7c ./code/ble_basc.o
                0x0010088c                Batt_EnableRsp_Client
 .text.Batt_SendLevelNtfCfgReq
                0x00100908       0x64 ./code/ble_basc.o
                0x00100908                Batt_SendLevelNtfCfgReq
 .text.CustomService_Env_Initialize
                0x0010096c       0x28 ./code/ble_custom.o
                0x0010096c                CustomService_Env_Initialize
 .text.CustomService_ServiceEnable
                0x00100994       0x78 ./code/ble_custom.o
                0x00100994                CustomService_ServiceEnable
 .text.GATTC_DiscCharInd
                0x00100a0c      0x228 ./code/ble_custom.o
                0x00100a0c                GATTC_DiscCharInd
 .text.GATTC_CmpEvt
                0x00100c34      0x10c ./code/ble_custom.o
                0x00100c34                GATTC_CmpEvt
 .text.GATTC_DiscSvcInd
                0x00100d40      0x128 ./code/ble_custom.o
                0x00100d40                GATTC_DiscSvcInd
 .text.GATTC_ReadInd
                0x00100e68       0xd0 ./code/ble_custom.o
                0x00100e68                GATTC_ReadInd
 .text.GATTC_EvtInd
                0x00100f38      0x1d4 ./code/ble_custom.o
                0x00100f38                GATTC_EvtInd
 .text.CustomSrvice_SendWrite
                0x0010110c       0xc8 ./code/ble_custom.o
                0x0010110c                CustomSrvice_SendWrite
 .text.J10_SendWriteCmd
                0x001011d4      0x118 ./code/ble_custom.o
                0x001011d4                J10_SendWriteCmd
 .text.__NVIC_EnableIRQ
                0x001012ec       0x38 ./code/ble_std.o
 .text.Device_Param_Prepare
                0x00101324       0x48 ./code/ble_std.o
                0x00101324                Device_Param_Prepare
 .text.BLE_Initialize
                0x0010136c      0x1a8 ./code/ble_std.o
                0x0010136c                BLE_Initialize
 .text.Service_Add
                0x00101514       0x40 ./code/ble_std.o
                0x00101514                Service_Add
 .text.GAPM_ProfileAddedInd
                0x00101554       0x50 ./code/ble_std.o
                0x00101554                GAPM_ProfileAddedInd
 .text.GAPM_CmpEvt
                0x001015a4       0xbc ./code/ble_std.o
                0x001015a4                GAPM_CmpEvt
 .text.GAPC_ConnectionReqInd
                0x00101660      0x1b4 ./code/ble_std.o
                0x00101660                GAPC_ConnectionReqInd
 .text.GAPC_CmpEvt
                0x00101814       0x24 ./code/ble_std.o
                0x00101814                GAPC_CmpEvt
 .text.GAPC_DisconnectInd
                0x00101838       0x9c ./code/ble_std.o
                0x00101838                GAPC_DisconnectInd
 .text.GAPC_ParamUpdatedInd
                0x001018d4       0x8c ./code/ble_std.o
                0x001018d4                GAPC_ParamUpdatedInd
 .text.GAPC_ParamUpdateReqInd
                0x00101960       0x94 ./code/ble_std.o
                0x00101960                GAPC_ParamUpdateReqInd
 .text.Connection_SendStartCmd
                0x001019f4       0x6c ./code/ble_std.o
                0x001019f4                Connection_SendStartCmd
 .text.BLE_SetServiceState
                0x00101a60       0x78 ./code/ble_std.o
                0x00101a60                BLE_SetServiceState
 .text.Service_Enable
                0x00101ad8       0x9c ./code/ble_std.o
                0x00101ad8                Service_Enable
 .text.Find_Ble_Env
                0x00101b74       0x38 ./code/ble_std.o
                0x00101b74                Find_Ble_Env
 .text.__NVIC_EnableIRQ
                0x00101bac       0x38 ./code/uart.o
 .text.Sys_DIO_Config
                0x00101be4       0x24 ./code/uart.o
 .text.Sys_DMA_ClearChannelStatus
                0x00101c08       0x24 ./code/uart.o
 .text.Sys_DMA_ChannelDisable
                0x00101c2c       0x22 ./code/uart.o
 *fill*         0x00101c4e        0x2 
 .text.Sys_UART_DIOConfig
                0x00101c50       0x3c ./code/uart.o
 .text.DMA1_IRQHandler
                0x00101c8c        0xc ./code/uart.o
                0x00101c8c                DMA1_IRQHandler
 .text.UART_Initialize
                0x00101c98       0x80 ./code/uart.o
                0x00101c98                UART_Initialize
 .text.UART_FillTXBuffer
                0x00101d18      0x124 ./code/uart.o
                0x00101d18                UART_FillTXBuffer
 .text.createNode
                0x00101e3c       0x48 ./code/uart.o
                0x00101e3c                createNode
 .text.removeNode
                0x00101e84       0x22 ./code/uart.o
                0x00101e84                removeNode
 *fill*         0x00101ea6        0x2 
 .text.UART_Timer
                0x00101ea8       0x38 ./code/uart.o
                0x00101ea8                UART_Timer
 .text.Sys_Delay_ProgramROM
                0x00101ee0       0x22 ./code/ui_handler.o
 *fill*         0x00101f02        0x2 
 .text.Sys_Watchdog_Refresh
                0x00101f04       0x1c ./code/ui_handler.o
 .text.Dec_Volume
                0x00101f20       0x7c ./code/ui_handler.o
                0x00101f20                Dec_Volume
 .text.Inc_Volume
                0x00101f9c       0x74 ./code/ui_handler.o
                0x00101f9c                Inc_Volume
 .text.Change_Mode
                0x00102010       0x6c ./code/ui_handler.o
                0x00102010                Change_Mode
 *fill*         0x0010207c        0x4 
 .text.ADC_BUTTON_Handler
                0x00102080       0xe8 ./code/ui_handler.o
                0x00102080                ADC_BUTTON_Handler
 .text._DoInit  0x00102168       0xb0 ./RTE/Utility/SEGGER_RTT.o
 .text._WriteBlocking
                0x00102218       0xb6 ./RTE/Utility/SEGGER_RTT.o
 .text._WriteNoCheck
                0x001022ce       0x88 ./RTE/Utility/SEGGER_RTT.o
 .text._GetAvailWriteSpace
                0x00102356       0x44 ./RTE/Utility/SEGGER_RTT.o
 *fill*         0x0010239a        0x2 
 .text.SEGGER_RTT_WriteNoLock
                0x0010239c       0xa0 ./RTE/Utility/SEGGER_RTT.o
                0x0010239c                SEGGER_RTT_WriteNoLock
 .text.SEGGER_RTT_Write
                0x0010243c       0x4c ./RTE/Utility/SEGGER_RTT.o
                0x0010243c                SEGGER_RTT_Write
 .text.SEGGER_RTT_Init
                0x00102488        0xc ./RTE/Utility/SEGGER_RTT.o
                0x00102488                SEGGER_RTT_Init
 .text._StoreChar
                0x00102494       0x7c ./RTE/Utility/SEGGER_RTT_printf.o
 .text._PrintUnsigned
                0x00102510      0x15c ./RTE/Utility/SEGGER_RTT_printf.o
 .text._PrintInt
                0x0010266c      0x14e ./RTE/Utility/SEGGER_RTT_printf.o
 *fill*         0x001027ba        0x2 
 .text.SEGGER_RTT_vprintf
                0x001027bc      0x3a8 ./RTE/Utility/SEGGER_RTT_printf.o
                0x001027bc                SEGGER_RTT_vprintf
 .text.SEGGER_RTT_printf
                0x00102b64       0x30 ./RTE/Utility/SEGGER_RTT_printf.o
                0x00102b64                SEGGER_RTT_printf
 .text.printf_init
                0x00102b94        0xc ./RTE/Utility/printf.o
                0x00102b94                printf_init
 .text.Device_Param_Read
                0x00102ba0      0x320 ./RTE/Device/RSL10/rsl10_protocol.o
                0x00102ba0                Device_Param_Read
 .text.BLE_DeviceParam_Set_MaxRxOctet
                0x00102ec0       0x60 ./RTE/Device/RSL10/rsl10_protocol.o
                0x00102ec0                BLE_DeviceParam_Set_MaxRxOctet
 .text.BLE_DeviceParam_Set_AdvDelay
                0x00102f20       0x2c ./RTE/Device/RSL10/rsl10_protocol.o
                0x00102f20                BLE_DeviceParam_Set_AdvDelay
 .text.BLE_DeviceParam_Set_SlaveLatencyDelay
                0x00102f4c       0x20 ./RTE/Device/RSL10/rsl10_protocol.o
                0x00102f4c                BLE_DeviceParam_Set_SlaveLatencyDelay
 .text.Sys_DMA_ChannelConfig
                0x00102f6c       0x60 ./RTE/Device/RSL10/rsl10_sys_dma.o
                0x00102f6c                Sys_DMA_ChannelConfig
 .text.Sys_GetTrim
                0x00102fcc       0x24 ./RTE/Device/RSL10/rsl10_sys_power.o
 .text.Sys_Power_VDDRFCalibratedConfig
                0x00102ff0       0x60 ./RTE/Device/RSL10/rsl10_sys_power.o
                0x00102ff0                Sys_Power_VDDRFCalibratedConfig
 .text.Sys_Delay_ProgramROM
                0x00103050       0x22 ./RTE/Device/RSL10/rsl10_sys_rffe.o
 .text.Sys_ReadNVR4
                0x00103072       0x22 ./RTE/Device/RSL10/rsl10_sys_rffe.o
 .text.Sys_ADC_Set_Config
                0x00103094       0x20 ./RTE/Device/RSL10/rsl10_sys_rffe.o
 .text.Sys_ADC_InputSelectConfig
                0x001030b4       0x24 ./RTE/Device/RSL10/rsl10_sys_rffe.o
 .text.Sys_GetTrim
                0x001030d8       0x24 ./RTE/Device/RSL10/rsl10_sys_rffe.o
 .text.Sys_RFFE_SetTXPower
                0x001030fc      0x470 ./RTE/Device/RSL10/rsl10_sys_rffe.o
                0x001030fc                Sys_RFFE_SetTXPower
 .text.Sys_RFFE_Interpolate
                0x0010356c      0x170 ./RTE/Device/RSL10/rsl10_sys_rffe.o
                0x0010356c                Sys_RFFE_Interpolate
 .text.Sys_UART_Enable
                0x001036dc       0xa0 ./RTE/Device/RSL10/rsl10_sys_uart.o
                0x001036dc                Sys_UART_Enable
 .text._sbrk    0x0010377c       0x9c ./RTE/Device/RSL10/sbrk.o
                0x0010377c                _sbrk
 .text.__NVIC_EnableIRQ
                0x00103818       0x38 ./RTE/Device/RSL10/start.o
 .text.__NVIC_DisableIRQ
                0x00103850       0x48 ./RTE/Device/RSL10/start.o
 .text.__NVIC_ClearPendingIRQ
                0x00103898       0x3c ./RTE/Device/RSL10/start.o
 .text.Sys_NVIC_DisableAllInt
                0x001038d4       0x30 ./RTE/Device/RSL10/start.o
 .text.Sys_NVIC_ClearAllPendingInt
                0x00103904       0x30 ./RTE/Device/RSL10/start.o
 .text.Sys_DMA_ClearChannelStatus
                0x00103934       0x24 ./RTE/Device/RSL10/start.o
 .text._start   0x00103958      0x210 ./RTE/Device/RSL10/start.o
                0x00103958                _start
 .text          0x00103b68       0x14 ./RTE/Device/RSL10/startup_rsl10.o
                0x00103b68                NMI_Handler
                0x00103b6a                HardFault_Handler
                0x00103b6c                MemManage_Handler
                0x00103b6e                BusFault_Handler
                0x00103b70                UsageFault_Handler
                0x00103b72                SVC_Handler
                0x00103b74                DebugMon_Handler
                0x00103b76                PendSV_Handler
                0x00103b78                SysTick_Handler
                0x00103b7a                UART_ERROR_IRQHandler
                0x00103b7a                DSP7_IRQHandler
                0x00103b7a                BLE_COEX_RX_TX_IRQHandler
                0x00103b7a                DMA2_IRQHandler
                0x00103b7a                DSP2_IRQHandler
                0x00103b7a                MEMORY_ERROR_IRQHandler
                0x00103b7a                TIMER3_IRQHandler
                0x00103b7a                WATCHDOG_IRQHandler
                0x00103b7a                DIO1_IRQHandler
                0x00103b7a                DIO3_IRQHandler
                0x00103b7a                DSP3_IRQHandler
                0x00103b7a                FLASH_COPY_IRQHandler
                0x00103b7a                RF_TXFIFO_IRQHandler
                0x00103b7a                RTC_ALARM_IRQHandler
                0x00103b7a                SPI0_ERROR_IRQHandler
                0x00103b7a                BLE_COEX_IN_PROCESS_IRQHandler
                0x00103b7a                DIO0_IRQHandler
                0x00103b7a                DMA5_IRQHandler
                0x00103b7a                ASRC_IN_IRQHandler
                0x00103b7a                SPI1_ERROR_IRQHandler
                0x00103b7a                DMIC_OD_ERROR_IRQHandler
                0x00103b7a                TIMER1_IRQHandler
                0x00103b7a                PCM_TX_IRQHandler
                0x00103b7a                DSP0_IRQHandler
                0x00103b7a                SPI0_TX_IRQHandler
                0x00103b7a                UART_TX_IRQHandler
                0x00103b7a                Default_Handler
                0x00103b7a                DMIC_OUT_OD_IN_IRQHandler
                0x00103b7a                DMA7_IRQHandler
                0x00103b7a                PCM_RX_IRQHandler
                0x00103b7a                RF_TX_IRQHandler
                0x00103b7a                SPI0_RX_IRQHandler
                0x00103b7a                ASRC_ERROR_IRQHandler
                0x00103b7a                RF_RXSTOP_IRQHandler
                0x00103b7a                DSP1_IRQHandler
                0x00103b7a                AUDIOSINK_PHASE_IRQHandler
                0x00103b7a                WAKEUP_IRQHandler
                0x00103b7a                RF_SYNC_IRQHandler
                0x00103b7a                SPI1_RX_IRQHandler
                0x00103b7a                CLKDET_IRQHandler
                0x00103b7a                DSP6_IRQHandler
                0x00103b7a                I2C_IRQHandler
                0x00103b7a                TIMER2_IRQHandler
                0x00103b7a                AUDIOSINK_PERIOD_IRQHandler
                0x00103b7a                TIMER0_IRQHandler
                0x00103b7a                DMA3_IRQHandler
                0x00103b7a                RTC_CLOCK_IRQHandler
                0x00103b7a                DIO2_IRQHandler
                0x00103b7a                DMA0_IRQHandler
                0x00103b7a                ASRC_OUT_IRQHandler
                0x00103b7a                PCM_ERROR_IRQHandler
                0x00103b7a                DSP5_IRQHandler
                0x00103b7a                DMA4_IRQHandler
                0x00103b7a                UART_RX_IRQHandler
                0x00103b7a                FLASH_ECC_IRQHandler
                0x00103b7a                SPI1_TX_IRQHandler
                0x00103b7a                RF_IRQ_RECEIVED_IRQHandler
                0x00103b7a                DSP4_IRQHandler
                0x00103b7a                DMA6_IRQHandler
                0x00103b7a                RF_RXFIFO_IRQHandler
 .text.Sys_ReadNVR4
                0x00103b7c       0x22 ./RTE/Device/RSL10/system_rsl10.o
 .text.System_GetTargetForTrim
                0x00103b9e       0x80 ./RTE/Device/RSL10/system_rsl10.o
                0x00103b9e                System_GetTargetForTrim
 *fill*         0x00103c1e        0x2 
 .text.SystemInit
                0x00103c20       0x34 ./RTE/Device/RSL10/system_rsl10.o
                0x00103c20                SystemInit
 .text.SystemCoreClockUpdate
                0x00103c54      0x258 ./RTE/Device/RSL10/system_rsl10.o
                0x00103c54                SystemCoreClockUpdate
 .text.htpt_prf_itf_get
                0x00103eac        0xe ./RTE/Device/stubprf.o
                0x00103eac                htpt_prf_itf_get
 .text.htpc_prf_itf_get
                0x00103eba        0xe ./RTE/Device/stubprf.o
                0x00103eba                htpc_prf_itf_get
 .text.diss_prf_itf_get
                0x00103ec8        0xe ./RTE/Device/stubprf.o
                0x00103ec8                diss_prf_itf_get
 .text.disc_prf_itf_get
                0x00103ed6        0xe ./RTE/Device/stubprf.o
                0x00103ed6                disc_prf_itf_get
 .text.blps_prf_itf_get
                0x00103ee4        0xe ./RTE/Device/stubprf.o
                0x00103ee4                blps_prf_itf_get
 .text.blpc_prf_itf_get
                0x00103ef2        0xe ./RTE/Device/stubprf.o
                0x00103ef2                blpc_prf_itf_get
 .text.tips_prf_itf_get
                0x00103f00        0xe ./RTE/Device/stubprf.o
                0x00103f00                tips_prf_itf_get
 .text.tipc_prf_itf_get
                0x00103f0e        0xe ./RTE/Device/stubprf.o
                0x00103f0e                tipc_prf_itf_get
 .text.hrps_prf_itf_get
                0x00103f1c        0xe ./RTE/Device/stubprf.o
                0x00103f1c                hrps_prf_itf_get
 .text.hrpc_prf_itf_get
                0x00103f2a        0xe ./RTE/Device/stubprf.o
                0x00103f2a                hrpc_prf_itf_get
 .text.findl_prf_itf_get
                0x00103f38        0xe ./RTE/Device/stubprf.o
                0x00103f38                findl_prf_itf_get
 .text.findt_prf_itf_get
                0x00103f46        0xe ./RTE/Device/stubprf.o
                0x00103f46                findt_prf_itf_get
 .text.proxm_prf_itf_get
                0x00103f54        0xe ./RTE/Device/stubprf.o
                0x00103f54                proxm_prf_itf_get
 .text.proxr_prf_itf_get
                0x00103f62        0xe ./RTE/Device/stubprf.o
                0x00103f62                proxr_prf_itf_get
 .text.scppc_prf_itf_get
                0x00103f70        0xe ./RTE/Device/stubprf.o
                0x00103f70                scppc_prf_itf_get
 .text.scpps_prf_itf_get
                0x00103f7e        0xe ./RTE/Device/stubprf.o
                0x00103f7e                scpps_prf_itf_get
 .text.bass_prf_itf_get
                0x00103f8c        0xe ./RTE/Device/stubprf.o
                0x00103f8c                bass_prf_itf_get
 .text.hogpd_prf_itf_get
                0x00103f9a        0xe ./RTE/Device/stubprf.o
                0x00103f9a                hogpd_prf_itf_get
 .text.hogpbh_prf_itf_get
                0x00103fa8        0xe ./RTE/Device/stubprf.o
                0x00103fa8                hogpbh_prf_itf_get
 .text.hogprh_prf_itf_get
                0x00103fb6        0xe ./RTE/Device/stubprf.o
                0x00103fb6                hogprh_prf_itf_get
 .text.glpc_prf_itf_get
                0x00103fc4        0xe ./RTE/Device/stubprf.o
                0x00103fc4                glpc_prf_itf_get
 .text.glps_prf_itf_get
                0x00103fd2        0xe ./RTE/Device/stubprf.o
                0x00103fd2                glps_prf_itf_get
 .text.rscpc_prf_itf_get
                0x00103fe0        0xe ./RTE/Device/stubprf.o
                0x00103fe0                rscpc_prf_itf_get
 .text.rscps_prf_itf_get
                0x00103fee        0xe ./RTE/Device/stubprf.o
                0x00103fee                rscps_prf_itf_get
 .text.cscpc_prf_itf_get
                0x00103ffc        0xe ./RTE/Device/stubprf.o
                0x00103ffc                cscpc_prf_itf_get
 .text.cscps_prf_itf_get
                0x0010400a        0xe ./RTE/Device/stubprf.o
                0x0010400a                cscps_prf_itf_get
 .text.anpc_prf_itf_get
                0x00104018        0xe ./RTE/Device/stubprf.o
                0x00104018                anpc_prf_itf_get
 .text.anps_prf_itf_get
                0x00104026        0xe ./RTE/Device/stubprf.o
                0x00104026                anps_prf_itf_get
 .text.paspc_prf_itf_get
                0x00104034        0xe ./RTE/Device/stubprf.o
                0x00104034                paspc_prf_itf_get
 .text.pasps_prf_itf_get
                0x00104042        0xe ./RTE/Device/stubprf.o
                0x00104042                pasps_prf_itf_get
 .text.cppc_prf_itf_get
                0x00104050        0xe ./RTE/Device/stubprf.o
                0x00104050                cppc_prf_itf_get
 .text.cpps_prf_itf_get
                0x0010405e        0xe ./RTE/Device/stubprf.o
                0x0010405e                cpps_prf_itf_get
 .text.lanc_prf_itf_get
                0x0010406c        0xe ./RTE/Device/stubprf.o
                0x0010406c                lanc_prf_itf_get
 .text.lans_prf_itf_get
                0x0010407a        0xe ./RTE/Device/stubprf.o
                0x0010407a                lans_prf_itf_get
 .text.wpts_prf_itf_get
                0x00104088        0xe ./RTE/Device/stubprf.o
                0x00104088                wpts_prf_itf_get
 .text.wptc_prf_itf_get
                0x00104096        0xe ./RTE/Device/stubprf.o
                0x00104096                wptc_prf_itf_get
 .text.cgms_prf_itf_get
                0x001040a4        0xe ./RTE/Device/stubprf.o
                0x001040a4                cgms_prf_itf_get
 .text.cgmc_prf_itf_get
                0x001040b2        0xe ./RTE/Device/stubprf.o
                0x001040b2                cgmc_prf_itf_get
 .text.Sys_Watchdog_Refresh
                0x001040c0       0x1c ./app.o
 .text.main     0x001040dc       0x74 ./app.o
                0x001040dc                main
 .text.prf_itf_get
                0x00104150       0xe0 C:/Users/xeeen/ON_Semiconductor/PACK/ONSemiconductor/RSL10/3.7.606/lib/ble_core/Release/libblelib.a(prf-prf_utils.o)
 .text.prf_init
                0x00104230       0x64 C:/Users/xeeen/ON_Semiconductor/PACK/ONSemiconductor/RSL10/3.7.606/lib/ble_core/Release/libblelib.a(prf-prf_utils.o)
                0x00104230                prf_init
 .text.prf_add_profile
                0x00104294       0x70 C:/Users/xeeen/ON_Semiconductor/PACK/ONSemiconductor/RSL10/3.7.606/lib/ble_core/Release/libblelib.a(prf-prf_utils.o)
                0x00104294                prf_add_profile
 .text.prf_create
                0x00104304       0x2c C:/Users/xeeen/ON_Semiconductor/PACK/ONSemiconductor/RSL10/3.7.606/lib/ble_core/Release/libblelib.a(prf-prf_utils.o)
                0x00104304                prf_create
 .text.prf_cleanup
                0x00104330       0x30 C:/Users/xeeen/ON_Semiconductor/PACK/ONSemiconductor/RSL10/3.7.606/lib/ble_core/Release/libblelib.a(prf-prf_utils.o)
                0x00104330                prf_cleanup
 .text.prf_env_get
                0x00104360       0x2c C:/Users/xeeen/ON_Semiconductor/PACK/ONSemiconductor/RSL10/3.7.606/lib/ble_core/Release/libblelib.a(prf-prf_utils.o)
                0x00104360                prf_env_get
 .text.prf_src_task_get
                0x0010438c       0x10 C:/Users/xeeen/ON_Semiconductor/PACK/ONSemiconductor/RSL10/3.7.606/lib/ble_core/Release/libblelib.a(prf-prf_utils.o)
                0x0010438c                prf_src_task_get
 .text.prf_dst_task_get
                0x0010439c       0x10 C:/Users/xeeen/ON_Semiconductor/PACK/ONSemiconductor/RSL10/3.7.606/lib/ble_core/Release/libblelib.a(prf-prf_utils.o)
                0x0010439c                prf_dst_task_get
 .text.prf_unpack_char_pres_fmt
                0x001043ac       0x18 C:/Users/xeeen/ON_Semiconductor/PACK/ONSemiconductor/RSL10/3.7.606/lib/ble_core/Release/libblelib.a(prf-prf_utils.o)
                0x001043ac                prf_unpack_char_pres_fmt
 .text.prf_read_char_send
                0x001043c4       0x32 C:/Users/xeeen/ON_Semiconductor/PACK/ONSemiconductor/RSL10/3.7.606/lib/ble_core/Release/libblelib.a(prf-prf_utils.o)
                0x001043c4                prf_read_char_send
 .text.prf_register_atthdl2gatt
                0x001043f6       0x34 C:/Users/xeeen/ON_Semiconductor/PACK/ONSemiconductor/RSL10/3.7.606/lib/ble_core/Release/libblelib.a(prf-prf_utils.o)
                0x001043f6                prf_register_atthdl2gatt
 .text.prf_disc_svc_send
                0x0010442a       0x38 C:/Users/xeeen/ON_Semiconductor/PACK/ONSemiconductor/RSL10/3.7.606/lib/ble_core/Release/libblelib.a(prf-prf_utils.o)
                0x0010442a                prf_disc_svc_send
 .text.prf_gatt_write
                0x00104462       0x58 C:/Users/xeeen/ON_Semiconductor/PACK/ONSemiconductor/RSL10/3.7.606/lib/ble_core/Release/libblelib.a(prf-prf_utils.o)
                0x00104462                prf_gatt_write
 .text.prf_gatt_write_ntf_ind
                0x001044ba       0x22 C:/Users/xeeen/ON_Semiconductor/PACK/ONSemiconductor/RSL10/3.7.606/lib/ble_core/Release/libblelib.a(prf-prf_utils.o)
                0x001044ba                prf_gatt_write_ntf_ind
 .text.prf_check_svc_char_validity
                0x001044dc       0x2e C:/Users/xeeen/ON_Semiconductor/PACK/ONSemiconductor/RSL10/3.7.606/lib/ble_core/Release/libblelib.a(prf-prf_utils.o)
                0x001044dc                prf_check_svc_char_validity
 .text.prf_check_svc_char_desc_validity
                0x0010450a       0x30 C:/Users/xeeen/ON_Semiconductor/PACK/ONSemiconductor/RSL10/3.7.606/lib/ble_core/Release/libblelib.a(prf-prf_utils.o)
                0x0010450a                prf_check_svc_char_desc_validity
 .text.prf_extract_svc_info
                0x0010453a      0x12e C:/Users/xeeen/ON_Semiconductor/PACK/ONSemiconductor/RSL10/3.7.606/lib/ble_core/Release/libblelib.a(prf-prf_utils.o)
                0x0010453a                prf_extract_svc_info
 .text.rwip_reset
                0x00104668       0x3c C:/Users/xeeen/ON_Semiconductor/PACK/ONSemiconductor/RSL10/3.7.606/lib/ble_core/Release/libblelib.a(rwip.o)
                0x00104668                rwip_reset
 .text.rwip_prevent_sleep_set
                0x001046a4       0x1c C:/Users/xeeen/ON_Semiconductor/PACK/ONSemiconductor/RSL10/3.7.606/lib/ble_core/Release/libblelib.a(rwip.o)
                0x001046a4                rwip_prevent_sleep_set
 .text.rwip_wakeup
                0x001046c0       0x10 C:/Users/xeeen/ON_Semiconductor/PACK/ONSemiconductor/RSL10/3.7.606/lib/ble_core/Release/libblelib.a(rwip.o)
                0x001046c0                rwip_wakeup
 .text.rwip_prevent_sleep_clear
                0x001046d0       0x20 C:/Users/xeeen/ON_Semiconductor/PACK/ONSemiconductor/RSL10/3.7.606/lib/ble_core/Release/libblelib.a(rwip.o)
                0x001046d0                rwip_prevent_sleep_clear
 .text.rwip_wakeup_end
                0x001046f0       0x24 C:/Users/xeeen/ON_Semiconductor/PACK/ONSemiconductor/RSL10/3.7.606/lib/ble_core/Release/libblelib.a(rwip.o)
                0x001046f0                rwip_wakeup_end
 .text.rwip_sleep_lpcycles_2_us
                0x00104714       0x54 C:/Users/xeeen/ON_Semiconductor/PACK/ONSemiconductor/RSL10/3.7.606/lib/ble_core/Release/libblelib.a(rwip.o)
                0x00104714                rwip_sleep_lpcycles_2_us
 .text.rwip_us_2_lpcycles
                0x00104768       0x24 C:/Users/xeeen/ON_Semiconductor/PACK/ONSemiconductor/RSL10/3.7.606/lib/ble_core/Release/libblelib.a(rwip.o)
                0x00104768                rwip_us_2_lpcycles
 .text.rwip_wakeup_delay_set
                0x0010478c       0x2c C:/Users/xeeen/ON_Semiconductor/PACK/ONSemiconductor/RSL10/3.7.606/lib/ble_core/Release/libblelib.a(rwip.o)
                0x0010478c                rwip_wakeup_delay_set
 .text.BLE_InitNoTL
                0x001047b8       0xd8 C:/Users/xeeen/ON_Semiconductor/PACK/ONSemiconductor/RSL10/3.7.606/lib/ble_core/Release/libblelib.a(rwip.o)
                0x001047b8                BLE_InitNoTL
 .text.rf_atl_reg_rd
                0x00104890       0x1c C:/Users/xeeen/ON_Semiconductor/PACK/ONSemiconductor/RSL10/3.7.606/lib/ble_core/Release/libblelib.a(rf_atlas.o)
 .text.rf_atl_reg_wr
                0x001048ac        0xc C:/Users/xeeen/ON_Semiconductor/PACK/ONSemiconductor/RSL10/3.7.606/lib/ble_core/Release/libblelib.a(rf_atlas.o)
 .text.rf_reset
                0x001048b8        0x2 C:/Users/xeeen/ON_Semiconductor/PACK/ONSemiconductor/RSL10/3.7.606/lib/ble_core/Release/libblelib.a(rf_atlas.o)
 .text.rf_force_agc_enable
                0x001048ba        0x2 C:/Users/xeeen/ON_Semiconductor/PACK/ONSemiconductor/RSL10/3.7.606/lib/ble_core/Release/libblelib.a(rf_atlas.o)
 .text.rf_txpwr_dbm_get
                0x001048bc        0x4 C:/Users/xeeen/ON_Semiconductor/PACK/ONSemiconductor/RSL10/3.7.606/lib/ble_core/Release/libblelib.a(rf_atlas.o)
 .text.rf_sleep
                0x001048c0       0x14 C:/Users/xeeen/ON_Semiconductor/PACK/ONSemiconductor/RSL10/3.7.606/lib/ble_core/Release/libblelib.a(rf_atlas.o)
 *fill*         0x001048d4        0x4 
 .text.rf_rssi_convert
                0x001048d8       0x34 C:/Users/xeeen/ON_Semiconductor/PACK/ONSemiconductor/RSL10/3.7.606/lib/ble_core/Release/libblelib.a(rf_atlas.o)
 .text.rf_init  0x0010490c      0x4d0 C:/Users/xeeen/ON_Semiconductor/PACK/ONSemiconductor/RSL10/3.7.606/lib/ble_core/Release/libblelib.a(rf_atlas.o)
                0x0010490c                rf_init
 .text.AddBigHex256
                0x00104ddc       0x4a C:/Users/xeeen/ON_Semiconductor/PACK/ONSemiconductor/RSL10/3.7.606/lib/ble_core/Release/libblelib.a(ecc_p256.o)
                0x00104ddc                AddBigHex256
 .text.Add2SelfBigHex256
                0x00104e26       0x40 C:/Users/xeeen/ON_Semiconductor/PACK/ONSemiconductor/RSL10/3.7.606/lib/ble_core/Release/libblelib.a(ecc_p256.o)
                0x00104e26                Add2SelfBigHex256
 .text.SubtractBigHex256
                0x00104e66       0x48 C:/Users/xeeen/ON_Semiconductor/PACK/ONSemiconductor/RSL10/3.7.606/lib/ble_core/Release/libblelib.a(ecc_p256.o)
                0x00104e66                SubtractBigHex256
 .text.SubtractFromSelfBigHex256
                0x00104eae       0x4c C:/Users/xeeen/ON_Semiconductor/PACK/ONSemiconductor/RSL10/3.7.606/lib/ble_core/Release/libblelib.a(ecc_p256.o)
                0x00104eae                SubtractFromSelfBigHex256
 *fill*         0x00104efa        0x2 
 .text.AddP256  0x00104efc       0x3c C:/Users/xeeen/ON_Semiconductor/PACK/ONSemiconductor/RSL10/3.7.606/lib/ble_core/Release/libblelib.a(ecc_p256.o)
                0x00104efc                AddP256
 .text.AddBigHexModP256
                0x00104f38       0x48 C:/Users/xeeen/ON_Semiconductor/PACK/ONSemiconductor/RSL10/3.7.606/lib/ble_core/Release/libblelib.a(ecc_p256.o)
                0x00104f38                AddBigHexModP256
 .text.AddPdiv2_256
                0x00104f80       0xf0 C:/Users/xeeen/ON_Semiconductor/PACK/ONSemiconductor/RSL10/3.7.606/lib/ble_core/Release/libblelib.a(ecc_p256.o)
                0x00104f80                AddPdiv2_256
 .text.SubtractFromSelfBigHexSign256
                0x00105070       0xd2 C:/Users/xeeen/ON_Semiconductor/PACK/ONSemiconductor/RSL10/3.7.606/lib/ble_core/Release/libblelib.a(ecc_p256.o)
                0x00105070                SubtractFromSelfBigHexSign256
 *fill*         0x00105142        0x2 
 .text.SubtractBigHexMod256
                0x00105144       0xd4 C:/Users/xeeen/ON_Semiconductor/PACK/ONSemiconductor/RSL10/3.7.606/lib/ble_core/Release/libblelib.a(ecc_p256.o)
                0x00105144                SubtractBigHexMod256
 .text.MultiplyByU32ModP256
                0x00105218       0x30 C:/Users/xeeen/ON_Semiconductor/PACK/ONSemiconductor/RSL10/3.7.606/lib/ble_core/Release/libblelib.a(ecc_p256.o)
                0x00105218                MultiplyByU32ModP256
 .text.specialModP256
                0x00105248       0xb0 C:/Users/xeeen/ON_Semiconductor/PACK/ONSemiconductor/RSL10/3.7.606/lib/ble_core/Release/libblelib.a(ecc_p256.o)
                0x00105248                specialModP256
 .text.MultiplyBigHexModP256
                0x001052f8      0x158 C:/Users/xeeen/ON_Semiconductor/PACK/ONSemiconductor/RSL10/3.7.606/lib/ble_core/Release/libblelib.a(ecc_p256.o)
                0x001052f8                MultiplyBigHexModP256
 .text.MultiplyBigHexByUint32_256
                0x00105450       0x44 C:/Users/xeeen/ON_Semiconductor/PACK/ONSemiconductor/RSL10/3.7.606/lib/ble_core/Release/libblelib.a(ecc_p256.o)
                0x00105450                MultiplyBigHexByUint32_256
 .text.notEqual256
                0x00105494       0x1e C:/Users/xeeen/ON_Semiconductor/PACK/ONSemiconductor/RSL10/3.7.606/lib/ble_core/Release/libblelib.a(ecc_p256.o)
                0x00105494                notEqual256
 *fill*         0x001054b2        0x2 
 .text.GF_Jacobian_Point_Double256
                0x001054b4      0x1a4 C:/Users/xeeen/ON_Semiconductor/PACK/ONSemiconductor/RSL10/3.7.606/lib/ble_core/Release/libblelib.a(ecc_p256.o)
                0x001054b4                GF_Jacobian_Point_Double256
 .text.GF_Jacobian_Point_Addition256
                0x00105658      0x550 C:/Users/xeeen/ON_Semiconductor/PACK/ONSemiconductor/RSL10/3.7.606/lib/ble_core/Release/libblelib.a(ecc_p256.o)
                0x00105658                GF_Jacobian_Point_Addition256
 .text.bigHexInversion256
                0x00105ba8      0x228 C:/Users/xeeen/ON_Semiconductor/PACK/ONSemiconductor/RSL10/3.7.606/lib/ble_core/Release/libblelib.a(ecc_p256.o)
                0x00105ba8                bigHexInversion256
 .text.GF_Point_Jacobian_To_Affine256
                0x00105dd0       0x2c C:/Users/xeeen/ON_Semiconductor/PACK/ONSemiconductor/RSL10/3.7.606/lib/ble_core/Release/libblelib.a(ecc_p256.o)
                0x00105dd0                GF_Point_Jacobian_To_Affine256
 .text.ecc_multiplication_event_handler
                0x00105dfc      0x5b8 C:/Users/xeeen/ON_Semiconductor/PACK/ONSemiconductor/RSL10/3.7.606/lib/ble_core/Release/libblelib.a(ecc_p256.o)
 .text.ecc_init
                0x001063b4       0x48 C:/Users/xeeen/ON_Semiconductor/PACK/ONSemiconductor/RSL10/3.7.606/lib/ble_core/Release/libblelib.a(ecc_p256.o)
                0x001063b4                ecc_init
 .text.ecc_generate_key256
                0x001063fc      0x3f8 C:/Users/xeeen/ON_Semiconductor/PACK/ONSemiconductor/RSL10/3.7.606/lib/ble_core/Release/libblelib.a(ecc_p256.o)
                0x001063fc                ecc_generate_key256
 .text.ecc_gen_new_public_key
                0x001067f4       0x20 C:/Users/xeeen/ON_Semiconductor/PACK/ONSemiconductor/RSL10/3.7.606/lib/ble_core/Release/libblelib.a(ecc_p256.o)
                0x001067f4                ecc_gen_new_public_key
 .text.ecc_gen_new_secret_key
                0x00106814       0xc4 C:/Users/xeeen/ON_Semiconductor/PACK/ONSemiconductor/RSL10/3.7.606/lib/ble_core/Release/libblelib.a(ecc_p256.o)
                0x00106814                ecc_gen_new_secret_key
 .text.hci_evt_mask_set.part.0
                0x001068d8       0x30 C:/Users/xeeen/ON_Semiconductor/PACK/ONSemiconductor/RSL10/3.7.606/lib/ble_core/Release/libblelib.a(hci.o)
 .text.hci_init
                0x00106908       0x24 C:/Users/xeeen/ON_Semiconductor/PACK/ONSemiconductor/RSL10/3.7.606/lib/ble_core/Release/libblelib.a(hci.o)
                0x00106908                hci_init
 .text.hci_reset
                0x0010692c        0x4 C:/Users/xeeen/ON_Semiconductor/PACK/ONSemiconductor/RSL10/3.7.606/lib/ble_core/Release/libblelib.a(hci.o)
                0x0010692c                hci_reset
 .text.hci_send_2_host
                0x00106930       0xf0 C:/Users/xeeen/ON_Semiconductor/PACK/ONSemiconductor/RSL10/3.7.606/lib/ble_core/Release/libblelib.a(hci.o)
                0x00106930                hci_send_2_host
 .text.hci_send_2_controller
                0x00106a20       0x8c C:/Users/xeeen/ON_Semiconductor/PACK/ONSemiconductor/RSL10/3.7.606/lib/ble_core/Release/libblelib.a(hci.o)
                0x00106a20                hci_send_2_controller
 .text.hci_evt_mask_set
                0x00106aac       0x24 C:/Users/xeeen/ON_Semiconductor/PACK/ONSemiconductor/RSL10/3.7.606/lib/ble_core/Release/libblelib.a(hci.o)
                0x00106aac                hci_evt_mask_set
 .text.hci_fc_init
                0x00106ad0       0x10 C:/Users/xeeen/ON_Semiconductor/PACK/ONSemiconductor/RSL10/3.7.606/lib/ble_core/Release/libblelib.a(hci_fc.o)
                0x00106ad0                hci_fc_init
 .text.hci_fc_acl_buf_size_set
                0x00106ae0       0x20 C:/Users/xeeen/ON_Semiconductor/PACK/ONSemiconductor/RSL10/3.7.606/lib/ble_core/Release/libblelib.a(hci_fc.o)
                0x00106ae0                hci_fc_acl_buf_size_set
 .text.hci_fc_acl_en
                0x00106b00       0x30 C:/Users/xeeen/ON_Semiconductor/PACK/ONSemiconductor/RSL10/3.7.606/lib/ble_core/Release/libblelib.a(hci_fc.o)
                0x00106b00                hci_fc_acl_en
 .text.hci_fc_host_nb_acl_pkts_complete
                0x00106b30       0x18 C:/Users/xeeen/ON_Semiconductor/PACK/ONSemiconductor/RSL10/3.7.606/lib/ble_core/Release/libblelib.a(hci_fc.o)
                0x00106b30                hci_fc_host_nb_acl_pkts_complete
 .text.hci_look_for_cmd_desc
                0x00106b48       0x6c C:/Users/xeeen/ON_Semiconductor/PACK/ONSemiconductor/RSL10/3.7.606/lib/ble_core/Release/libblelib.a(hci_msg.o)
                0x00106b48                hci_look_for_cmd_desc
 .text.hci_look_for_evt_desc
                0x00106bb4       0x20 C:/Users/xeeen/ON_Semiconductor/PACK/ONSemiconductor/RSL10/3.7.606/lib/ble_core/Release/libblelib.a(hci_msg.o)
                0x00106bb4                hci_look_for_evt_desc
 .text.hci_look_for_le_evt_desc
                0x00106bd4       0x20 C:/Users/xeeen/ON_Semiconductor/PACK/ONSemiconductor/RSL10/3.7.606/lib/ble_core/Release/libblelib.a(hci_msg.o)
                0x00106bd4                hci_look_for_le_evt_desc
 .text.ea_conflict_check
                0x00106bf4       0xa4 C:/Users/xeeen/ON_Semiconductor/PACK/ONSemiconductor/RSL10/3.7.606/lib/ble_core/Release/libblelib.a(ea.o)
 .text.ea_elt_cancel
                0x00106c98      0x114 C:/Users/xeeen/ON_Semiconductor/PACK/ONSemiconductor/RSL10/3.7.606/lib/ble_core/Release/libblelib.a(ea.o)
                0x00106c98                ea_elt_cancel
 .text.ea_init  0x00106dac       0x2c C:/Users/xeeen/ON_Semiconductor/PACK/ONSemiconductor/RSL10/3.7.606/lib/ble_core/Release/libblelib.a(ea.o)
                0x00106dac                ea_init
 .text.ea_elt_create
                0x00106dd8       0x1e C:/Users/xeeen/ON_Semiconductor/PACK/ONSemiconductor/RSL10/3.7.606/lib/ble_core/Release/libblelib.a(ea.o)
                0x00106dd8                ea_elt_create
 .text.ea_interval_create
                0x00106df6       0x18 C:/Users/xeeen/ON_Semiconductor/PACK/ONSemiconductor/RSL10/3.7.606/lib/ble_core/Release/libblelib.a(ea.o)
                0x00106df6                ea_interval_create
 *fill*         0x00106e0e        0x2 
 .text.ea_interval_insert
                0x00106e10        0xc C:/Users/xeeen/ON_Semiconductor/PACK/ONSemiconductor/RSL10/3.7.606/lib/ble_core/Release/libblelib.a(ea.o)
                0x00106e10                ea_interval_insert
 .text.ea_interval_remove
                0x00106e1c       0x10 C:/Users/xeeen/ON_Semiconductor/PACK/ONSemiconductor/RSL10/3.7.606/lib/ble_core/Release/libblelib.a(ea.o)
                0x00106e1c                ea_interval_remove
 .text.ea_sw_isr
                0x00106e2c       0x24 C:/Users/xeeen/ON_Semiconductor/PACK/ONSemiconductor/RSL10/3.7.606/lib/ble_core/Release/libblelib.a(ea.o)
                0x00106e2c                ea_sw_isr
 .text.ea_offset_req
                0x00106e50      0x190 C:/Users/xeeen/ON_Semiconductor/PACK/ONSemiconductor/RSL10/3.7.606/lib/ble_core/Release/libblelib.a(ea.o)
                0x00106e50                ea_offset_req
 .text.ea_time_get_slot_rounded
                0x00106fe0       0x2c C:/Users/xeeen/ON_Semiconductor/PACK/ONSemiconductor/RSL10/3.7.606/lib/ble_core/Release/libblelib.a(ea.o)
                0x00106fe0                ea_time_get_slot_rounded
 .text.ea_prog_timer
                0x0010700c      0x134 C:/Users/xeeen/ON_Semiconductor/PACK/ONSemiconductor/RSL10/3.7.606/lib/ble_core/Release/libblelib.a(ea.o)
 .text.ea_elt_insert
                0x00107140      0x208 C:/Users/xeeen/ON_Semiconductor/PACK/ONSemiconductor/RSL10/3.7.606/lib/ble_core/Release/libblelib.a(ea.o)
                0x00107140                ea_elt_insert
 .text.ea_elt_remove
                0x00107348       0x60 C:/Users/xeeen/ON_Semiconductor/PACK/ONSemiconductor/RSL10/3.7.606/lib/ble_core/Release/libblelib.a(ea.o)
                0x00107348                ea_elt_remove
 .text.ea_finetimer_isr
                0x001073a8       0xc4 C:/Users/xeeen/ON_Semiconductor/PACK/ONSemiconductor/RSL10/3.7.606/lib/ble_core/Release/libblelib.a(ea.o)
                0x001073a8                ea_finetimer_isr
 .text.ea_interval_duration_req
                0x0010746c       0x9c C:/Users/xeeen/ON_Semiconductor/PACK/ONSemiconductor/RSL10/3.7.606/lib/ble_core/Release/libblelib.a(ea.o)
                0x0010746c                ea_interval_duration_req
 .text.rwble_recovery
                0x00107508      0x130 C:/Users/xeeen/ON_Semiconductor/PACK/ONSemiconductor/RSL10/3.7.606/lib/ble_core/Release/libblelib.a(rwble.o)
                0x00107508                rwble_recovery
 .text.rwble_init
                0x00107638       0x2c C:/Users/xeeen/ON_Semiconductor/PACK/ONSemiconductor/RSL10/3.7.606/lib/ble_core/Release/libblelib.a(rwble.o)
                0x00107638                rwble_init
 .text.rwble_reset
                0x00107664       0x64 C:/Users/xeeen/ON_Semiconductor/PACK/ONSemiconductor/RSL10/3.7.606/lib/ble_core/Release/libblelib.a(rwble.o)
                0x00107664                rwble_reset
 .text.rwble_sleep_check
                0x001076c8       0x10 C:/Users/xeeen/ON_Semiconductor/PACK/ONSemiconductor/RSL10/3.7.606/lib/ble_core/Release/libblelib.a(rwble.o)
                0x001076c8                rwble_sleep_check
 .text.rwble_isr
                0x001076d8       0xf8 C:/Users/xeeen/ON_Semiconductor/PACK/ONSemiconductor/RSL10/3.7.606/lib/ble_core/Release/libblelib.a(rwble.o)
                0x001076d8                BLE_CSCNT_IRQHandler
                0x001076d8                BLE_SW_IRQHandler
                0x001076d8                BLE_AUDIO0_IRQHandler
                0x001076d8                BLE_SLP_IRQHandler
                0x001076d8                BLE_RX_IRQHandler
                0x001076d8                rwble_isr
                0x001076d8                BLE_AUDIO2_IRQHandler
                0x001076d8                BLE_AUDIO1_IRQHandler
                0x001076d8                BLE_ERROR_IRQHandler
                0x001076d8                BLE_EVENT_IRQHandler
                0x001076d8                BLE_CRYPT_IRQHandler
                0x001076d8                BLE_FINETGTIM_IRQHandler
 .text.llm_wlpub_addr_set
                0x001077d0       0x2c C:/Users/xeeen/ON_Semiconductor/PACK/ONSemiconductor/RSL10/3.7.606/lib/ble_core/Release/libblelib.a(llm.o)
 .text.llm_wlpriv_addr_set
                0x001077fc       0x2c C:/Users/xeeen/ON_Semiconductor/PACK/ONSemiconductor/RSL10/3.7.606/lib/ble_core/Release/libblelib.a(llm.o)
 .text.llm_con_req_ind
                0x00107828      0x1fc C:/Users/xeeen/ON_Semiconductor/PACK/ONSemiconductor/RSL10/3.7.606/lib/ble_core/Release/libblelib.a(llm.o)
                0x00107828                llm_con_req_ind
 .text.llm_le_adv_report_ind
                0x00107a24      0x2e0 C:/Users/xeeen/ON_Semiconductor/PACK/ONSemiconductor/RSL10/3.7.606/lib/ble_core/Release/libblelib.a(llm.o)
                0x00107a24                llm_le_adv_report_ind
 .text.llm_con_req_tx_cfm
                0x00107d04      0x144 C:/Users/xeeen/ON_Semiconductor/PACK/ONSemiconductor/RSL10/3.7.606/lib/ble_core/Release/libblelib.a(llm.o)
                0x00107d04                llm_con_req_tx_cfm
 .text.llm_common_cmd_complete_send
                0x00107e48       0x1c C:/Users/xeeen/ON_Semiconductor/PACK/ONSemiconductor/RSL10/3.7.606/lib/ble_core/Release/libblelib.a(llm.o)
                0x00107e48                llm_common_cmd_complete_send
 .text.llm_ble_ready
                0x00107e64        0x8 C:/Users/xeeen/ON_Semiconductor/PACK/ONSemiconductor/RSL10/3.7.606/lib/ble_core/Release/libblelib.a(llm.o)
                0x00107e64                llm_ble_ready
 .text.llm_common_cmd_status_send
                0x00107e6c       0x1c C:/Users/xeeen/ON_Semiconductor/PACK/ONSemiconductor/RSL10/3.7.606/lib/ble_core/Release/libblelib.a(llm.o)
                0x00107e6c                llm_common_cmd_status_send
 .text.llm_test_mode_start_tx
                0x00107e88      0x260 C:/Users/xeeen/ON_Semiconductor/PACK/ONSemiconductor/RSL10/3.7.606/lib/ble_core/Release/libblelib.a(llm.o)
                0x00107e88                llm_test_mode_start_tx
 .text.llm_test_mode_start_rx
                0x001080e8       0xc8 C:/Users/xeeen/ON_Semiconductor/PACK/ONSemiconductor/RSL10/3.7.606/lib/ble_core/Release/libblelib.a(llm.o)
                0x001080e8                llm_test_mode_start_rx
 .text.llm_set_adv_param
                0x001081b0      0x144 C:/Users/xeeen/ON_Semiconductor/PACK/ONSemiconductor/RSL10/3.7.606/lib/ble_core/Release/libblelib.a(llm.o)
                0x001081b0                llm_set_adv_param
 .text.llm_set_adv_data
                0x001082f4       0x84 C:/Users/xeeen/ON_Semiconductor/PACK/ONSemiconductor/RSL10/3.7.606/lib/ble_core/Release/libblelib.a(llm.o)
                0x001082f4                llm_set_adv_data
 .text.llm_set_scan_rsp_data
                0x00108378       0x84 C:/Users/xeeen/ON_Semiconductor/PACK/ONSemiconductor/RSL10/3.7.606/lib/ble_core/Release/libblelib.a(llm.o)
                0x00108378                llm_set_scan_rsp_data
 .text.llm_set_scan_param
                0x001083fc       0x74 C:/Users/xeeen/ON_Semiconductor/PACK/ONSemiconductor/RSL10/3.7.606/lib/ble_core/Release/libblelib.a(llm.o)
                0x001083fc                llm_set_scan_param
 .text.llm_wl_clr
                0x00108470       0x58 C:/Users/xeeen/ON_Semiconductor/PACK/ONSemiconductor/RSL10/3.7.606/lib/ble_core/Release/libblelib.a(llm.o)
                0x00108470                llm_wl_clr
 .text.llm_wl_dev_add
                0x001084c8       0x38 C:/Users/xeeen/ON_Semiconductor/PACK/ONSemiconductor/RSL10/3.7.606/lib/ble_core/Release/libblelib.a(llm.o)
                0x001084c8                llm_wl_dev_add
 .text.llm_wl_dev_rem
                0x00108500       0x34 C:/Users/xeeen/ON_Semiconductor/PACK/ONSemiconductor/RSL10/3.7.606/lib/ble_core/Release/libblelib.a(llm.o)
                0x00108500                llm_wl_dev_rem
 .text.llm_wl_dev_add_hdl
                0x00108534       0x7c C:/Users/xeeen/ON_Semiconductor/PACK/ONSemiconductor/RSL10/3.7.606/lib/ble_core/Release/libblelib.a(llm.o)
                0x00108534                llm_wl_dev_add_hdl
 .text.llm_wl_dev_rem_hdl
                0x001085b0       0x78 C:/Users/xeeen/ON_Semiconductor/PACK/ONSemiconductor/RSL10/3.7.606/lib/ble_core/Release/libblelib.a(llm.o)
                0x001085b0                llm_wl_dev_rem_hdl
 .text.llm_encryption_start
                0x00108628       0x60 C:/Users/xeeen/ON_Semiconductor/PACK/ONSemiconductor/RSL10/3.7.606/lib/ble_core/Release/libblelib.a(llm.o)
                0x00108628                llm_encryption_start
 .text.llm_encryption_done
                0x00108688       0xe4 C:/Users/xeeen/ON_Semiconductor/PACK/ONSemiconductor/RSL10/3.7.606/lib/ble_core/Release/libblelib.a(llm.o)
                0x00108688                llm_encryption_done
 .text.llm_ral_clear
                0x0010876c       0x1c C:/Users/xeeen/ON_Semiconductor/PACK/ONSemiconductor/RSL10/3.7.606/lib/ble_core/Release/libblelib.a(llm.o)
                0x0010876c                llm_ral_clear
 .text.llm_init
                0x00108788      0x1e0 C:/Users/xeeen/ON_Semiconductor/PACK/ONSemiconductor/RSL10/3.7.606/lib/ble_core/Release/libblelib.a(llm.o)
                0x00108788                llm_init
 .text.llm_ral_dev_add
                0x00108968      0x14c C:/Users/xeeen/ON_Semiconductor/PACK/ONSemiconductor/RSL10/3.7.606/lib/ble_core/Release/libblelib.a(llm.o)
                0x00108968                llm_ral_dev_add
 .text.llm_ral_dev_rm
                0x00108ab4       0x3c C:/Users/xeeen/ON_Semiconductor/PACK/ONSemiconductor/RSL10/3.7.606/lib/ble_core/Release/libblelib.a(llm.o)
                0x00108ab4                llm_ral_dev_rm
 .text.llm_ral_get_rpa
                0x00108af0       0x70 C:/Users/xeeen/ON_Semiconductor/PACK/ONSemiconductor/RSL10/3.7.606/lib/ble_core/Release/libblelib.a(llm.o)
                0x00108af0                llm_ral_get_rpa
 .text.llm_ral_set_timeout
                0x00108b60       0x48 C:/Users/xeeen/ON_Semiconductor/PACK/ONSemiconductor/RSL10/3.7.606/lib/ble_core/Release/libblelib.a(llm.o)
                0x00108b60                llm_ral_set_timeout
 .text.llm_ral_update
                0x00108ba8       0x34 C:/Users/xeeen/ON_Semiconductor/PACK/ONSemiconductor/RSL10/3.7.606/lib/ble_core/Release/libblelib.a(llm.o)
                0x00108ba8                llm_ral_update
 .text.llm_set_adv_en
                0x00108bdc      0x124 C:/Users/xeeen/ON_Semiconductor/PACK/ONSemiconductor/RSL10/3.7.606/lib/ble_core/Release/libblelib.a(llm.o)
                0x00108bdc                llm_set_adv_en
 .text.llm_set_scan_en
                0x00108d00       0xb4 C:/Users/xeeen/ON_Semiconductor/PACK/ONSemiconductor/RSL10/3.7.606/lib/ble_core/Release/libblelib.a(llm.o)
                0x00108d00                llm_set_scan_en
 .text.llm_create_con
                0x00108db4      0x138 C:/Users/xeeen/ON_Semiconductor/PACK/ONSemiconductor/RSL10/3.7.606/lib/ble_core/Release/libblelib.a(llm.o)
                0x00108db4                llm_create_con
 .text.llm_dft_handler
                0x00108eec        0x4 C:/Users/xeeen/ON_Semiconductor/PACK/ONSemiconductor/RSL10/3.7.606/lib/ble_core/Release/libblelib.a(llm_task.o)
 .text.llm_le_set_host_ch_class_cmd_sto_handler
                0x00108ef0       0x10 C:/Users/xeeen/ON_Semiconductor/PACK/ONSemiconductor/RSL10/3.7.606/lib/ble_core/Release/libblelib.a(llm_task.o)
 .text.llm_ecc_result_ind_handler
                0x00108f00       0xa0 C:/Users/xeeen/ON_Semiconductor/PACK/ONSemiconductor/RSL10/3.7.606/lib/ble_core/Release/libblelib.a(llm_task.o)
 .text.llm_le_enh_priv_addr_renew_timer_handler
                0x00108fa0       0x4c C:/Users/xeeen/ON_Semiconductor/PACK/ONSemiconductor/RSL10/3.7.606/lib/ble_core/Release/libblelib.a(llm_task.o)
 .text.llm_enc_req_handler
                0x00108fec       0x30 C:/Users/xeeen/ON_Semiconductor/PACK/ONSemiconductor/RSL10/3.7.606/lib/ble_core/Release/libblelib.a(llm_task.o)
 .text.lld_stop_ind_handler
                0x0010901c       0x5c C:/Users/xeeen/ON_Semiconductor/PACK/ONSemiconductor/RSL10/3.7.606/lib/ble_core/Release/libblelib.a(llm_task.o)
 .text.llm_util_bd_addr_wl_position
                0x00109078       0x74 C:/Users/xeeen/ON_Semiconductor/PACK/ONSemiconductor/RSL10/3.7.606/lib/ble_core/Release/libblelib.a(llm_util.o)
                0x00109078                llm_util_bd_addr_wl_position
 .text.llm_util_check_address_validity
                0x001090ec       0x18 C:/Users/xeeen/ON_Semiconductor/PACK/ONSemiconductor/RSL10/3.7.606/lib/ble_core/Release/libblelib.a(llm_util.o)
                0x001090ec                llm_util_check_address_validity
 .text.llm_util_check_map_validity
                0x00109104       0x48 C:/Users/xeeen/ON_Semiconductor/PACK/ONSemiconductor/RSL10/3.7.606/lib/ble_core/Release/libblelib.a(llm_util.o)
                0x00109104                llm_util_check_map_validity
 .text.llm_util_apply_bd_addr
                0x0010914c       0x1c C:/Users/xeeen/ON_Semiconductor/PACK/ONSemiconductor/RSL10/3.7.606/lib/ble_core/Release/libblelib.a(llm_util.o)
                0x0010914c                llm_util_apply_bd_addr
 .text.llm_util_check_evt_mask
                0x00109168       0x1c C:/Users/xeeen/ON_Semiconductor/PACK/ONSemiconductor/RSL10/3.7.606/lib/ble_core/Release/libblelib.a(llm_util.o)
                0x00109168                llm_util_check_evt_mask
 .text.llm_util_get_channel_map
                0x00109184       0x10 C:/Users/xeeen/ON_Semiconductor/PACK/ONSemiconductor/RSL10/3.7.606/lib/ble_core/Release/libblelib.a(llm_util.o)
                0x00109184                llm_util_get_channel_map
 .text.llm_util_get_supp_features
                0x00109194       0x10 C:/Users/xeeen/ON_Semiconductor/PACK/ONSemiconductor/RSL10/3.7.606/lib/ble_core/Release/libblelib.a(llm_util.o)
                0x00109194                llm_util_get_supp_features
 .text.llm_util_adv_data_update
                0x001091a4       0x40 C:/Users/xeeen/ON_Semiconductor/PACK/ONSemiconductor/RSL10/3.7.606/lib/ble_core/Release/libblelib.a(llm_util.o)
                0x001091a4                llm_util_adv_data_update
 .text.llm_util_bl_check
                0x001091e4       0x68 C:/Users/xeeen/ON_Semiconductor/PACK/ONSemiconductor/RSL10/3.7.606/lib/ble_core/Release/libblelib.a(llm_util.o)
                0x001091e4                llm_util_bl_check
 .text.llm_util_bd_addr_in_wl
                0x0010924c       0x4e C:/Users/xeeen/ON_Semiconductor/PACK/ONSemiconductor/RSL10/3.7.606/lib/ble_core/Release/libblelib.a(llm_util.o)
                0x0010924c                llm_util_bd_addr_in_wl
 *fill*         0x0010929a        0x2 
 .text.llm_util_get_default_phy
                0x0010929c       0x2c C:/Users/xeeen/ON_Semiconductor/PACK/ONSemiconductor/RSL10/3.7.606/lib/ble_core/Release/libblelib.a(llm_util.o)
                0x0010929c                llm_util_get_default_phy
 .text.llm_util_bd_addr_in_ral
                0x001092c8       0x74 C:/Users/xeeen/ON_Semiconductor/PACK/ONSemiconductor/RSL10/3.7.606/lib/ble_core/Release/libblelib.a(llm_util.o)
                0x001092c8                llm_util_bd_addr_in_ral
 .text.llm_util_bl_add
                0x0010933c       0x8c C:/Users/xeeen/ON_Semiconductor/PACK/ONSemiconductor/RSL10/3.7.606/lib/ble_core/Release/libblelib.a(llm_util.o)
                0x0010933c                llm_util_bl_add
 .text.llm_util_bl_rem
                0x001093c8       0x6c C:/Users/xeeen/ON_Semiconductor/PACK/ONSemiconductor/RSL10/3.7.606/lib/ble_core/Release/libblelib.a(llm_util.o)
                0x001093c8                llm_util_bl_rem
 .text.llm_end_evt_defer
                0x00109434       0xbc C:/Users/xeeen/ON_Semiconductor/PACK/ONSemiconductor/RSL10/3.7.606/lib/ble_core/Release/libblelib.a(llm_util.o)
                0x00109434                llm_end_evt_defer
 .text.llm_pdu_defer
                0x001094f0       0x7c C:/Users/xeeen/ON_Semiconductor/PACK/ONSemiconductor/RSL10/3.7.606/lib/ble_core/Release/libblelib.a(llm_util.o)
                0x001094f0                llm_pdu_defer
 .text.lld_init
                0x0010956c      0x210 C:/Users/xeeen/ON_Semiconductor/PACK/ONSemiconductor/RSL10/3.7.606/lib/ble_core/Release/libblelib.a(lld.o)
                0x0010956c                lld_init
 .text.lld_core_reset
                0x0010977c       0x64 C:/Users/xeeen/ON_Semiconductor/PACK/ONSemiconductor/RSL10/3.7.606/lib/ble_core/Release/libblelib.a(lld.o)
                0x0010977c                lld_core_reset
 .text.lld_adv_start
                0x001097e0      0x22c C:/Users/xeeen/ON_Semiconductor/PACK/ONSemiconductor/RSL10/3.7.606/lib/ble_core/Release/libblelib.a(lld.o)
                0x001097e0                lld_adv_start
 .text.lld_adv_stop
                0x00109a0c       0x30 C:/Users/xeeen/ON_Semiconductor/PACK/ONSemiconductor/RSL10/3.7.606/lib/ble_core/Release/libblelib.a(lld.o)
                0x00109a0c                lld_adv_stop
 .text.lld_scan_start
                0x00109a3c      0x1c8 C:/Users/xeeen/ON_Semiconductor/PACK/ONSemiconductor/RSL10/3.7.606/lib/ble_core/Release/libblelib.a(lld.o)
                0x00109a3c                lld_scan_start
 .text.lld_scan_stop
                0x00109c04       0x30 C:/Users/xeeen/ON_Semiconductor/PACK/ONSemiconductor/RSL10/3.7.606/lib/ble_core/Release/libblelib.a(lld.o)
                0x00109c04                lld_scan_stop
 .text.lld_con_start
                0x00109c34      0x64c C:/Users/xeeen/ON_Semiconductor/PACK/ONSemiconductor/RSL10/3.7.606/lib/ble_core/Release/libblelib.a(lld.o)
                0x00109c34                lld_con_start
 .text.lld_move_to_master
                0x0010a280       0xc8 C:/Users/xeeen/ON_Semiconductor/PACK/ONSemiconductor/RSL10/3.7.606/lib/ble_core/Release/libblelib.a(lld.o)
                0x0010a280                lld_move_to_master
 .text.lld_con_update_req
                0x0010a348       0x5a C:/Users/xeeen/ON_Semiconductor/PACK/ONSemiconductor/RSL10/3.7.606/lib/ble_core/Release/libblelib.a(lld.o)
                0x0010a348                lld_con_update_req
 *fill*         0x0010a3a2        0x2 
 .text.lld_con_update_after_param_req
                0x0010a3a4      0x230 C:/Users/xeeen/ON_Semiconductor/PACK/ONSemiconductor/RSL10/3.7.606/lib/ble_core/Release/libblelib.a(lld.o)
                0x0010a3a4                lld_con_update_after_param_req
 .text.lld_con_param_rsp
                0x0010a5d4      0x110 C:/Users/xeeen/ON_Semiconductor/PACK/ONSemiconductor/RSL10/3.7.606/lib/ble_core/Release/libblelib.a(lld.o)
                0x0010a5d4                lld_con_param_rsp
 .text.lld_con_param_req
                0x0010a6e4       0xca C:/Users/xeeen/ON_Semiconductor/PACK/ONSemiconductor/RSL10/3.7.606/lib/ble_core/Release/libblelib.a(lld.o)
                0x0010a6e4                lld_con_param_req
 .text.lld_con_stop
                0x0010a7ae        0x8 C:/Users/xeeen/ON_Semiconductor/PACK/ONSemiconductor/RSL10/3.7.606/lib/ble_core/Release/libblelib.a(lld.o)
                0x0010a7ae                lld_con_stop
 *fill*         0x0010a7b6        0x2 
 .text.lld_get_mode
                0x0010a7b8       0x28 C:/Users/xeeen/ON_Semiconductor/PACK/ONSemiconductor/RSL10/3.7.606/lib/ble_core/Release/libblelib.a(lld.o)
                0x0010a7b8                lld_get_mode
 .text.lld_move_to_slave
                0x0010a7e0      0x1a0 C:/Users/xeeen/ON_Semiconductor/PACK/ONSemiconductor/RSL10/3.7.606/lib/ble_core/Release/libblelib.a(lld.o)
                0x0010a7e0                lld_move_to_slave
 .text.lld_ch_map_ind
                0x0010a980       0x46 C:/Users/xeeen/ON_Semiconductor/PACK/ONSemiconductor/RSL10/3.7.606/lib/ble_core/Release/libblelib.a(lld.o)
                0x0010a980                lld_ch_map_ind
 .text.lld_con_update_ind
                0x0010a9c6        0xa C:/Users/xeeen/ON_Semiconductor/PACK/ONSemiconductor/RSL10/3.7.606/lib/ble_core/Release/libblelib.a(lld.o)
                0x0010a9c6                lld_con_update_ind
 .text.lld_crypt_isr
                0x0010a9d0        0x6 C:/Users/xeeen/ON_Semiconductor/PACK/ONSemiconductor/RSL10/3.7.606/lib/ble_core/Release/libblelib.a(lld.o)
                0x0010a9d0                lld_crypt_isr
 *fill*         0x0010a9d6        0x2 
 .text.lld_test_mode_tx
                0x0010a9d8      0x100 C:/Users/xeeen/ON_Semiconductor/PACK/ONSemiconductor/RSL10/3.7.606/lib/ble_core/Release/libblelib.a(lld.o)
                0x0010a9d8                lld_test_mode_tx
 .text.lld_test_mode_rx
                0x0010aad8      0x100 C:/Users/xeeen/ON_Semiconductor/PACK/ONSemiconductor/RSL10/3.7.606/lib/ble_core/Release/libblelib.a(lld.o)
                0x0010aad8                lld_test_mode_rx
 .text.lld_test_stop
                0x0010abd8       0x94 C:/Users/xeeen/ON_Semiconductor/PACK/ONSemiconductor/RSL10/3.7.606/lib/ble_core/Release/libblelib.a(lld.o)
                0x0010abd8                lld_test_stop
 .text.lld_ral_renew_req
                0x0010ac6c       0x1c C:/Users/xeeen/ON_Semiconductor/PACK/ONSemiconductor/RSL10/3.7.606/lib/ble_core/Release/libblelib.a(lld.o)
                0x0010ac6c                lld_ral_renew_req
 .text.lld_evt_winsize_change
                0x0010ac88       0xbc C:/Users/xeeen/ON_Semiconductor/PACK/ONSemiconductor/RSL10/3.7.606/lib/ble_core/Release/libblelib.a(lld_evt.o)
 .text.lld_evt_slave_time_compute
                0x0010ad44       0xe8 C:/Users/xeeen/ON_Semiconductor/PACK/ONSemiconductor/RSL10/3.7.606/lib/ble_core/Release/libblelib.a(lld_evt.o)
 .text.lld_evt_prevent_stop
                0x0010ae2c        0x2 C:/Users/xeeen/ON_Semiconductor/PACK/ONSemiconductor/RSL10/3.7.606/lib/ble_core/Release/libblelib.a(lld_evt.o)
                0x0010ae2c                lld_evt_prevent_stop
 *fill*         0x0010ae2e        0x2 
 .text.lld_evt_elt_wait_insert
                0x0010ae30       0x20 C:/Users/xeeen/ON_Semiconductor/PACK/ONSemiconductor/RSL10/3.7.606/lib/ble_core/Release/libblelib.a(lld_evt.o)
 .text.lld_evt_deferred_elt_push
                0x0010ae50       0x34 C:/Users/xeeen/ON_Semiconductor/PACK/ONSemiconductor/RSL10/3.7.606/lib/ble_core/Release/libblelib.a(lld_evt.o)
 .text.lld_evt_deferred_elt_pop
                0x0010ae84       0x38 C:/Users/xeeen/ON_Semiconductor/PACK/ONSemiconductor/RSL10/3.7.606/lib/ble_core/Release/libblelib.a(lld_evt.o)
 .text.lld_evt_get_next_free_slot
                0x0010aebc       0x3c C:/Users/xeeen/ON_Semiconductor/PACK/ONSemiconductor/RSL10/3.7.606/lib/ble_core/Release/libblelib.a(lld_evt.o)
 .text.lld_evt_elt_wait_get
                0x0010aef8       0x34 C:/Users/xeeen/ON_Semiconductor/PACK/ONSemiconductor/RSL10/3.7.606/lib/ble_core/Release/libblelib.a(lld_evt.o)
 .text.lld_evt_schedule
                0x0010af2c      0x14c C:/Users/xeeen/ON_Semiconductor/PACK/ONSemiconductor/RSL10/3.7.606/lib/ble_core/Release/libblelib.a(lld_evt.o)
                0x0010af2c                lld_evt_schedule
 .text.lld_evt_delete_elt_push
                0x0010b078       0x4c C:/Users/xeeen/ON_Semiconductor/PACK/ONSemiconductor/RSL10/3.7.606/lib/ble_core/Release/libblelib.a(lld_evt.o)
                0x0010b078                lld_evt_delete_elt_push
 .text.lld_evt_deffered_elt_handler
                0x0010b0c4       0xb4 C:/Users/xeeen/ON_Semiconductor/PACK/ONSemiconductor/RSL10/3.7.606/lib/ble_core/Release/libblelib.a(lld_evt.o)
                0x0010b0c4                lld_evt_deffered_elt_handler
 .text.lld_evt_channel_next
                0x0010b178       0x3c C:/Users/xeeen/ON_Semiconductor/PACK/ONSemiconductor/RSL10/3.7.606/lib/ble_core/Release/libblelib.a(lld_evt.o)
                0x0010b178                lld_evt_channel_next
 .text.lld_evt_init
                0x0010b1b4      0x12c C:/Users/xeeen/ON_Semiconductor/PACK/ONSemiconductor/RSL10/3.7.606/lib/ble_core/Release/libblelib.a(lld_evt.o)
                0x0010b1b4                lld_evt_init
 .text.lld_evt_init_evt
                0x0010b2e0       0x5c C:/Users/xeeen/ON_Semiconductor/PACK/ONSemiconductor/RSL10/3.7.606/lib/ble_core/Release/libblelib.a(lld_evt.o)
                0x0010b2e0                lld_evt_init_evt
 .text.lld_evt_elt_delete
                0x0010b33c      0x12c C:/Users/xeeen/ON_Semiconductor/PACK/ONSemiconductor/RSL10/3.7.606/lib/ble_core/Release/libblelib.a(lld_evt.o)
                0x0010b33c                lld_evt_elt_delete
 .text.lld_evt_delete_elt_handler
                0x0010b468       0xd8 C:/Users/xeeen/ON_Semiconductor/PACK/ONSemiconductor/RSL10/3.7.606/lib/ble_core/Release/libblelib.a(lld_evt.o)
 .text.lld_evt_drift_compute
                0x0010b540       0x38 C:/Users/xeeen/ON_Semiconductor/PACK/ONSemiconductor/RSL10/3.7.606/lib/ble_core/Release/libblelib.a(lld_evt.o)
                0x0010b540                lld_evt_drift_compute
 .text.lld_evt_rxwin_compute
                0x0010b578       0x4c C:/Users/xeeen/ON_Semiconductor/PACK/ONSemiconductor/RSL10/3.7.606/lib/ble_core/Release/libblelib.a(lld_evt.o)
 .text.lld_evt_restart
                0x0010b5c4      0x844 C:/Users/xeeen/ON_Semiconductor/PACK/ONSemiconductor/RSL10/3.7.606/lib/ble_core/Release/libblelib.a(lld_evt.o)
                0x0010b5c4                lld_evt_restart
 .text.lld_evt_elt_insert
                0x0010be08       0x88 C:/Users/xeeen/ON_Semiconductor/PACK/ONSemiconductor/RSL10/3.7.606/lib/ble_core/Release/libblelib.a(lld_evt.o)
                0x0010be08                lld_evt_elt_insert
 .text.lld_evt_canceled
                0x0010be90       0x58 C:/Users/xeeen/ON_Semiconductor/PACK/ONSemiconductor/RSL10/3.7.606/lib/ble_core/Release/libblelib.a(lld_evt.o)
                0x0010be90                lld_evt_canceled
 .text.lld_evt_schedule_next
                0x0010bee8      0x1ac C:/Users/xeeen/ON_Semiconductor/PACK/ONSemiconductor/RSL10/3.7.606/lib/ble_core/Release/libblelib.a(lld_evt.o)
                0x0010bee8                lld_evt_schedule_next
 .text.lld_evt_scan_create
                0x0010c094       0x88 C:/Users/xeeen/ON_Semiconductor/PACK/ONSemiconductor/RSL10/3.7.606/lib/ble_core/Release/libblelib.a(lld_evt.o)
                0x0010c094                lld_evt_scan_create
 .text.lld_evt_move_to_master
                0x0010c11c      0x170 C:/Users/xeeen/ON_Semiconductor/PACK/ONSemiconductor/RSL10/3.7.606/lib/ble_core/Release/libblelib.a(lld_evt.o)
                0x0010c11c                lld_evt_move_to_master
 .text.lld_evt_update_create
                0x0010c28c      0x12e C:/Users/xeeen/ON_Semiconductor/PACK/ONSemiconductor/RSL10/3.7.606/lib/ble_core/Release/libblelib.a(lld_evt.o)
                0x0010c28c                lld_evt_update_create
 *fill*         0x0010c3ba        0x2 
 .text.lld_evt_move_to_slave
                0x0010c3bc      0x348 C:/Users/xeeen/ON_Semiconductor/PACK/ONSemiconductor/RSL10/3.7.606/lib/ble_core/Release/libblelib.a(lld_evt.o)
                0x0010c3bc                lld_evt_move_to_slave
 .text.lld_evt_slave_update
                0x0010c704      0x158 C:/Users/xeeen/ON_Semiconductor/PACK/ONSemiconductor/RSL10/3.7.606/lib/ble_core/Release/libblelib.a(lld_evt.o)
                0x0010c704                lld_evt_slave_update
 .text.lld_evt_adv_create
                0x0010c85c       0x84 C:/Users/xeeen/ON_Semiconductor/PACK/ONSemiconductor/RSL10/3.7.606/lib/ble_core/Release/libblelib.a(lld_evt.o)
                0x0010c85c                lld_evt_adv_create
 .text.lld_evt_end
                0x0010c8e0      0x280 C:/Users/xeeen/ON_Semiconductor/PACK/ONSemiconductor/RSL10/3.7.606/lib/ble_core/Release/libblelib.a(lld_evt.o)
                0x0010c8e0                lld_evt_end
 .text.lld_evt_rx
                0x0010cb60       0x5c C:/Users/xeeen/ON_Semiconductor/PACK/ONSemiconductor/RSL10/3.7.606/lib/ble_core/Release/libblelib.a(lld_evt.o)
                0x0010cb60                lld_evt_rx
 .text.lld_evt_end_isr
                0x0010cbbc       0x4c C:/Users/xeeen/ON_Semiconductor/PACK/ONSemiconductor/RSL10/3.7.606/lib/ble_core/Release/libblelib.a(lld_evt.o)
                0x0010cbbc                lld_evt_end_isr
 .text.lld_evt_rx_isr
                0x0010cc08       0x10 C:/Users/xeeen/ON_Semiconductor/PACK/ONSemiconductor/RSL10/3.7.606/lib/ble_core/Release/libblelib.a(lld_evt.o)
                0x0010cc08                lld_evt_rx_isr
 .text.lld_evt_set_power_save
                0x0010cc18       0x10 C:/Users/xeeen/ON_Semiconductor/PACK/ONSemiconductor/RSL10/3.7.606/lib/ble_core/Release/libblelib.a(lld_evt.o)
                0x0010cc18                lld_evt_set_power_save
 .text.lld_pdu_llcp_con_param_req_unpk
                0x0010cc28       0xcc C:/Users/xeeen/ON_Semiconductor/PACK/ONSemiconductor/RSL10/3.7.606/lib/ble_core/Release/libblelib.a(lld_pdu.o)
 .text.lld_pdu_llcp_con_param_rsp_unpk
                0x0010ccf4       0xcc C:/Users/xeeen/ON_Semiconductor/PACK/ONSemiconductor/RSL10/3.7.606/lib/ble_core/Release/libblelib.a(lld_pdu.o)
 .text.lld_pdu_llcp_length_req_unpk
                0x0010cdc0       0x3e C:/Users/xeeen/ON_Semiconductor/PACK/ONSemiconductor/RSL10/3.7.606/lib/ble_core/Release/libblelib.a(lld_pdu.o)
 .text.lld_pdu_llcp_length_rsp_unpk
                0x0010cdfe       0x3e C:/Users/xeeen/ON_Semiconductor/PACK/ONSemiconductor/RSL10/3.7.606/lib/ble_core/Release/libblelib.a(lld_pdu.o)
 .text.lld_pdu_llcp_phy_upd_req_unpk
                0x0010ce3c       0x2e C:/Users/xeeen/ON_Semiconductor/PACK/ONSemiconductor/RSL10/3.7.606/lib/ble_core/Release/libblelib.a(lld_pdu.o)
 .text.lld_pdu_pack
                0x0010ce6a       0xba C:/Users/xeeen/ON_Semiconductor/PACK/ONSemiconductor/RSL10/3.7.606/lib/ble_core/Release/libblelib.a(lld_pdu.o)
 .text.lld_pdu_tx_flush_list
                0x0010cf24       0x98 C:/Users/xeeen/ON_Semiconductor/PACK/ONSemiconductor/RSL10/3.7.606/lib/ble_core/Release/libblelib.a(lld_pdu.o)
 .text.lld_pdu_cntl_aligned_unpk
                0x0010cfbc       0x16 C:/Users/xeeen/ON_Semiconductor/PACK/ONSemiconductor/RSL10/3.7.606/lib/ble_core/Release/libblelib.a(lld_pdu.o)
 *fill*         0x0010cfd2        0x2 
 .text.lld_pdu_check
                0x0010cfd4      0x1f0 C:/Users/xeeen/ON_Semiconductor/PACK/ONSemiconductor/RSL10/3.7.606/lib/ble_core/Release/libblelib.a(lld_pdu.o)
                0x0010cfd4                lld_pdu_check
 .text.lld_pdu_tx_loop
                0x0010d1c4       0x38 C:/Users/xeeen/ON_Semiconductor/PACK/ONSemiconductor/RSL10/3.7.606/lib/ble_core/Release/libblelib.a(lld_pdu.o)
                0x0010d1c4                lld_pdu_tx_loop
 .text.lld_pdu_data_tx_push
                0x0010d1fc       0x78 C:/Users/xeeen/ON_Semiconductor/PACK/ONSemiconductor/RSL10/3.7.606/lib/ble_core/Release/libblelib.a(lld_pdu.o)
                0x0010d1fc                lld_pdu_data_tx_push
 .text.lld_pdu_data_send
                0x0010d274       0x58 C:/Users/xeeen/ON_Semiconductor/PACK/ONSemiconductor/RSL10/3.7.606/lib/ble_core/Release/libblelib.a(lld_pdu.o)
                0x0010d274                lld_pdu_data_send
 .text.lld_pdu_tx_push
                0x0010d2cc       0x48 C:/Users/xeeen/ON_Semiconductor/PACK/ONSemiconductor/RSL10/3.7.606/lib/ble_core/Release/libblelib.a(lld_pdu.o)
                0x0010d2cc                lld_pdu_tx_push
 .text.lld_pdu_tx_prog
                0x0010d314      0x42c C:/Users/xeeen/ON_Semiconductor/PACK/ONSemiconductor/RSL10/3.7.606/lib/ble_core/Release/libblelib.a(lld_pdu.o)
                0x0010d314                lld_pdu_tx_prog
 .text.lld_pdu_tx_flush
                0x0010d740       0x7c C:/Users/xeeen/ON_Semiconductor/PACK/ONSemiconductor/RSL10/3.7.606/lib/ble_core/Release/libblelib.a(lld_pdu.o)
                0x0010d740                lld_pdu_tx_flush
 .text.lld_pdu_adv_pack
                0x0010d7bc       0x24 C:/Users/xeeen/ON_Semiconductor/PACK/ONSemiconductor/RSL10/3.7.606/lib/ble_core/Release/libblelib.a(lld_pdu.o)
                0x0010d7bc                lld_pdu_adv_pack
 .text.lld_pdu_rx_handler
                0x0010d7e0      0x308 C:/Users/xeeen/ON_Semiconductor/PACK/ONSemiconductor/RSL10/3.7.606/lib/ble_core/Release/libblelib.a(lld_pdu.o)
                0x0010d7e0                lld_pdu_rx_handler
 .text.lld_sleep_init
                0x0010dae8       0x44 C:/Users/xeeen/ON_Semiconductor/PACK/ONSemiconductor/RSL10/3.7.606/lib/ble_core/Release/libblelib.a(lld_sleep.o)
                0x0010dae8                lld_sleep_init
 .text.lld_sleep_wakeup
                0x0010db2c       0x78 C:/Users/xeeen/ON_Semiconductor/PACK/ONSemiconductor/RSL10/3.7.606/lib/ble_core/Release/libblelib.a(lld_sleep.o)
                0x0010db2c                lld_sleep_wakeup
 .text.lld_sleep_wakeup_end
                0x0010dba4       0x20 C:/Users/xeeen/ON_Semiconductor/PACK/ONSemiconductor/RSL10/3.7.606/lib/ble_core/Release/libblelib.a(lld_sleep.o)
                0x0010dba4                lld_sleep_wakeup_end
 .text.lld_util_instant_get
                0x0010dbc4       0x18 C:/Users/xeeen/ON_Semiconductor/PACK/ONSemiconductor/RSL10/3.7.606/lib/ble_core/Release/libblelib.a(lld_util.o)
                0x0010dbc4                lld_util_instant_get
 .text.lld_util_set_bd_address
                0x0010dbdc       0x30 C:/Users/xeeen/ON_Semiconductor/PACK/ONSemiconductor/RSL10/3.7.606/lib/ble_core/Release/libblelib.a(lld_util.o)
                0x0010dbdc                lld_util_set_bd_address
 .text.lld_util_ral_force_rpa_renew
                0x0010dc0c       0x44 C:/Users/xeeen/ON_Semiconductor/PACK/ONSemiconductor/RSL10/3.7.606/lib/ble_core/Release/libblelib.a(lld_util.o)
                0x0010dc0c                lld_util_ral_force_rpa_renew
 .text.lld_util_freq2chnl
                0x0010dc50       0x20 C:/Users/xeeen/ON_Semiconductor/PACK/ONSemiconductor/RSL10/3.7.606/lib/ble_core/Release/libblelib.a(lld_util.o)
                0x0010dc50                lld_util_freq2chnl
 .text.lld_util_get_local_offset
                0x0010dc70       0x16 C:/Users/xeeen/ON_Semiconductor/PACK/ONSemiconductor/RSL10/3.7.606/lib/ble_core/Release/libblelib.a(lld_util.o)
                0x0010dc70                lld_util_get_local_offset
 .text.lld_util_get_peer_offset
                0x0010dc86       0x18 C:/Users/xeeen/ON_Semiconductor/PACK/ONSemiconductor/RSL10/3.7.606/lib/ble_core/Release/libblelib.a(lld_util.o)
                0x0010dc86                lld_util_get_peer_offset
 .text.lld_util_connection_param_set
                0x0010dc9e       0x44 C:/Users/xeeen/ON_Semiconductor/PACK/ONSemiconductor/RSL10/3.7.606/lib/ble_core/Release/libblelib.a(lld_util.o)
                0x0010dc9e                lld_util_connection_param_set
 *fill*         0x0010dce2        0x2 
 .text.lld_util_dle_set_cs_fields
                0x0010dce4       0x18 C:/Users/xeeen/ON_Semiconductor/PACK/ONSemiconductor/RSL10/3.7.606/lib/ble_core/Release/libblelib.a(lld_util.o)
                0x0010dce4                lld_util_dle_set_cs_fields
 .text.lld_util_anchor_point_move
                0x0010dcfc       0xe0 C:/Users/xeeen/ON_Semiconductor/PACK/ONSemiconductor/RSL10/3.7.606/lib/ble_core/Release/libblelib.a(lld_util.o)
                0x0010dcfc                lld_util_anchor_point_move
 .text.lld_util_flush_list
                0x0010dddc       0x14 C:/Users/xeeen/ON_Semiconductor/PACK/ONSemiconductor/RSL10/3.7.606/lib/ble_core/Release/libblelib.a(lld_util.o)
                0x0010dddc                lld_util_flush_list
 .text.lld_util_instant_ongoing
                0x0010ddf0        0xc C:/Users/xeeen/ON_Semiconductor/PACK/ONSemiconductor/RSL10/3.7.606/lib/ble_core/Release/libblelib.a(lld_util.o)
                0x0010ddf0                lld_util_instant_ongoing
 .text.lld_util_compute_ce_max
                0x0010ddfc       0xac C:/Users/xeeen/ON_Semiconductor/PACK/ONSemiconductor/RSL10/3.7.606/lib/ble_core/Release/libblelib.a(lld_util.o)
                0x0010ddfc                lld_util_compute_ce_max
 .text.lld_util_priority_set
                0x0010dea8       0x48 C:/Users/xeeen/ON_Semiconductor/PACK/ONSemiconductor/RSL10/3.7.606/lib/ble_core/Release/libblelib.a(lld_util.o)
                0x0010dea8                lld_util_priority_set
 .text.lld_util_get_tx_pkt_cnt
                0x0010def0        0x6 C:/Users/xeeen/ON_Semiconductor/PACK/ONSemiconductor/RSL10/3.7.606/lib/ble_core/Release/libblelib.a(lld_util.o)
                0x0010def0                lld_util_get_tx_pkt_cnt
 *fill*         0x0010def6        0x2 
 .text.lld_util_get_phys
                0x0010def8       0x34 C:/Users/xeeen/ON_Semiconductor/PACK/ONSemiconductor/RSL10/3.7.606/lib/ble_core/Release/libblelib.a(lld_util.o)
                0x0010def8                lld_util_get_phys
 .text.lld_util_phy_update_ind
                0x0010df2c       0x74 C:/Users/xeeen/ON_Semiconductor/PACK/ONSemiconductor/RSL10/3.7.606/lib/ble_core/Release/libblelib.a(lld_util.o)
                0x0010df2c                lld_util_phy_update_ind
 .text.lld_util_phy_update_req
                0x0010dfa0       0x68 C:/Users/xeeen/ON_Semiconductor/PACK/ONSemiconductor/RSL10/3.7.606/lib/ble_core/Release/libblelib.a(lld_util.o)
                0x0010dfa0                lld_util_phy_update_req
 .text.lld_util_max_rx_size_and_time_set
                0x0010e008       0x44 C:/Users/xeeen/ON_Semiconductor/PACK/ONSemiconductor/RSL10/3.7.606/lib/ble_core/Release/libblelib.a(lld_util.o)
                0x0010e008                lld_util_max_rx_size_and_time_set
 .text.lld_util_pref_slave_latency_set
                0x0010e04c       0x58 C:/Users/xeeen/ON_Semiconductor/PACK/ONSemiconductor/RSL10/3.7.606/lib/ble_core/Release/libblelib.a(lld_util.o)
                0x0010e04c                lld_util_pref_slave_latency_set
 .text.lld_util_eff_tx_time_set
                0x0010e0a4        0xa C:/Users/xeeen/ON_Semiconductor/PACK/ONSemiconductor/RSL10/3.7.606/lib/ble_core/Release/libblelib.a(lld_util.o)
                0x0010e0a4                lld_util_eff_tx_time_set
 *fill*         0x0010e0ae        0x2 
 .text.lld_util_max_lat_compute
                0x0010e0b0       0x80 C:/Users/xeeen/ON_Semiconductor/PACK/ONSemiconductor/RSL10/3.7.606/lib/ble_core/Release/libblelib.a(lld_util.o)
                0x0010e0b0                lld_util_max_lat_compute
 .text.lld_wlcoex_set
                0x0010e130       0x1c C:/Users/xeeen/ON_Semiconductor/PACK/ONSemiconductor/RSL10/3.7.606/lib/ble_core/Release/libblelib.a(lld_wlcoex.o)
                0x0010e130                lld_wlcoex_set
 .text.llc_init
                0x0010e14c       0x38 C:/Users/xeeen/ON_Semiconductor/PACK/ONSemiconductor/RSL10/3.7.606/lib/ble_core/Release/libblelib.a(llc.o)
                0x0010e14c                llc_init
 .text.llc_stop
                0x0010e184       0x54 C:/Users/xeeen/ON_Semiconductor/PACK/ONSemiconductor/RSL10/3.7.606/lib/ble_core/Release/libblelib.a(llc.o)
                0x0010e184                llc_stop
 .text.llc_reset
                0x0010e1d8       0x26 C:/Users/xeeen/ON_Semiconductor/PACK/ONSemiconductor/RSL10/3.7.606/lib/ble_core/Release/libblelib.a(llc.o)
                0x0010e1d8                llc_reset
 .text.llc_discon_event_complete_send
                0x0010e1fe       0x24 C:/Users/xeeen/ON_Semiconductor/PACK/ONSemiconductor/RSL10/3.7.606/lib/ble_core/Release/libblelib.a(llc.o)
                0x0010e1fe                llc_discon_event_complete_send
 *fill*         0x0010e222        0x2 
 .text.llc_le_con_cmp_evt_send
                0x0010e224      0x248 C:/Users/xeeen/ON_Semiconductor/PACK/ONSemiconductor/RSL10/3.7.606/lib/ble_core/Release/libblelib.a(llc.o)
                0x0010e224                llc_le_con_cmp_evt_send
 .text.llc_start
                0x0010e46c      0x15c C:/Users/xeeen/ON_Semiconductor/PACK/ONSemiconductor/RSL10/3.7.606/lib/ble_core/Release/libblelib.a(llc.o)
                0x0010e46c                llc_start
 .text.llc_con_update_complete_send
                0x0010e5c8       0x60 C:/Users/xeeen/ON_Semiconductor/PACK/ONSemiconductor/RSL10/3.7.606/lib/ble_core/Release/libblelib.a(llc.o)
                0x0010e5c8                llc_con_update_complete_send
 .text.llc_ltk_req_send
                0x0010e628       0x34 C:/Users/xeeen/ON_Semiconductor/PACK/ONSemiconductor/RSL10/3.7.606/lib/ble_core/Release/libblelib.a(llc.o)
                0x0010e628                llc_ltk_req_send
 .text.llc_feats_rd_event_send
                0x0010e65c       0x38 C:/Users/xeeen/ON_Semiconductor/PACK/ONSemiconductor/RSL10/3.7.606/lib/ble_core/Release/libblelib.a(llc.o)
                0x0010e65c                llc_feats_rd_event_send
 .text.llc_version_rd_event_send
                0x0010e694       0x3c C:/Users/xeeen/ON_Semiconductor/PACK/ONSemiconductor/RSL10/3.7.606/lib/ble_core/Release/libblelib.a(llc.o)
                0x0010e694                llc_version_rd_event_send
 .text.llc_common_cmd_complete_send
                0x0010e6d0       0x20 C:/Users/xeeen/ON_Semiconductor/PACK/ONSemiconductor/RSL10/3.7.606/lib/ble_core/Release/libblelib.a(llc.o)
                0x0010e6d0                llc_common_cmd_complete_send
 .text.llc_common_cmd_status_send
                0x0010e6f0       0x1c C:/Users/xeeen/ON_Semiconductor/PACK/ONSemiconductor/RSL10/3.7.606/lib/ble_core/Release/libblelib.a(llc.o)
                0x0010e6f0                llc_common_cmd_status_send
 .text.llc_common_enc_key_ref_comp_evt_send
                0x0010e70c       0x20 C:/Users/xeeen/ON_Semiconductor/PACK/ONSemiconductor/RSL10/3.7.606/lib/ble_core/Release/libblelib.a(llc.o)
                0x0010e70c                llc_common_enc_key_ref_comp_evt_send
 .text.llc_common_enc_change_evt_send
                0x0010e72c       0x78 C:/Users/xeeen/ON_Semiconductor/PACK/ONSemiconductor/RSL10/3.7.606/lib/ble_core/Release/libblelib.a(llc.o)
                0x0010e72c                llc_common_enc_change_evt_send
 .text.llc_common_nb_of_pkt_comp_evt_send
                0x0010e7a4       0x24 C:/Users/xeeen/ON_Semiconductor/PACK/ONSemiconductor/RSL10/3.7.606/lib/ble_core/Release/libblelib.a(llc.o)
                0x0010e7a4                llc_common_nb_of_pkt_comp_evt_send
 .text.llc_con_update_ind
                0x0010e7c8       0x4c C:/Users/xeeen/ON_Semiconductor/PACK/ONSemiconductor/RSL10/3.7.606/lib/ble_core/Release/libblelib.a(llc.o)
                0x0010e7c8                llc_con_update_ind
 .text.llc_lsto_con_update
                0x0010e814       0x40 C:/Users/xeeen/ON_Semiconductor/PACK/ONSemiconductor/RSL10/3.7.606/lib/ble_core/Release/libblelib.a(llc.o)
                0x0010e814                llc_lsto_con_update
 .text.llc_map_update_ind
                0x0010e854       0x58 C:/Users/xeeen/ON_Semiconductor/PACK/ONSemiconductor/RSL10/3.7.606/lib/ble_core/Release/libblelib.a(llc.o)
                0x0010e854                llc_map_update_ind
 .text.llc_con_update_finished
                0x0010e8ac       0x84 C:/Users/xeeen/ON_Semiconductor/PACK/ONSemiconductor/RSL10/3.7.606/lib/ble_core/Release/libblelib.a(llc.o)
                0x0010e8ac                llc_con_update_finished
 .text.llc_map_update_finished
                0x0010e930       0x7c C:/Users/xeeen/ON_Semiconductor/PACK/ONSemiconductor/RSL10/3.7.606/lib/ble_core/Release/libblelib.a(llc.o)
                0x0010e930                llc_map_update_finished
 .text.llc_phy_update_complete_send
                0x0010e9ac       0x2e C:/Users/xeeen/ON_Semiconductor/PACK/ONSemiconductor/RSL10/3.7.606/lib/ble_core/Release/libblelib.a(llc.o)
                0x0010e9ac                llc_phy_update_complete_send
 *fill*         0x0010e9da        0x2 
 .text.llc_phy_update_finished
                0x0010e9dc       0xb8 C:/Users/xeeen/ON_Semiconductor/PACK/ONSemiconductor/RSL10/3.7.606/lib/ble_core/Release/libblelib.a(llc.o)
                0x0010e9dc                llc_phy_update_finished
 .text.llc_allocate_env
                0x0010ea94       0x34 C:/Users/xeeen/ON_Semiconductor/PACK/ONSemiconductor/RSL10/3.7.606/lib/ble_core/Release/libblelib.a(llc.o)
                0x0010ea94                llc_allocate_env
 .text.llc_end_procedure_with_instant
                0x0010eac8       0x78 C:/Users/xeeen/ON_Semiconductor/PACK/ONSemiconductor/RSL10/3.7.606/lib/ble_core/Release/libblelib.a(llc.o)
                0x0010eac8                llc_end_procedure_with_instant
 .text.llc_llcp_send
                0x0010eb40       0x80 C:/Users/xeeen/ON_Semiconductor/PACK/ONSemiconductor/RSL10/3.7.606/lib/ble_core/Release/libblelib.a(llc_llcp.o)
 .text.llcp_ping_rsp_handler
                0x0010ebc0       0x54 C:/Users/xeeen/ON_Semiconductor/PACK/ONSemiconductor/RSL10/3.7.606/lib/ble_core/Release/libblelib.a(llc_llcp.o)
 .text.llcp_enc_rsp_handler
                0x0010ec14       0xe0 C:/Users/xeeen/ON_Semiconductor/PACK/ONSemiconductor/RSL10/3.7.606/lib/ble_core/Release/libblelib.a(llc_llcp.o)
 .text.llcp_terminate_ind_handler
                0x0010ecf4       0x4c C:/Users/xeeen/ON_Semiconductor/PACK/ONSemiconductor/RSL10/3.7.606/lib/ble_core/Release/libblelib.a(llc_llcp.o)
 .text.llc_llcp_reject_ind
                0x0010ed40      0x23c C:/Users/xeeen/ON_Semiconductor/PACK/ONSemiconductor/RSL10/3.7.606/lib/ble_core/Release/libblelib.a(llc_llcp.o)
 .text.llcp_reject_ind_ext_handler
                0x0010ef7c       0x10 C:/Users/xeeen/ON_Semiconductor/PACK/ONSemiconductor/RSL10/3.7.606/lib/ble_core/Release/libblelib.a(llc_llcp.o)
 .text.llcp_reject_ind_handler
                0x0010ef8c       0x10 C:/Users/xeeen/ON_Semiconductor/PACK/ONSemiconductor/RSL10/3.7.606/lib/ble_core/Release/libblelib.a(llc_llcp.o)
 .text.llcp_pause_enc_req_handler
                0x0010ef9c       0xbc C:/Users/xeeen/ON_Semiconductor/PACK/ONSemiconductor/RSL10/3.7.606/lib/ble_core/Release/libblelib.a(llc_llcp.o)
 .text.llcp_start_enc_req_handler
                0x0010f058       0x68 C:/Users/xeeen/ON_Semiconductor/PACK/ONSemiconductor/RSL10/3.7.606/lib/ble_core/Release/libblelib.a(llc_llcp.o)
 .text.llcp_enc_req_handler
                0x0010f0c0       0xcc C:/Users/xeeen/ON_Semiconductor/PACK/ONSemiconductor/RSL10/3.7.606/lib/ble_core/Release/libblelib.a(llc_llcp.o)
 .text.llcp_unknown_rsp_handler
                0x0010f18c      0x23c C:/Users/xeeen/ON_Semiconductor/PACK/ONSemiconductor/RSL10/3.7.606/lib/ble_core/Release/libblelib.a(llc_llcp.o)
 .text.llc_llcp_version_ind_pdu_send
                0x0010f3c8       0x2a C:/Users/xeeen/ON_Semiconductor/PACK/ONSemiconductor/RSL10/3.7.606/lib/ble_core/Release/libblelib.a(llc_llcp.o)
                0x0010f3c8                llc_llcp_version_ind_pdu_send
 *fill*         0x0010f3f2        0x2 
 .text.llcp_vers_ind_handler
                0x0010f3f4       0x98 C:/Users/xeeen/ON_Semiconductor/PACK/ONSemiconductor/RSL10/3.7.606/lib/ble_core/Release/libblelib.a(llc_llcp.o)
 .text.llc_llcp_ch_map_update_pdu_send
                0x0010f48c       0x44 C:/Users/xeeen/ON_Semiconductor/PACK/ONSemiconductor/RSL10/3.7.606/lib/ble_core/Release/libblelib.a(llc_llcp.o)
                0x0010f48c                llc_llcp_ch_map_update_pdu_send
 .text.llc_llcp_pause_enc_req_pdu_send
                0x0010f4d0       0x30 C:/Users/xeeen/ON_Semiconductor/PACK/ONSemiconductor/RSL10/3.7.606/lib/ble_core/Release/libblelib.a(llc_llcp.o)
                0x0010f4d0                llc_llcp_pause_enc_req_pdu_send
 .text.llc_llcp_pause_enc_rsp_pdu_send
                0x0010f500       0x40 C:/Users/xeeen/ON_Semiconductor/PACK/ONSemiconductor/RSL10/3.7.606/lib/ble_core/Release/libblelib.a(llc_llcp.o)
                0x0010f500                llc_llcp_pause_enc_rsp_pdu_send
 .text.llcp_pause_enc_rsp_handler
                0x0010f540       0xd4 C:/Users/xeeen/ON_Semiconductor/PACK/ONSemiconductor/RSL10/3.7.606/lib/ble_core/Release/libblelib.a(llc_llcp.o)
 .text.llc_llcp_enc_req_pdu_send
                0x0010f614       0xcc C:/Users/xeeen/ON_Semiconductor/PACK/ONSemiconductor/RSL10/3.7.606/lib/ble_core/Release/libblelib.a(llc_llcp.o)
                0x0010f614                llc_llcp_enc_req_pdu_send
 .text.llc_llcp_enc_rsp_pdu_send
                0x0010f6e0       0x5c C:/Users/xeeen/ON_Semiconductor/PACK/ONSemiconductor/RSL10/3.7.606/lib/ble_core/Release/libblelib.a(llc_llcp.o)
                0x0010f6e0                llc_llcp_enc_rsp_pdu_send
 .text.llc_llcp_start_enc_rsp_pdu_send
                0x0010f73c       0x16 C:/Users/xeeen/ON_Semiconductor/PACK/ONSemiconductor/RSL10/3.7.606/lib/ble_core/Release/libblelib.a(llc_llcp.o)
                0x0010f73c                llc_llcp_start_enc_rsp_pdu_send